Archive member included to satisfy reference by file (symbol)

c:/program files (x86)/gnu tools arm embedded/7 2018-q2-update/bin/../lib/gcc/arm-none-eabi/7.3.1/../../../../arm-none-eabi/lib/thumb/v7e-m/fpv4-sp/hard\libc_nano.a(lib_a-exit.o)
                              c:/program files (x86)/gnu tools arm embedded/7 2018-q2-update/bin/../lib/gcc/arm-none-eabi/7.3.1/../../../../arm-none-eabi/lib/thumb/v7e-m/fpv4-sp/hard/crt0.o (exit)
c:/program files (x86)/gnu tools arm embedded/7 2018-q2-update/bin/../lib/gcc/arm-none-eabi/7.3.1/../../../../arm-none-eabi/lib/thumb/v7e-m/fpv4-sp/hard\libc_nano.a(lib_a-impure.o)
                              c:/program files (x86)/gnu tools arm embedded/7 2018-q2-update/bin/../lib/gcc/arm-none-eabi/7.3.1/../../../../arm-none-eabi/lib/thumb/v7e-m/fpv4-sp/hard\libc_nano.a(lib_a-exit.o) (_global_impure_ptr)
c:/program files (x86)/gnu tools arm embedded/7 2018-q2-update/bin/../lib/gcc/arm-none-eabi/7.3.1/../../../../arm-none-eabi/lib/thumb/v7e-m/fpv4-sp/hard\libc_nano.a(lib_a-init.o)
                              c:/program files (x86)/gnu tools arm embedded/7 2018-q2-update/bin/../lib/gcc/arm-none-eabi/7.3.1/../../../../arm-none-eabi/lib/thumb/v7e-m/fpv4-sp/hard/crt0.o (__libc_init_array)
c:/program files (x86)/gnu tools arm embedded/7 2018-q2-update/bin/../lib/gcc/arm-none-eabi/7.3.1/../../../../arm-none-eabi/lib/thumb/v7e-m/fpv4-sp/hard\libc_nano.a(lib_a-memcpy-stub.o)
                              build/queue.o (memcpy)
c:/program files (x86)/gnu tools arm embedded/7 2018-q2-update/bin/../lib/gcc/arm-none-eabi/7.3.1/../../../../arm-none-eabi/lib/thumb/v7e-m/fpv4-sp/hard\libc_nano.a(lib_a-memset.o)
                              c:/program files (x86)/gnu tools arm embedded/7 2018-q2-update/bin/../lib/gcc/arm-none-eabi/7.3.1/../../../../arm-none-eabi/lib/thumb/v7e-m/fpv4-sp/hard/crt0.o (memset)
c:/program files (x86)/gnu tools arm embedded/7 2018-q2-update/bin/../lib/gcc/arm-none-eabi/7.3.1/../../../../arm-none-eabi/lib/thumb/v7e-m/fpv4-sp/hard\libnosys.a(_exit.o)
                              c:/program files (x86)/gnu tools arm embedded/7 2018-q2-update/bin/../lib/gcc/arm-none-eabi/7.3.1/../../../../arm-none-eabi/lib/thumb/v7e-m/fpv4-sp/hard\libc_nano.a(lib_a-exit.o) (_exit)
c:/program files (x86)/gnu tools arm embedded/7 2018-q2-update/bin/../lib/gcc/arm-none-eabi/7.3.1/thumb/v7e-m/fpv4-sp/hard\libgcc.a(_arm_addsubdf3.o)
                              build/sampling.o (__aeabi_dadd)
c:/program files (x86)/gnu tools arm embedded/7 2018-q2-update/bin/../lib/gcc/arm-none-eabi/7.3.1/thumb/v7e-m/fpv4-sp/hard\libgcc.a(_arm_muldivdf3.o)
                              build/sampling.o (__aeabi_ddiv)
c:/program files (x86)/gnu tools arm embedded/7 2018-q2-update/bin/../lib/gcc/arm-none-eabi/7.3.1/thumb/v7e-m/fpv4-sp/hard\libgcc.a(_arm_truncdfsf2.o)
                              build/sampling.o (__aeabi_d2f)

Allocating common symbols
Common symbol       size              file

hdma_sdadc1         0x44              build/sdadc.o
defaultTaskHandle   0x4               build/freertos.o
hspi2               0x64              build/spi.o
hdac1               0x14              build/dac.o
htim19              0x40              build/stm32f3xx_hal_timebase_tim.o
hdma_dac1_ch1       0x44              build/dac.o
hcan                0x28              build/can.o
hdma_sdadc3         0x44              build/sdadc.o
uwTick              0x4               build/stm32f3xx_hal.o
xQueueRegistry      0x40              build/queue.o
pFlash              0x20              build/stm32f3xx_hal_flash.o
hsdadc1             0x44              build/sdadc.o
currentSamples      0xc8              build/sampling.o
hpcd_USB_FS         0x3a8             build/usb.o
hsdadc3             0x44              build/sdadc.o

Discarded input sections

 .text          0x00000000        0x0 c:/program files (x86)/gnu tools arm embedded/7 2018-q2-update/bin/../lib/gcc/arm-none-eabi/7.3.1/thumb/v7e-m/fpv4-sp/hard/crti.o
 .data          0x00000000        0x0 c:/program files (x86)/gnu tools arm embedded/7 2018-q2-update/bin/../lib/gcc/arm-none-eabi/7.3.1/thumb/v7e-m/fpv4-sp/hard/crti.o
 .bss           0x00000000        0x0 c:/program files (x86)/gnu tools arm embedded/7 2018-q2-update/bin/../lib/gcc/arm-none-eabi/7.3.1/thumb/v7e-m/fpv4-sp/hard/crti.o
 .data          0x00000000        0x4 c:/program files (x86)/gnu tools arm embedded/7 2018-q2-update/bin/../lib/gcc/arm-none-eabi/7.3.1/thumb/v7e-m/fpv4-sp/hard/crtbegin.o
 .text          0x00000000       0x74 c:/program files (x86)/gnu tools arm embedded/7 2018-q2-update/bin/../lib/gcc/arm-none-eabi/7.3.1/../../../../arm-none-eabi/lib/thumb/v7e-m/fpv4-sp/hard/crt0.o
 .data          0x00000000        0x0 c:/program files (x86)/gnu tools arm embedded/7 2018-q2-update/bin/../lib/gcc/arm-none-eabi/7.3.1/../../../../arm-none-eabi/lib/thumb/v7e-m/fpv4-sp/hard/crt0.o
[...]
Memory Configuration

Name             Origin             Length             Attributes
RAM              0x20000000         0x00008000         xrw
FLASH            0x08000000         0x00040000         xr
*default*        0x00000000         0xffffffff

Linker script and memory map

LOAD c:/program files (x86)/gnu tools arm embedded/7 2018-q2-update/bin/../lib/gcc/arm-none-eabi/7.3.1/thumb/v7e-m/fpv4-sp/hard/crti.o
LOAD c:/program files (x86)/gnu tools arm embedded/7 2018-q2-update/bin/../lib/gcc/arm-none-eabi/7.3.1/thumb/v7e-m/fpv4-sp/hard/crtbegin.o
LOAD c:/program files (x86)/gnu tools arm embedded/7 2018-q2-update/bin/../lib/gcc/arm-none-eabi/7.3.1/../../../../arm-none-eabi/lib/thumb/v7e-m/fpv4-sp/hard/crt0.o
LOAD build/main.o
LOAD build/gpio.o
LOAD build/can.o
LOAD build/dac.o
LOAD build/dma.o
LOAD build/sdadc.o
LOAD build/stm32f3xx_it.o
LOAD build/stm32f3xx_hal_msp.o
LOAD build/stm32f3xx_hal_can.o
LOAD build/stm32f3xx_hal_dac.o
LOAD build/stm32f3xx_hal_dac_ex.o
LOAD build/stm32f3xx_hal_sdadc.o
LOAD build/stm32f3xx_hal_tim.o
LOAD build/stm32f3xx_hal_tim_ex.o
LOAD build/stm32f3xx_hal.o
LOAD build/stm32f3xx_hal_rcc.o
LOAD build/stm32f3xx_hal_rcc_ex.o
LOAD build/stm32f3xx_hal_gpio.o
LOAD build/stm32f3xx_hal_dma.o
LOAD build/stm32f3xx_hal_cortex.o
LOAD build/stm32f3xx_hal_pwr.o
LOAD build/stm32f3xx_hal_pwr_ex.o
LOAD build/stm32f3xx_hal_flash.o
LOAD build/stm32f3xx_hal_flash_ex.o
LOAD build/stm32f3xx_hal_i2c.o
LOAD build/stm32f3xx_hal_i2c_ex.o
LOAD build/system_stm32f3xx.o
LOAD build/sampling.o
LOAD build/freertos.o
LOAD build/spi.o
LOAD build/stm32f3xx_hal_timebase_tim.o
LOAD build/stm32f3xx_hal_spi.o
LOAD build/stm32f3xx_hal_spi_ex.o
LOAD build/croutine.o
LOAD build/event_groups.o
LOAD build/list.o
LOAD build/queue.o
LOAD build/tasks.o
LOAD build/timers.o
LOAD build/cmsis_os.o
LOAD build/heap_4.o
LOAD build/port.o
LOAD build/usb.o
LOAD build/stm32f3xx_hal_pcd.o
LOAD build/stm32f3xx_hal_pcd_ex.o
LOAD build/startup_stm32f373xc.o
LOAD c:/program files (x86)/gnu tools arm embedded/7 2018-q2-update/bin/../lib/gcc/arm-none-eabi/7.3.1/../../../../arm-none-eabi/lib/thumb/v7e-m/fpv4-sp/hard\libc_nano.a
LOAD c:/program files (x86)/gnu tools arm embedded/7 2018-q2-update/bin/../lib/gcc/arm-none-eabi/7.3.1/../../../../arm-none-eabi/lib/thumb/v7e-m/fpv4-sp/hard\libm.a
LOAD c:/program files (x86)/gnu tools arm embedded/7 2018-q2-update/bin/../lib/gcc/arm-none-eabi/7.3.1/../../../../arm-none-eabi/lib/thumb/v7e-m/fpv4-sp/hard\libnosys.a
START GROUP
LOAD c:/program files (x86)/gnu tools arm embedded/7 2018-q2-update/bin/../lib/gcc/arm-none-eabi/7.3.1/thumb/v7e-m/fpv4-sp/hard\libgcc.a
LOAD c:/program files (x86)/gnu tools arm embedded/7 2018-q2-update/bin/../lib/gcc/arm-none-eabi/7.3.1/../../../../arm-none-eabi/lib/thumb/v7e-m/fpv4-sp/hard\libc_nano.a
END GROUP
START GROUP
LOAD c:/program files (x86)/gnu tools arm embedded/7 2018-q2-update/bin/../lib/gcc/arm-none-eabi/7.3.1/thumb/v7e-m/fpv4-sp/hard\libgcc.a
LOAD c:/program files (x86)/gnu tools arm embedded/7 2018-q2-update/bin/../lib/gcc/arm-none-eabi/7.3.1/../../../../arm-none-eabi/lib/thumb/v7e-m/fpv4-sp/hard\libc_nano.a
END GROUP
LOAD c:/program files (x86)/gnu tools arm embedded/7 2018-q2-update/bin/../lib/gcc/arm-none-eabi/7.3.1/thumb/v7e-m/fpv4-sp/hard/crtend.o
LOAD c:/program files (x86)/gnu tools arm embedded/7 2018-q2-update/bin/../lib/gcc/arm-none-eabi/7.3.1/thumb/v7e-m/fpv4-sp/hard/crtn.o
                0x20008000                _estack = 0x20008000
                0x00000200                _Min_Heap_Size = 0x200
                0x00000400                _Min_Stack_Size = 0x400

.isr_vector     0x08000000      0x188
                0x08000000                . = ALIGN (0x4)
 *(.isr_vector)
 .isr_vector    0x08000000      0x188 build/startup_stm32f373xc.o
                0x08000000                g_pfnVectors
                0x08000188                . = ALIGN (0x4)

.text           0x08000190     0x3dbc
                0x08000190                . = ALIGN (0x4)
 *(.text)
 .text          0x08000190       0x40 c:/program files (x86)/gnu tools arm embedded/7 2018-q2-update/bin/../lib/gcc/arm-none-eabi/7.3.1/thumb/v7e-m/fpv4-sp/hard/crtbegin.o
 .text          0x080001d0      0x378 c:/program files (x86)/gnu tools arm embedded/7 2018-q2-update/bin/../lib/gcc/arm-none-eabi/7.3.1/thumb/v7e-m/fpv4-sp/hard\libgcc.a(_arm_addsubdf3.o)
                0x080001d0                __aeabi_drsub
                0x080001d8                __aeabi_dsub
                0x080001d8                __subdf3
                0x080001dc                __aeabi_dadd
                0x080001dc                __adddf3
                0x08000454                __floatunsidf
                0x08000454                __aeabi_ui2d
                0x08000474                __floatsidf
                0x08000474                __aeabi_i2d
                0x08000498                __aeabi_f2d
                0x08000498                __extendsfdf2
                0x080004dc                __floatundidf
                0x080004dc                __aeabi_ul2d
                0x080004ec                __floatdidf
                0x080004ec                __aeabi_l2d
 .text          0x08000548      0x424 c:/program files (x86)/gnu tools arm embedded/7 2018-q2-update/bin/../lib/gcc/arm-none-eabi/7.3.1/thumb/v7e-m/fpv4-sp/hard\libgcc.a(_arm_muldivdf3.o)
                0x08000548                __aeabi_dmul
                0x08000548                __muldf3
                0x0800079c                __divdf3
                0x0800079c                __aeabi_ddiv
 .text          0x0800096c       0xa0 c:/program files (x86)/gnu tools arm embedded/7 2018-q2-update/bin/../lib/gcc/arm-none-eabi/7.3.1/thumb/v7e-m/fpv4-sp/hard\libgcc.a(_arm_truncdfsf2.o)
                0x0800096c                __truncdfsf2
                0x0800096c                __aeabi_d2f
 *(.text*)
 .text.SystemClock_Config
                0x08000a0c       0x80 build/main.o
                0x08000a0c                SystemClock_Config
 .text.main     0x08000a8c       0x38 build/main.o
                0x08000a8c                main
 .text.HAL_TIM_PeriodElapsedCallback
                0x08000ac4       0x18 build/main.o
                0x08000ac4                HAL_TIM_PeriodElapsedCallback
 .text.Error_Handler
                0x08000adc        0x2 build/main.o
                0x08000adc                Error_Handler
 *fill*         0x08000ade        0x2 
 .text.MX_GPIO_Init
                0x08000ae0      0x104 build/gpio.o
                0x08000ae0                MX_GPIO_Init
 .text.MX_CAN_Init
                0x08000be4       0x44 build/can.o
                0x08000be4                MX_CAN_Init
 .text.HAL_CAN_MspInit
                0x08000c28       0x8c build/can.o
                0x08000c28                HAL_CAN_MspInit
 .text.MX_DAC1_Init
                0x08000cb4       0x44 build/dac.o
                0x08000cb4                MX_DAC1_Init
 .text.HAL_DAC_MspInit
                0x08000cf8       0xa8 build/dac.o
                0x08000cf8                HAL_DAC_MspInit
 .text.MX_DMA_Init
                0x08000da0       0x64 build/dma.o
                0x08000da0                MX_DMA_Init
 .text.MX_SDADC1_Init
                0x08000e04       0x90 build/sdadc.o
                0x08000e04                MX_SDADC1_Init
 .text.MX_SDADC3_Init
                0x08000e94       0x90 build/sdadc.o
                0x08000e94                MX_SDADC3_Init
 .text.HAL_SDADC_MspInit
                0x08000f24      0x124 build/sdadc.o
                0x08000f24                HAL_SDADC_MspInit
 .text.NMI_Handler
                0x08001048        0x2 build/stm32f3xx_it.o
                0x08001048                NMI_Handler
 .text.HardFault_Handler
                0x0800104a        0x2 build/stm32f3xx_it.o
                0x0800104a                HardFault_Handler
 .text.MemManage_Handler
                0x0800104c        0x2 build/stm32f3xx_it.o
                0x0800104c                MemManage_Handler
 .text.BusFault_Handler
                0x0800104e        0x2 build/stm32f3xx_it.o
                0x0800104e                BusFault_Handler
 .text.UsageFault_Handler
                0x08001050        0x2 build/stm32f3xx_it.o
                0x08001050                UsageFault_Handler
 .text.DebugMon_Handler
                0x08001052        0x2 build/stm32f3xx_it.o
                0x08001052                DebugMon_Handler
 .text.DMA1_Channel3_IRQHandler
                0x08001054       0x10 build/stm32f3xx_it.o
                0x08001054                DMA1_Channel3_IRQHandler
 .text.CAN_RX0_IRQHandler
                0x08001064       0x10 build/stm32f3xx_it.o
                0x08001064                CAN_RX0_IRQHandler
 .text.CAN_RX1_IRQHandler
                0x08001074       0x10 build/stm32f3xx_it.o
                0x08001074                CAN_RX1_IRQHandler
 .text.DMA2_Channel3_IRQHandler
                0x08001084       0x10 build/stm32f3xx_it.o
                0x08001084                DMA2_Channel3_IRQHandler
 .text.DMA2_Channel5_IRQHandler
                0x08001094       0x10 build/stm32f3xx_it.o
                0x08001094                DMA2_Channel5_IRQHandler
 .text.TIM19_IRQHandler
                0x080010a4       0x10 build/stm32f3xx_it.o
                0x080010a4                TIM19_IRQHandler
 .text.HAL_MspInit
                0x080010b4       0x40 build/stm32f3xx_hal_msp.o
                0x080010b4                HAL_MspInit
 .text.HAL_CAN_Init
                0x080010f4      0x14c build/stm32f3xx_hal_can.o
                0x080010f4                HAL_CAN_Init
 .text.HAL_CAN_Start
                0x08001240       0x5c build/stm32f3xx_hal_can.o
                0x08001240                HAL_CAN_Start
 .text.HAL_CAN_AddTxMessage
                0x0800129c       0xea build/stm32f3xx_hal_can.o
                0x0800129c                HAL_CAN_AddTxMessage
 .text.HAL_CAN_TxMailbox0CompleteCallback
                0x08001386        0x2 build/stm32f3xx_hal_can.o
                0x08001386                HAL_CAN_TxMailbox0CompleteCallback
 .text.HAL_CAN_TxMailbox1CompleteCallback
                0x08001388        0x2 build/stm32f3xx_hal_can.o
                0x08001388                HAL_CAN_TxMailbox1CompleteCallback
 .text.HAL_CAN_TxMailbox2CompleteCallback
                0x0800138a        0x2 build/stm32f3xx_hal_can.o
                0x0800138a                HAL_CAN_TxMailbox2CompleteCallback
 .text.HAL_CAN_TxMailbox0AbortCallback
                0x0800138c        0x2 build/stm32f3xx_hal_can.o
                0x0800138c                HAL_CAN_TxMailbox0AbortCallback
 .text.HAL_CAN_TxMailbox1AbortCallback
                0x0800138e        0x2 build/stm32f3xx_hal_can.o
                0x0800138e                HAL_CAN_TxMailbox1AbortCallback
 .text.HAL_CAN_TxMailbox2AbortCallback
                0x08001390        0x2 build/stm32f3xx_hal_can.o
                0x08001390                HAL_CAN_TxMailbox2AbortCallback
 .text.HAL_CAN_RxFifo0MsgPendingCallback
                0x08001392        0x2 build/stm32f3xx_hal_can.o
                0x08001392                HAL_CAN_RxFifo0MsgPendingCallback
 .text.HAL_CAN_RxFifo0FullCallback
                0x08001394        0x2 build/stm32f3xx_hal_can.o
                0x08001394                HAL_CAN_RxFifo0FullCallback
 .text.HAL_CAN_RxFifo1MsgPendingCallback
                0x08001396        0x2 build/stm32f3xx_hal_can.o
                0x08001396                HAL_CAN_RxFifo1MsgPendingCallback
 .text.HAL_CAN_RxFifo1FullCallback
                0x08001398        0x2 build/stm32f3xx_hal_can.o
                0x08001398                HAL_CAN_RxFifo1FullCallback
 .text.HAL_CAN_SleepCallback
                0x0800139a        0x2 build/stm32f3xx_hal_can.o
                0x0800139a                HAL_CAN_SleepCallback
 .text.HAL_CAN_WakeUpFromRxMsgCallback
                0x0800139c        0x2 build/stm32f3xx_hal_can.o
                0x0800139c                HAL_CAN_WakeUpFromRxMsgCallback
 .text.HAL_CAN_ErrorCallback
                0x0800139e        0x2 build/stm32f3xx_hal_can.o
                0x0800139e                HAL_CAN_ErrorCallback
 .text.HAL_CAN_IRQHandler
                0x080013a0      0x258 build/stm32f3xx_hal_can.o
                0x080013a0                HAL_CAN_IRQHandler
 .text.HAL_DAC_Init
                0x080015f8       0x24 build/stm32f3xx_hal_dac.o
                0x080015f8                HAL_DAC_Init
 .text.HAL_DAC_SetValue
                0x0800161c       0x2e build/stm32f3xx_hal_dac_ex.o
                0x0800161c                HAL_DAC_SetValue
 .text.HAL_DAC_Start
                0x0800164a       0x5e build/stm32f3xx_hal_dac_ex.o
                0x0800164a                HAL_DAC_Start
 .text.HAL_DAC_ConfigChannel
                0x080016a8       0x4a build/stm32f3xx_hal_dac_ex.o
                0x080016a8                HAL_DAC_ConfigChannel
 .text.SDADC_ExitInitMode
                0x080016f2        0xc build/stm32f3xx_hal_sdadc.o
 .text.SDADC_EnterInitMode
                0x080016fe       0x2e build/stm32f3xx_hal_sdadc.o
 .text.SDADC_RegConvStart
                0x0800172c       0x4a build/stm32f3xx_hal_sdadc.o
 *fill*         0x08001776        0x2 
 .text.HAL_SDADC_Init
                0x08001778       0xa4 build/stm32f3xx_hal_sdadc.o
                0x08001778                HAL_SDADC_Init
 .text.HAL_SDADC_PrepareChannelConfig
                0x0800181c       0x46 build/stm32f3xx_hal_sdadc.o
                0x0800181c                HAL_SDADC_PrepareChannelConfig
 *fill*         0x08001862        0x2 
 .text.HAL_SDADC_AssociateChannelConfig
                0x08001864       0x64 build/stm32f3xx_hal_sdadc.o
                0x08001864                HAL_SDADC_AssociateChannelConfig
 .text.HAL_SDADC_ConfigChannel
                0x080018c8       0x4c build/stm32f3xx_hal_sdadc.o
                0x080018c8                HAL_SDADC_ConfigChannel
 .text.HAL_SDADC_SelectRegularTrigger
                0x08001914       0x30 build/stm32f3xx_hal_sdadc.o
                0x08001914                HAL_SDADC_SelectRegularTrigger
 .text.HAL_SDADC_CalibrationStart
                0x08001944       0x50 build/stm32f3xx_hal_sdadc.o
                0x08001944                HAL_SDADC_CalibrationStart
 .text.HAL_SDADC_PollForCalibEvent
                0x08001994       0x50 build/stm32f3xx_hal_sdadc.o
                0x08001994                HAL_SDADC_PollForCalibEvent
 .text.HAL_SDADC_Start_DMA
                0x080019e4       0x9c build/stm32f3xx_hal_sdadc.o
                0x080019e4                HAL_SDADC_Start_DMA
 .text.HAL_SDADC_ConvHalfCpltCallback
                0x08001a80        0x2 build/stm32f3xx_hal_sdadc.o
                0x08001a80                HAL_SDADC_ConvHalfCpltCallback
 .text.SDADC_DMARegularHalfConvCplt
                0x08001a82        0xa build/stm32f3xx_hal_sdadc.o
 .text.SDADC_DMARegularConvCplt
                0x08001a8c        0xa build/stm32f3xx_hal_sdadc.o
 .text.HAL_SDADC_ErrorCallback
                0x08001a96        0x2 build/stm32f3xx_hal_sdadc.o
                0x08001a96                HAL_SDADC_ErrorCallback
 .text.SDADC_DMAError
                0x08001a98        0xe build/stm32f3xx_hal_sdadc.o
 .text.HAL_TIM_Base_MspInit
                0x08001aa6        0x2 build/stm32f3xx_hal_tim.o
                0x08001aa6                HAL_TIM_Base_MspInit
 .text.HAL_TIM_Base_Start_IT
                0x08001aa8       0x18 build/stm32f3xx_hal_tim.o
                0x08001aa8                HAL_TIM_Base_Start_IT
 .text.HAL_TIM_OC_DelayElapsedCallback
                0x08001ac0        0x2 build/stm32f3xx_hal_tim.o
                0x08001ac0                HAL_TIM_OC_DelayElapsedCallback
 .text.HAL_TIM_IC_CaptureCallback
                0x08001ac2        0x2 build/stm32f3xx_hal_tim.o
                0x08001ac2                HAL_TIM_IC_CaptureCallback
 .text.HAL_TIM_PWM_PulseFinishedCallback
                0x08001ac4        0x2 build/stm32f3xx_hal_tim.o
                0x08001ac4                HAL_TIM_PWM_PulseFinishedCallback
 .text.HAL_TIM_TriggerCallback
                0x08001ac6        0x2 build/stm32f3xx_hal_tim.o
                0x08001ac6                HAL_TIM_TriggerCallback
 .text.HAL_TIM_IRQHandler
                0x08001ac8      0x17a build/stm32f3xx_hal_tim.o
                0x08001ac8                HAL_TIM_IRQHandler
 *fill*         0x08001c42        0x2 
 .text.TIM_Base_SetConfig
                0x08001c44       0xc4 build/stm32f3xx_hal_tim.o
                0x08001c44                TIM_Base_SetConfig
 .text.HAL_TIM_Base_Init
                0x08001d08       0x32 build/stm32f3xx_hal_tim.o
                0x08001d08                HAL_TIM_Base_Init
 .text.HAL_TIMEx_CommutationCallback
                0x08001d3a        0x2 build/stm32f3xx_hal_tim_ex.o
                0x08001d3a                HAL_TIMEx_CommutationCallback
 .text.HAL_TIMEx_BreakCallback
                0x08001d3c        0x2 build/stm32f3xx_hal_tim_ex.o
                0x08001d3c                HAL_TIMEx_BreakCallback
 *fill*         0x08001d3e        0x2 
 .text.HAL_Init
                0x08001d40       0x24 build/stm32f3xx_hal.o
                0x08001d40                HAL_Init
 .text.HAL_IncTick
                0x08001d64       0x18 build/stm32f3xx_hal.o
                0x08001d64                HAL_IncTick
 .text.HAL_GetTick
                0x08001d7c        0xc build/stm32f3xx_hal.o
                0x08001d7c                HAL_GetTick
 .text.HAL_Delay
                0x08001d88       0x28 build/stm32f3xx_hal.o
                0x08001d88                HAL_Delay
 .text.HAL_RCC_OscConfig
                0x08001db0      0x618 build/stm32f3xx_hal_rcc.o
                0x08001db0                HAL_RCC_OscConfig
 .text.HAL_RCC_GetSysClockFreq
                0x080023c8       0x70 build/stm32f3xx_hal_rcc.o
                0x080023c8                HAL_RCC_GetSysClockFreq
 .text.HAL_RCC_ClockConfig
                0x08002438      0x1a0 build/stm32f3xx_hal_rcc.o
                0x08002438                HAL_RCC_ClockConfig
 .text.HAL_RCC_GetHCLKFreq
                0x080025d8        0xc build/stm32f3xx_hal_rcc.o
                0x080025d8                HAL_RCC_GetHCLKFreq
 .text.HAL_RCC_GetPCLK2Freq
                0x080025e4       0x2c build/stm32f3xx_hal_rcc.o
                0x080025e4                HAL_RCC_GetPCLK2Freq
 .text.HAL_RCC_GetClockConfig
                0x08002610       0x3c build/stm32f3xx_hal_rcc.o
                0x08002610                HAL_RCC_GetClockConfig
 .text.HAL_RCCEx_PeriphCLKConfig
                0x0800264c      0x210 build/stm32f3xx_hal_rcc_ex.o
                0x0800264c                HAL_RCCEx_PeriphCLKConfig
 .text.HAL_GPIO_Init
                0x0800285c      0x194 build/stm32f3xx_hal_gpio.o
                0x0800285c                HAL_GPIO_Init
 .text.HAL_GPIO_WritePin
                0x080029f0        0xa build/stm32f3xx_hal_gpio.o
                0x080029f0                HAL_GPIO_WritePin
 .text.HAL_GPIO_TogglePin
                0x080029fa        0x8 build/stm32f3xx_hal_gpio.o
                0x080029fa                HAL_GPIO_TogglePin
 .text.DMA_SetConfig
                0x08002a02       0x2c build/stm32f3xx_hal_dma.o
 *fill*         0x08002a2e        0x2 
 .text.DMA_CalcBaseAndBitshift
                0x08002a30       0x4c build/stm32f3xx_hal_dma.o
 .text.HAL_DMA_Init
                0x08002a7c       0x50 build/stm32f3xx_hal_dma.o
                0x08002a7c                HAL_DMA_Init
 .text.HAL_DMA_Start_IT
                0x08002acc       0x74 build/stm32f3xx_hal_dma.o
                0x08002acc                HAL_DMA_Start_IT
 .text.HAL_DMA_IRQHandler
                0x08002b40       0xb4 build/stm32f3xx_hal_dma.o
                0x08002b40                HAL_DMA_IRQHandler
 .text.HAL_NVIC_SetPriorityGrouping
                0x08002bf4       0x24 build/stm32f3xx_hal_cortex.o
                0x08002bf4                HAL_NVIC_SetPriorityGrouping
 .text.HAL_NVIC_SetPriority
                0x08002c18       0x68 build/stm32f3xx_hal_cortex.o
                0x08002c18                HAL_NVIC_SetPriority
 .text.HAL_NVIC_EnableIRQ
                0x08002c80       0x18 build/stm32f3xx_hal_cortex.o
                0x08002c80                HAL_NVIC_EnableIRQ
 .text.HAL_PWREx_EnableSDADC
                0x08002c98       0x2c build/stm32f3xx_hal_pwr_ex.o
                0x08002c98                HAL_PWREx_EnableSDADC
 .text.SystemInit
                0x08002cc4       0x68 build/system_stm32f3xx.o
                0x08002cc4                SystemInit
 .text.SamplingStart
                0x08002d2c       0x4c build/sampling.o
                0x08002d2c                SamplingStart
 .text.HAL_SDADC_ConvCpltCallback
                0x08002d78       0x78 build/sampling.o
                0x08002d78                HAL_SDADC_ConvCpltCallback
 .text.StartDefaultTask
                0x08002df0       0x4c build/freertos.o
                0x08002df0                StartDefaultTask
 .text.MX_FREERTOS_Init
                0x08002e3c       0x28 build/freertos.o
                0x08002e3c                MX_FREERTOS_Init
 .text.MX_SPI2_Init
                0x08002e64       0x4c build/spi.o
                0x08002e64                MX_SPI2_Init
 .text.HAL_SPI_MspInit
                0x08002eb0       0x94 build/spi.o
                0x08002eb0                HAL_SPI_MspInit
 .text.HAL_InitTick
                0x08002f44       0x78 build/stm32f3xx_hal_timebase_tim.o
                0x08002f44                HAL_InitTick
 .text.HAL_SPI_Init
                0x08002fbc       0xba build/stm32f3xx_hal_spi.o
                0x08002fbc                HAL_SPI_Init
 .text.vListInitialise
                0x08003076       0x16 build/list.o
                0x08003076                vListInitialise
 .text.vListInitialiseItem
                0x0800308c        0x6 build/list.o
                0x0800308c                vListInitialiseItem
 .text.vListInsertEnd
                0x08003092       0x18 build/list.o
                0x08003092                vListInsertEnd
 .text.vListInsert
                0x080030aa       0x34 build/list.o
                0x080030aa                vListInsert
 .text.uxListRemove
                0x080030de       0x26 build/list.o
                0x080030de                uxListRemove
 .text.prvResetNextTaskUnblockTime
                0x08003104       0x2c build/tasks.o
 .text.prvDeleteTCB
                0x08003130       0x12 build/tasks.o
 .text.prvInitialiseNewTask
                0x08003142       0x80 build/tasks.o
 *fill*         0x080031c2        0x2 
 .text.prvInitialiseTaskLists
                0x080031c4       0x68 build/tasks.o
 .text.prvAddNewTaskToReadyList
                0x0800322c       0xa8 build/tasks.o
 .text.prvAddCurrentTaskToDelayedList
                0x080032d4       0x98 build/tasks.o
 .text.xTaskCreate
                0x0800336c       0x62 build/tasks.o
                0x0800336c                xTaskCreate
 *fill*         0x080033ce        0x2 
 .text.vTaskStartScheduler
                0x080033d0       0x7c build/tasks.o
                0x080033d0                vTaskStartScheduler
 .text.vTaskSuspendAll
                0x0800344c       0x10 build/tasks.o
                0x0800344c                vTaskSuspendAll
 .text.xTaskIncrementTick
                0x0800345c      0x118 build/tasks.o
                0x0800345c                xTaskIncrementTick
 .text.xTaskResumeAll
                0x08003574       0xf4 build/tasks.o
                0x08003574                xTaskResumeAll
 .text.vTaskDelay
                0x08003668       0x4c build/tasks.o
                0x08003668                vTaskDelay
 .text.prvCheckTasksWaitingTermination
                0x080036b4       0x5c build/tasks.o
 .text.prvIdleTask
                0x08003710       0x28 build/tasks.o
 .text.vTaskSwitchContext
                0x08003738       0x98 build/tasks.o
                0x08003738                vTaskSwitchContext
 .text.makeFreeRtosPriority
                0x080037d0        0xc build/cmsis_os.o
 .text.osKernelStart
                0x080037dc        0xa build/cmsis_os.o
                0x080037dc                osKernelStart
 .text.osThreadCreate
                0x080037e6       0x34 build/cmsis_os.o
                0x080037e6                osThreadCreate
 .text.osDelay  0x0800381a       0x12 build/cmsis_os.o
                0x0800381a                osDelay
 .text.prvHeapInit
                0x0800382c       0x64 build/heap_4.o
 .text.prvInsertBlockIntoFreeList
                0x08003890       0x58 build/heap_4.o
 .text.pvPortMalloc
                0x080038e8      0x108 build/heap_4.o
                0x080038e8                pvPortMalloc
 .text.vPortFree
                0x080039f0       0x70 build/heap_4.o
                0x080039f0                vPortFree
 .text.prvTaskExitError
                0x08003a60       0x34 build/port.o
 .text.prvPortStartFirstTask
                0x08003a94       0x20 build/port.o
 .text.vPortEnableVFP
                0x08003ab4       0x14 build/port.o
 .text.pxPortInitialiseStack
                0x08003ac8       0x2c build/port.o
                0x08003ac8                pxPortInitialiseStack
 *fill*         0x08003af4        0xc 
 .text.SVC_Handler
                0x08003b00       0x24 build/port.o
                0x08003b00                SVC_Handler
 .text.vPortEnterCritical
                0x08003b24       0x44 build/port.o
                0x08003b24                vPortEnterCritical
 .text.vPortExitCritical
                0x08003b68       0x2c build/port.o
                0x08003b68                vPortExitCritical
 *fill*         0x08003b94        0xc 
 .text.PendSV_Handler
                0x08003ba0       0x64 build/port.o
                0x08003ba0                PendSV_Handler
 .text.SysTick_Handler
                0x08003c04       0x2c build/port.o
                0x08003c04                SysTick_Handler
 .text.vPortSetupTimerInterrupt
                0x08003c30       0x2c build/port.o
                0x08003c30                vPortSetupTimerInterrupt
 .text.xPortStartScheduler
                0x08003c5c       0xec build/port.o
                0x08003c5c                xPortStartScheduler
 .text.MX_USB_PCD_Init
                0x08003d48       0x30 build/usb.o
                0x08003d48                MX_USB_PCD_Init
 .text.HAL_PCD_MspInit
                0x08003d78       0x68 build/usb.o
                0x08003d78                HAL_PCD_MspInit
 .text.HAL_PCD_Init
                0x08003de0       0xa8 build/stm32f3xx_hal_pcd.o
                0x08003de0                HAL_PCD_Init
 .text.Reset_Handler
                0x08003e88       0x50 build/startup_stm32f373xc.o
                0x08003e88                Reset_Handler
 .text.Default_Handler
                0x08003ed8        0x2 build/startup_stm32f373xc.o
                0x08003ed8                RTC_Alarm_IRQHandler
                0x08003ed8                USB_HP_IRQHandler
                0x08003ed8                PVD_IRQHandler
                0x08003ed8                TAMP_STAMP_IRQHandler
                0x08003ed8                EXTI3_IRQHandler
                0x08003ed8                EXTI0_IRQHandler
                0x08003ed8                I2C2_EV_IRQHandler
                0x08003ed8                FPU_IRQHandler
                0x08003ed8                CAN_TX_IRQHandler
                0x08003ed8                SPI1_IRQHandler
                0x08003ed8                CAN_SCE_IRQHandler
                0x08003ed8                DMA2_Channel2_IRQHandler
                0x08003ed8                DMA1_Channel4_IRQHandler
                0x08003ed8                ADC1_IRQHandler
                0x08003ed8                TIM17_IRQHandler
                0x08003ed8                USART3_IRQHandler
                0x08003ed8                DMA1_Channel7_IRQHandler
                0x08003ed8                TIM4_IRQHandler
                0x08003ed8                DMA2_Channel1_IRQHandler
                0x08003ed8                I2C1_EV_IRQHandler
                0x08003ed8                DMA1_Channel6_IRQHandler
                0x08003ed8                TIM16_IRQHandler
                0x08003ed8                DMA2_Channel4_IRQHandler
                0x08003ed8                TIM3_IRQHandler
                0x08003ed8                RCC_IRQHandler
                0x08003ed8                DMA1_Channel1_IRQHandler
                0x08003ed8                Default_Handler
                0x08003ed8                CEC_IRQHandler
                0x08003ed8                EXTI15_10_IRQHandler
                0x08003ed8                TIM14_IRQHandler
                0x08003ed8                TIM13_IRQHandler
                0x08003ed8                TIM12_IRQHandler
                0x08003ed8                TIM7_IRQHandler
                0x08003ed8                TIM5_IRQHandler
                0x08003ed8                SDADC2_IRQHandler
                0x08003ed8                TIM15_IRQHandler
                0x08003ed8                TIM6_DAC1_IRQHandler
                0x08003ed8                EXTI9_5_IRQHandler
                0x08003ed8                RTC_WKUP_IRQHandler
                0x08003ed8                SPI2_IRQHandler
                0x08003ed8                DMA1_Channel5_IRQHandler
                0x08003ed8                USB_LP_IRQHandler
                0x08003ed8                EXTI4_IRQHandler
                0x08003ed8                COMP1_2_IRQHandler
                0x08003ed8                TIM18_DAC2_IRQHandler
                0x08003ed8                WWDG_IRQHandler
                0x08003ed8                SDADC1_IRQHandler
                0x08003ed8                TIM2_IRQHandler
                0x08003ed8                EXTI1_IRQHandler
                0x08003ed8                SDADC3_IRQHandler
                0x08003ed8                USART2_IRQHandler
                0x08003ed8                I2C2_ER_IRQHandler
                0x08003ed8                DMA1_Channel2_IRQHandler
                0x08003ed8                FLASH_IRQHandler
                0x08003ed8                USART1_IRQHandler
                0x08003ed8                SPI3_IRQHandler
                0x08003ed8                I2C1_ER_IRQHandler
                0x08003ed8                USBWakeUp_IRQHandler
                0x08003ed8                EXTI2_TSC_IRQHandler
 *fill*         0x08003eda        0x2 
 .text.__libc_init_array
                0x08003edc       0x48 c:/program files (x86)/gnu tools arm embedded/7 2018-q2-update/bin/../lib/gcc/arm-none-eabi/7.3.1/../../../../arm-none-eabi/lib/thumb/v7e-m/fpv4-sp/hard\libc_nano.a(lib_a-init.o)
                0x08003edc                __libc_init_array
 .text.memset   0x08003f24       0x10 c:/program files (x86)/gnu tools arm embedded/7 2018-q2-update/bin/../lib/gcc/arm-none-eabi/7.3.1/../../../../arm-none-eabi/lib/thumb/v7e-m/fpv4-sp/hard\libc_nano.a(lib_a-memset.o)
                0x08003f24                memset
 *(.glue_7)
 .glue_7        0x08003f34        0x0 linker stubs
 *(.glue_7t)
 .glue_7t       0x08003f34        0x0 linker stubs
 *(.eh_frame)
 .eh_frame      0x08003f34        0x0 c:/program files (x86)/gnu tools arm embedded/7 2018-q2-update/bin/../lib/gcc/arm-none-eabi/7.3.1/thumb/v7e-m/fpv4-sp/hard/crtbegin.o
 *(.init)
 .init          0x08003f34        0x4 c:/program files (x86)/gnu tools arm embedded/7 2018-q2-update/bin/../lib/gcc/arm-none-eabi/7.3.1/thumb/v7e-m/fpv4-sp/hard/crti.o
                0x08003f34                _init
 .init          0x08003f38        0x8 c:/program files (x86)/gnu tools arm embedded/7 2018-q2-update/bin/../lib/gcc/arm-none-eabi/7.3.1/thumb/v7e-m/fpv4-sp/hard/crtn.o
 *(.fini)
 .fini          0x08003f40        0x4 c:/program files (x86)/gnu tools arm embedded/7 2018-q2-update/bin/../lib/gcc/arm-none-eabi/7.3.1/thumb/v7e-m/fpv4-sp/hard/crti.o
                0x08003f40                _fini
 .fini          0x08003f44        0x8 c:/program files (x86)/gnu tools arm embedded/7 2018-q2-update/bin/../lib/gcc/arm-none-eabi/7.3.1/thumb/v7e-m/fpv4-sp/hard/crtn.o
                0x08003f4c                . = ALIGN (0x4)
                0x08003f4c                _etext = .

.vfp11_veneer   0x08003f4c        0x0
 .vfp11_veneer  0x08003f4c        0x0 linker stubs

.v4_bx          0x08003f4c        0x0
 .v4_bx         0x08003f4c        0x0 linker stubs

.iplt           0x08003f4c        0x0
 .iplt          0x08003f4c        0x0 c:/program files (x86)/gnu tools arm embedded/7 2018-q2-update/bin/../lib/gcc/arm-none-eabi/7.3.1/thumb/v7e-m/fpv4-sp/hard/crtbegin.o

.rodata         0x08003f4c       0x60
                0x08003f4c                . = ALIGN (0x4)
 *(.rodata)
 .rodata        0x08003f4c       0x14 build/freertos.o
 *(.rodata*)
 .rodata.aPLLMULFactorTable
                0x08003f60       0x10 build/stm32f3xx_hal_rcc.o
                0x08003f60                aPLLMULFactorTable
 .rodata.aPredivFactorTable
                0x08003f70       0x10 build/stm32f3xx_hal_rcc.o
                0x08003f70                aPredivFactorTable
 .rodata.AHBPrescTable
                0x08003f80       0x10 build/system_stm32f3xx.o
                0x08003f80                AHBPrescTable
 .rodata.APBPrescTable
                0x08003f90        0x8 build/system_stm32f3xx.o
                0x08003f90                APBPrescTable
 .rodata.str1.4
                0x08003f98        0xc build/freertos.o
 .rodata.vTaskStartScheduler.str1.4
                0x08003fa4        0x8 build/tasks.o
                                  0x5 (size before relaxing)
                0x08003fac                . = ALIGN (0x4)

.rel.dyn        0x08003fac        0x0
 .rel.iplt      0x08003fac        0x0 c:/program files (x86)/gnu tools arm embedded/7 2018-q2-update/bin/../lib/gcc/arm-none-eabi/7.3.1/thumb/v7e-m/fpv4-sp/hard/crtbegin.o

.ARM.extab
 *(.ARM.extab* .gnu.linkonce.armextab.*)

.ARM            0x08003fac        0x0
                0x08003fac                __exidx_start = .
 *(.ARM.exidx*)
                0x08003fac                __exidx_end = .

.preinit_array  0x08003fac        0x0
                0x08003fac                PROVIDE (__preinit_array_start = .)
 *(.preinit_array*)
                0x08003fac                PROVIDE (__preinit_array_end = .)

.init_array     0x08003fac        0x4
                0x08003fac                PROVIDE (__init_array_start = .)
 *(SORT_BY_NAME(.init_array.*))
 *(.init_array*)
 .init_array    0x08003fac        0x4 c:/program files (x86)/gnu tools arm embedded/7 2018-q2-update/bin/../lib/gcc/arm-none-eabi/7.3.1/thumb/v7e-m/fpv4-sp/hard/crtbegin.o
                0x08003fb0                PROVIDE (__init_array_end = .)

.fini_array     0x08003fb0        0x4
                [!provide]                PROVIDE (__fini_array_start = .)
 *(SORT_BY_NAME(.fini_array.*))
 *(.fini_array*)
 .fini_array    0x08003fb0        0x4 c:/program files (x86)/gnu tools arm embedded/7 2018-q2-update/bin/../lib/gcc/arm-none-eabi/7.3.1/thumb/v7e-m/fpv4-sp/hard/crtbegin.o
                [!provide]                PROVIDE (__fini_array_end = .)
                0x08003fb4                _sidata = LOADADDR (.data)

.data           0x20000000       0x10 load address 0x08003fb4
                0x20000000                . = ALIGN (0x4)
                0x20000000                _sdata = .
 *(.data)
 *(.data*)
 .data.uwTickFreq
                0x20000000        0x1 build/stm32f3xx_hal.o
                0x20000000                uwTickFreq
 *fill*         0x20000001        0x3 
 .data.SystemCoreClock
                0x20000004        0x4 build/system_stm32f3xx.o
                0x20000004                SystemCoreClock
 .data.dacValue
                0x20000008        0x2 build/sampling.o
                0x20000008                dacValue
 *fill*         0x2000000a        0x2 
 .data.uxCriticalNesting
                0x2000000c        0x4 build/port.o
                0x20000010                . = ALIGN (0x4)
                0x20000010                _edata = .

.igot.plt       0x20000010        0x0 load address 0x08003fc4
 .igot.plt      0x20000010        0x0 c:/program files (x86)/gnu tools arm embedded/7 2018-q2-update/bin/../lib/gcc/arm-none-eabi/7.3.1/thumb/v7e-m/fpv4-sp/hard/crtbegin.o
                0x20000010                . = ALIGN (0x4)

.bss            0x20000010     0x141c load address 0x08003fc4
                0x20000010                _sbss = .
                0x20000010                __bss_start__ = _sbss
 *(.bss)
 .bss           0x20000010       0x1c c:/program files (x86)/gnu tools arm embedded/7 2018-q2-update/bin/../lib/gcc/arm-none-eabi/7.3.1/thumb/v7e-m/fpv4-sp/hard/crtbegin.o
 *(.bss*)
 .bss.currentAvg
                0x2000002c        0x4 build/sampling.o
                0x2000002c                currentAvg
 .bss.currentSum
                0x20000030        0x4 build/sampling.o
                0x20000030                currentSum
 .bss.pxCurrentTCB
                0x20000034        0x4 build/tasks.o
                0x20000034                pxCurrentTCB
 .bss.pxDelayedTaskList
                0x20000038        0x4 build/tasks.o
 .bss.pxOverflowDelayedTaskList
                0x2000003c        0x4 build/tasks.o
 .bss.pxReadyTasksLists
                0x20000040       0x8c build/tasks.o
 .bss.uxCurrentNumberOfTasks
                0x200000cc        0x4 build/tasks.o
 .bss.uxDeletedTasksWaitingCleanUp
                0x200000d0        0x4 build/tasks.o
 .bss.uxPendedTicks
                0x200000d4        0x4 build/tasks.o
 .bss.uxSchedulerSuspended
                0x200000d8        0x4 build/tasks.o
 .bss.uxTaskNumber
                0x200000dc        0x4 build/tasks.o
 .bss.uxTopReadyPriority
                0x200000e0        0x4 build/tasks.o
 .bss.xDelayedTaskList1
                0x200000e4       0x14 build/tasks.o
 .bss.xDelayedTaskList2
                0x200000f8       0x14 build/tasks.o
 .bss.xIdleTaskHandle
                0x2000010c        0x4 build/tasks.o
 .bss.xNextTaskUnblockTime
                0x20000110        0x4 build/tasks.o
 .bss.xNumOfOverflows
                0x20000114        0x4 build/tasks.o
 .bss.xPendingReadyList
                0x20000118       0x14 build/tasks.o
 .bss.xSchedulerRunning
                0x2000012c        0x4 build/tasks.o
 .bss.xSuspendedTaskList
                0x20000130       0x14 build/tasks.o
 .bss.xTasksWaitingTermination
                0x20000144       0x14 build/tasks.o
 .bss.xTickCount
                0x20000158        0x4 build/tasks.o
 .bss.xYieldPending
                0x2000015c        0x4 build/tasks.o
 .bss.pxEnd     0x20000160        0x4 build/heap_4.o
 .bss.ucHeap    0x20000164      0xc00 build/heap_4.o
 .bss.xBlockAllocatedBit
                0x20000d64        0x4 build/heap_4.o
 .bss.xFreeBytesRemaining
                0x20000d68        0x4 build/heap_4.o
 .bss.xMinimumEverFreeBytesRemaining
                0x20000d6c        0x4 build/heap_4.o
 .bss.xStart    0x20000d70        0x8 build/heap_4.o
 .bss.ucMaxSysCallPriority
                0x20000d78        0x1 build/port.o
 *fill*         0x20000d79        0x3 
 .bss.ulMaxPRIGROUPValue
                0x20000d7c        0x4 build/port.o
 *(COMMON)
 COMMON         0x20000d80       0x28 build/can.o
                0x20000d80                hcan
 COMMON         0x20000da8       0x58 build/dac.o
                0x20000da8                hdac1
                0x20000dbc                hdma_dac1_ch1
 COMMON         0x20000e00      0x110 build/sdadc.o
                0x20000e00                hdma_sdadc1
                0x20000e44                hdma_sdadc3
                0x20000e88                hsdadc1
                0x20000ecc                hsdadc3
 COMMON         0x20000f10        0x4 build/stm32f3xx_hal.o
                0x20000f10                uwTick
 COMMON         0x20000f14       0xc8 build/sampling.o
                0x20000f14                currentSamples
 COMMON         0x20000fdc        0x4 build/freertos.o
                0x20000fdc                defaultTaskHandle
 COMMON         0x20000fe0       0x64 build/spi.o
                0x20000fe0                hspi2
 COMMON         0x20001044       0x40 build/stm32f3xx_hal_timebase_tim.o
                0x20001044                htim19
 COMMON         0x20001084      0x3a8 build/usb.o
                0x20001084                hpcd_USB_FS
                0x2000142c                . = ALIGN (0x4)
                0x2000142c                _ebss = .
                0x2000142c                __bss_end__ = _ebss

._user_heap_stack
                0x2000142c      0x604 load address 0x08003fc4
                0x20001430                . = ALIGN (0x8)
 *fill*         0x2000142c        0x4 
                [!provide]                PROVIDE (end = .)
                [!provide]                PROVIDE (_end = .)
                0x20001630                . = (. + _Min_Heap_Size)
 *fill*         0x20001430      0x200 
                0x20001a30                . = (. + _Min_Stack_Size)
 *fill*         0x20001630      0x400 
                0x20001a30                . = ALIGN (0x8)

/DISCARD/
 libc.a(*)
 libm.a(*)
 libgcc.a(*)

.ARM.attributes
                0x00000000       0x30
 *(.ARM.attributes)
 .ARM.attributes
                0x00000000       0x22 c:/program files (x86)/gnu tools arm embedded/7 2018-q2-update/bin/../lib/gcc/arm-none-eabi/7.3.1/thumb/v7e-m/fpv4-sp/hard/crti.o
 .ARM.attributes
                0x00000022       0x34 c:/program files (x86)/gnu tools arm embedded/7 2018-q2-update/bin/../lib/gcc/arm-none-eabi/7.3.1/thumb/v7e-m/fpv4-sp/hard/crtbegin.o
 .ARM.attributes
                0x00000056       0x39 build/main.o
 .ARM.attributes
                0x0000008f       0x39 build/gpio.o
 .ARM.attributes
                0x000000c8       0x39 build/can.o
 .ARM.attributes
                0x00000101       0x39 build/dac.o
 .ARM.attributes
                0x0000013a       0x39 build/dma.o
 .ARM.attributes
                0x00000173       0x39 build/sdadc.o
 .ARM.attributes
                0x000001ac       0x39 build/stm32f3xx_it.o
 .ARM.attributes
                0x000001e5       0x39 build/stm32f3xx_hal_msp.o
 .ARM.attributes
                0x0000021e       0x39 build/stm32f3xx_hal_can.o
 .ARM.attributes
                0x00000257       0x39 build/stm32f3xx_hal_dac.o
 .ARM.attributes
                0x00000290       0x39 build/stm32f3xx_hal_dac_ex.o
 .ARM.attributes
                0x000002c9       0x39 build/stm32f3xx_hal_sdadc.o
 .ARM.attributes
                0x00000302       0x39 build/stm32f3xx_hal_tim.o
 .ARM.attributes
                0x0000033b       0x39 build/stm32f3xx_hal_tim_ex.o
 .ARM.attributes
                0x00000374       0x39 build/stm32f3xx_hal.o
 .ARM.attributes
                0x000003ad       0x39 build/stm32f3xx_hal_rcc.o
 .ARM.attributes
                0x000003e6       0x39 build/stm32f3xx_hal_rcc_ex.o
 .ARM.attributes
                0x0000041f       0x39 build/stm32f3xx_hal_gpio.o
 .ARM.attributes
                0x00000458       0x39 build/stm32f3xx_hal_dma.o
 .ARM.attributes
                0x00000491       0x39 build/stm32f3xx_hal_cortex.o
 .ARM.attributes
                0x000004ca       0x39 build/stm32f3xx_hal_pwr_ex.o
 .ARM.attributes
                0x00000503       0x39 build/system_stm32f3xx.o
 .ARM.attributes
                0x0000053c       0x39 build/sampling.o
 .ARM.attributes
                0x00000575       0x39 build/freertos.o
 .ARM.attributes
                0x000005ae       0x39 build/spi.o
 .ARM.attributes
                0x000005e7       0x39 build/stm32f3xx_hal_timebase_tim.o
 .ARM.attributes
                0x00000620       0x39 build/stm32f3xx_hal_spi.o
 .ARM.attributes
                0x00000659       0x39 build/list.o
 .ARM.attributes
                0x00000692       0x39 build/tasks.o
 .ARM.attributes
                0x000006cb       0x39 build/cmsis_os.o
 .ARM.attributes
                0x00000704       0x39 build/heap_4.o
 .ARM.attributes
                0x0000073d       0x39 build/port.o
 .ARM.attributes
                0x00000776       0x39 build/usb.o
 .ARM.attributes
                0x000007af       0x39 build/stm32f3xx_hal_pcd.o
 .ARM.attributes
                0x000007e8       0x21 build/startup_stm32f373xc.o
 .ARM.attributes
                0x00000809       0x34 c:/program files (x86)/gnu tools arm embedded/7 2018-q2-update/bin/../lib/gcc/arm-none-eabi/7.3.1/../../../../arm-none-eabi/lib/thumb/v7e-m/fpv4-sp/hard\libc_nano.a(lib_a-init.o)
 .ARM.attributes
                0x0000083d       0x34 c:/program files (x86)/gnu tools arm embedded/7 2018-q2-update/bin/../lib/gcc/arm-none-eabi/7.3.1/../../../../arm-none-eabi/lib/thumb/v7e-m/fpv4-sp/hard\libc_nano.a(lib_a-memset.o)
 .ARM.attributes
                0x00000871       0x22 c:/program files (x86)/gnu tools arm embedded/7 2018-q2-update/bin/../lib/gcc/arm-none-eabi/7.3.1/thumb/v7e-m/fpv4-sp/hard\libgcc.a(_arm_addsubdf3.o)
 .ARM.attributes
                0x00000893       0x22 c:/program files (x86)/gnu tools arm embedded/7 2018-q2-update/bin/../lib/gcc/arm-none-eabi/7.3.1/thumb/v7e-m/fpv4-sp/hard\libgcc.a(_arm_muldivdf3.o)
 .ARM.attributes
                0x000008b5       0x22 c:/program files (x86)/gnu tools arm embedded/7 2018-q2-update/bin/../lib/gcc/arm-none-eabi/7.3.1/thumb/v7e-m/fpv4-sp/hard\libgcc.a(_arm_truncdfsf2.o)
 .ARM.attributes
                0x000008d7       0x22 c:/program files (x86)/gnu tools arm embedded/7 2018-q2-update/bin/../lib/gcc/arm-none-eabi/7.3.1/thumb/v7e-m/fpv4-sp/hard/crtn.o
OUTPUT(build/singlePowerAmp.elf elf32-littlearm)

.debug_info     0x00000000    0x3100b
 .debug_info    0x00000000     0x23fb build/main.o
 .debug_info    0x000023fb      0xe3d build/gpio.o
 .debug_info    0x00003238     0x147c build/can.o
 .debug_info    0x000046b4     0x1327 build/dac.o
 .debug_info    0x000059db      0xe1f build/dma.o
 .debug_info    0x000067fa     0x169d build/sdadc.o
 .debug_info    0x00007e97     0x152b build/stm32f3xx_it.o
 .debug_info    0x000093c2      0xd9b build/stm32f3xx_hal_msp.o
 .debug_info    0x0000a15d     0x1b6d build/stm32f3xx_hal_can.o
 .debug_info    0x0000bcca     0x12f9 build/stm32f3xx_hal_dac.o
 .debug_info    0x0000cfc3     0x151a build/stm32f3xx_hal_dac_ex.o
 .debug_info    0x0000e4dd     0x249b build/stm32f3xx_hal_sdadc.o
 .debug_info    0x00010978     0x3b8c build/stm32f3xx_hal_tim.o
 .debug_info    0x00014504     0x1cba build/stm32f3xx_hal_tim_ex.o
 .debug_info    0x000161be     0x122d build/stm32f3xx_hal.o
 .debug_info    0x000173eb     0x1e24 build/stm32f3xx_hal_rcc.o
 .debug_info    0x0001920f     0x107f build/stm32f3xx_hal_rcc_ex.o
 .debug_info    0x0001a28e     0x1038 build/stm32f3xx_hal_gpio.o
 .debug_info    0x0001b2c6     0x1203 build/stm32f3xx_hal_dma.o
 .debug_info    0x0001c4c9     0x18cc build/stm32f3xx_hal_cortex.o
 .debug_info    0x0001dd95      0xd45 build/stm32f3xx_hal_pwr_ex.o
 .debug_info    0x0001eada      0xdbd build/system_stm32f3xx.o
 .debug_info    0x0001f897     0x174e build/sampling.o
 .debug_info    0x00020fe5     0x1203 build/freertos.o
 .debug_info    0x000221e8     0x1375 build/spi.o
 .debug_info    0x0002355d     0x1437 build/stm32f3xx_hal_timebase_tim.o
 .debug_info    0x00024994     0x285b build/stm32f3xx_hal_spi.o
 .debug_info    0x000271ef      0xbdc build/list.o
 .debug_info    0x00027dcb     0x2b2c build/tasks.o
 .debug_info    0x0002a8f7     0x2587 build/cmsis_os.o
 .debug_info    0x0002ce7e      0xd7b build/heap_4.o
 .debug_info    0x0002dbf9      0x56c build/port.o
 .debug_info    0x0002e165     0x1253 build/usb.o
 .debug_info    0x0002f3b8     0x1c31 build/stm32f3xx_hal_pcd.o
 .debug_info    0x00030fe9       0x22 build/startup_stm32f373xc.o

.debug_abbrev   0x00000000     0x5c5f
 .debug_abbrev  0x00000000      0x295 build/main.o
 .debug_abbrev  0x00000295      0x20d build/gpio.o
 .debug_abbrev  0x000004a2      0x25c build/can.o
 .debug_abbrev  0x000006fe      0x24c build/dac.o
 .debug_abbrev  0x0000094a      0x216 build/dma.o
 .debug_abbrev  0x00000b60      0x24c build/sdadc.o
 .debug_abbrev  0x00000dac      0x210 build/stm32f3xx_it.o
 .debug_abbrev  0x00000fbc      0x209 build/stm32f3xx_hal_msp.o
 .debug_abbrev  0x000011c5      0x346 build/stm32f3xx_hal_can.o
 .debug_abbrev  0x0000150b      0x256 build/stm32f3xx_hal_dac.o
 .debug_abbrev  0x00001761      0x336 build/stm32f3xx_hal_dac_ex.o
 .debug_abbrev  0x00001a97      0x317 build/stm32f3xx_hal_sdadc.o
 .debug_abbrev  0x00001dae      0x310 build/stm32f3xx_hal_tim.o
 .debug_abbrev  0x000020be      0x2f8 build/stm32f3xx_hal_tim_ex.o
 .debug_abbrev  0x000023b6      0x2c3 build/stm32f3xx_hal.o
 .debug_abbrev  0x00002679      0x37d build/stm32f3xx_hal_rcc.o
 .debug_abbrev  0x000029f6      0x318 build/stm32f3xx_hal_rcc_ex.o
 .debug_abbrev  0x00002d0e      0x2be build/stm32f3xx_hal_gpio.o
 .debug_abbrev  0x00002fcc      0x2ec build/stm32f3xx_hal_dma.o
 .debug_abbrev  0x000032b8      0x3c0 build/stm32f3xx_hal_cortex.o
 .debug_abbrev  0x00003678      0x262 build/stm32f3xx_hal_pwr_ex.o
 .debug_abbrev  0x000038da      0x200 build/system_stm32f3xx.o
 .debug_abbrev  0x00003ada      0x25f build/sampling.o
 .debug_abbrev  0x00003d39      0x253 build/freertos.o
 .debug_abbrev  0x00003f8c      0x246 build/spi.o
 .debug_abbrev  0x000041d2      0x27b build/stm32f3xx_hal_timebase_tim.o
 .debug_abbrev  0x0000444d      0x2f9 build/stm32f3xx_hal_spi.o
 .debug_abbrev  0x00004746      0x217 build/list.o
 .debug_abbrev  0x0000495d      0x400 build/tasks.o
 .debug_abbrev  0x00004d5d      0x3d3 build/cmsis_os.o
 .debug_abbrev  0x00005130      0x312 build/heap_4.o
 .debug_abbrev  0x00005442      0x230 build/port.o
 .debug_abbrev  0x00005672      0x253 build/usb.o
 .debug_abbrev  0x000058c5      0x388 build/stm32f3xx_hal_pcd.o
 .debug_abbrev  0x00005c4d       0x12 build/startup_stm32f373xc.o

.debug_loc      0x00000000    0x12376
 .debug_loc     0x00000000       0xb3 build/main.o
 .debug_loc     0x000000b3       0x39 build/gpio.o
 .debug_loc     0x000000ec       0xf8 build/can.o
 .debug_loc     0x000001e4      0x10b build/dac.o
 .debug_loc     0x000002ef       0x38 build/dma.o
 .debug_loc     0x00000327      0x180 build/sdadc.o
 .debug_loc     0x000004a7       0xc0 build/stm32f3xx_it.o
 .debug_loc     0x00000567       0x38 build/stm32f3xx_hal_msp.o
 .debug_loc     0x0000059f      0xdd9 build/stm32f3xx_hal_can.o
 .debug_loc     0x00001378      0x300 build/stm32f3xx_hal_dac.o
 .debug_loc     0x00001678      0xa1a build/stm32f3xx_hal_dac_ex.o
 .debug_loc     0x00002092     0x1f1c build/stm32f3xx_hal_sdadc.o
 .debug_loc     0x00003fae     0x41b4 build/stm32f3xx_hal_tim.o
 .debug_loc     0x00008162     0x122d build/stm32f3xx_hal_tim_ex.o
 .debug_loc     0x0000938f      0x19d build/stm32f3xx_hal.o
 .debug_loc     0x0000952c      0xa7b build/stm32f3xx_hal_rcc.o
 .debug_loc     0x00009fa7      0x69c build/stm32f3xx_hal_rcc_ex.o
 .debug_loc     0x0000a643      0x441 build/stm32f3xx_hal_gpio.o
 .debug_loc     0x0000aa84      0x8da build/stm32f3xx_hal_dma.o
 .debug_loc     0x0000b35e      0x65e build/stm32f3xx_hal_cortex.o
 .debug_loc     0x0000b9bc       0x8e build/stm32f3xx_hal_pwr_ex.o
 .debug_loc     0x0000ba4a       0xff build/system_stm32f3xx.o
 .debug_loc     0x0000bb49       0xa4 build/sampling.o
 .debug_loc     0x0000bbed       0x85 build/freertos.o
 .debug_loc     0x0000bc72       0xf8 build/spi.o
 .debug_loc     0x0000bd6a       0xbd build/stm32f3xx_hal_timebase_tim.o
 .debug_loc     0x0000be27     0x22b9 build/stm32f3xx_hal_spi.o
 .debug_loc     0x0000e0e0       0x9c build/list.o
 .debug_loc     0x0000e17c     0x1724 build/tasks.o
 .debug_loc     0x0000f8a0     0x15ed build/cmsis_os.o
 .debug_loc     0x00010e8d      0x324 build/heap_4.o
 .debug_loc     0x000111b1      0x128 build/port.o
 .debug_loc     0x000112d9       0xf8 build/usb.o
 .debug_loc     0x000113d1      0xfa5 build/stm32f3xx_hal_pcd.o

.debug_aranges  0x00000000     0x16f8
 .debug_aranges
                0x00000000       0x38 build/main.o
 .debug_aranges
                0x00000038       0x20 build/gpio.o
 .debug_aranges
                0x00000058       0x30 build/can.o
 .debug_aranges
                0x00000088       0x30 build/dac.o
 .debug_aranges
                0x000000b8       0x20 build/dma.o
 .debug_aranges
                0x000000d8       0x38 build/sdadc.o
 .debug_aranges
                0x00000110       0x78 build/stm32f3xx_it.o
 .debug_aranges
                0x00000188       0x20 build/stm32f3xx_hal_msp.o
 .debug_aranges
                0x000001a8      0x138 build/stm32f3xx_hal_can.o
 .debug_aranges
                0x000002e0       0xa8 build/stm32f3xx_hal_dac.o
 .debug_aranges
                0x00000388       0xb8 build/stm32f3xx_hal_dac_ex.o
 .debug_aranges
                0x00000440      0x1f8 build/stm32f3xx_hal_sdadc.o
 .debug_aranges
                0x00000638      0x378 build/stm32f3xx_hal_tim.o
 .debug_aranges
                0x000009b0      0x130 build/stm32f3xx_hal_tim_ex.o
 .debug_aranges
                0x00000ae0       0xe0 build/stm32f3xx_hal.o
 .debug_aranges
                0x00000bc0       0x88 build/stm32f3xx_hal_rcc.o
 .debug_aranges
                0x00000c48       0x38 build/stm32f3xx_hal_rcc_ex.o
 .debug_aranges
                0x00000c80       0x58 build/stm32f3xx_hal_gpio.o
 .debug_aranges
                0x00000cd8       0x88 build/stm32f3xx_hal_dma.o
 .debug_aranges
                0x00000d60       0xa8 build/stm32f3xx_hal_cortex.o
 .debug_aranges
                0x00000e08       0x50 build/stm32f3xx_hal_pwr_ex.o
 .debug_aranges
                0x00000e58       0x28 build/system_stm32f3xx.o
 .debug_aranges
                0x00000e80       0x28 build/sampling.o
 .debug_aranges
                0x00000ea8       0x28 build/freertos.o
 .debug_aranges
                0x00000ed0       0x30 build/spi.o
 .debug_aranges
                0x00000f00       0x30 build/stm32f3xx_hal_timebase_tim.o
 .debug_aranges
                0x00000f30      0x1d8 build/stm32f3xx_hal_spi.o
 .debug_aranges
                0x00001108       0x40 build/list.o
 .debug_aranges
                0x00001148      0x190 build/tasks.o
 .debug_aranges
                0x000012d8      0x1d8 build/cmsis_os.o
 .debug_aranges
                0x000014b0       0x50 build/heap_4.o
 .debug_aranges
                0x00001500       0x80 build/port.o
 .debug_aranges
                0x00001580       0x30 build/usb.o
 .debug_aranges
                0x000015b0      0x120 build/stm32f3xx_hal_pcd.o
 .debug_aranges
                0x000016d0       0x28 build/startup_stm32f373xc.o

.debug_ranges   0x00000000     0x1688
 .debug_ranges  0x00000000       0x28 build/main.o
 .debug_ranges  0x00000028       0x10 build/gpio.o
 .debug_ranges  0x00000038       0x20 build/can.o
 .debug_ranges  0x00000058       0x20 build/dac.o
 .debug_ranges  0x00000078       0x10 build/dma.o
 .debug_ranges  0x00000088       0x28 build/sdadc.o
 .debug_ranges  0x000000b0       0x68 build/stm32f3xx_it.o
 .debug_ranges  0x00000118       0x10 build/stm32f3xx_hal_msp.o
 .debug_ranges  0x00000128      0x128 build/stm32f3xx_hal_can.o
 .debug_ranges  0x00000250       0x98 build/stm32f3xx_hal_dac.o
 .debug_ranges  0x000002e8       0xa8 build/stm32f3xx_hal_dac_ex.o
 .debug_ranges  0x00000390      0x1e8 build/stm32f3xx_hal_sdadc.o
 .debug_ranges  0x00000578      0x368 build/stm32f3xx_hal_tim.o
 .debug_ranges  0x000008e0      0x120 build/stm32f3xx_hal_tim_ex.o
 .debug_ranges  0x00000a00       0xd0 build/stm32f3xx_hal.o
 .debug_ranges  0x00000ad0       0x98 build/stm32f3xx_hal_rcc.o
 .debug_ranges  0x00000b68       0x40 build/stm32f3xx_hal_rcc_ex.o
 .debug_ranges  0x00000ba8       0x48 build/stm32f3xx_hal_gpio.o
 .debug_ranges  0x00000bf0       0x78 build/stm32f3xx_hal_dma.o
 .debug_ranges  0x00000c68       0xf8 build/stm32f3xx_hal_cortex.o
 .debug_ranges  0x00000d60       0x40 build/stm32f3xx_hal_pwr_ex.o
 .debug_ranges  0x00000da0       0x18 build/system_stm32f3xx.o
 .debug_ranges  0x00000db8       0x18 build/sampling.o
 .debug_ranges  0x00000dd0       0x18 build/freertos.o
 .debug_ranges  0x00000de8       0x20 build/spi.o
 .debug_ranges  0x00000e08       0x20 build/stm32f3xx_hal_timebase_tim.o
 .debug_ranges  0x00000e28      0x1c8 build/stm32f3xx_hal_spi.o
 .debug_ranges  0x00000ff0       0x30 build/list.o
 .debug_ranges  0x00001020      0x210 build/tasks.o
 .debug_ranges  0x00001230      0x1c8 build/cmsis_os.o
 .debug_ranges  0x000013f8       0x40 build/heap_4.o
 .debug_ranges  0x00001438       0x70 build/port.o
 .debug_ranges  0x000014a8       0x20 build/usb.o
 .debug_ranges  0x000014c8      0x1a0 build/stm32f3xx_hal_pcd.o
 .debug_ranges  0x00001668       0x20 build/startup_stm32f373xc.o

.debug_line     0x00000000     0xbb13
 .debug_line    0x00000000      0x45b build/main.o
 .debug_line    0x0000045b      0x280 build/gpio.o
 .debug_line    0x000006db      0x31c build/can.o
 .debug_line    0x000009f7      0x309 build/dac.o
 .debug_line    0x00000d00      0x26c build/dma.o
 .debug_line    0x00000f6c      0x369 build/sdadc.o
 .debug_line    0x000012d5      0x37c build/stm32f3xx_it.o
 .debug_line    0x00001651      0x276 build/stm32f3xx_hal_msp.o
 .debug_line    0x000018c7      0x78f build/stm32f3xx_hal_can.o
 .debug_line    0x00002056      0x41b build/stm32f3xx_hal_dac.o
 .debug_line    0x00002471      0x563 build/stm32f3xx_hal_dac_ex.o
 .debug_line    0x000029d4      0xb75 build/stm32f3xx_hal_sdadc.o
 .debug_line    0x00003549     0x13cf build/stm32f3xx_hal_tim.o
 .debug_line    0x00004918      0x7f5 build/stm32f3xx_hal_tim_ex.o
 .debug_line    0x0000510d      0x46b build/stm32f3xx_hal.o
 .debug_line    0x00005578      0x7af build/stm32f3xx_hal_rcc.o
 .debug_line    0x00005d27      0x4fc build/stm32f3xx_hal_rcc_ex.o
 .debug_line    0x00006223      0x406 build/stm32f3xx_hal_gpio.o
 .debug_line    0x00006629      0x4ff build/stm32f3xx_hal_dma.o
 .debug_line    0x00006b28      0x4bf build/stm32f3xx_hal_cortex.o
 .debug_line    0x00006fe7      0x31d build/stm32f3xx_hal_pwr_ex.o
 .debug_line    0x00007304      0x28d build/system_stm32f3xx.o
 .debug_line    0x00007591      0x331 build/sampling.o
 .debug_line    0x000078c2      0x375 build/freertos.o
 .debug_line    0x00007c37      0x30e build/spi.o
 .debug_line    0x00007f45      0x309 build/stm32f3xx_hal_timebase_tim.o
 .debug_line    0x0000824e      0xdea build/stm32f3xx_hal_spi.o
 .debug_line    0x00009038      0x33f build/list.o
 .debug_line    0x00009377      0xb9b build/tasks.o
 .debug_line    0x00009f12      0x90d build/cmsis_os.o
 .debug_line    0x0000a81f      0x3e8 build/heap_4.o
 .debug_line    0x0000ac07      0x334 build/port.o
 .debug_line    0x0000af3b      0x2f6 build/usb.o
 .debug_line    0x0000b231      0x86e build/stm32f3xx_hal_pcd.o
 .debug_line    0x0000ba9f       0x74 build/startup_stm32f373xc.o

.debug_str      0x00000000     0x6f47
 .debug_str     0x00000000     0x16aa build/main.o
                               0x17c7 (size before relaxing)
 .debug_str     0x000016aa      0x104 build/gpio.o
                                0x778 (size before relaxing)
 .debug_str     0x000017ae      0x45a build/can.o
                                0xe70 (size before relaxing)
 .debug_str     0x00001c08       0xf5 build/dac.o
                                0xb6b (size before relaxing)
 .debug_str     0x00001cfd        0xa build/dma.o
                                0xab6 (size before relaxing)
 .debug_str     0x00001d07      0x124 build/sdadc.o
                                0xd1a (size before relaxing)
 .debug_str     0x00001e2b      0x13a build/stm32f3xx_it.o
                                0xdcd (size before relaxing)
 .debug_str     0x00001f65       0x24 build/stm32f3xx_hal_msp.o
                                0xab1 (size before relaxing)
 .debug_str     0x00001f89      0x564 build/stm32f3xx_hal_can.o
                                0xef3 (size before relaxing)
 .debug_str     0x000024ed      0x169 build/stm32f3xx_hal_dac.o
                                0xb98 (size before relaxing)
 .debug_str     0x00002656      0x1b3 build/stm32f3xx_hal_dac_ex.o
                                0xca1 (size before relaxing)
 .debug_str     0x00002809      0x625 build/stm32f3xx_hal_sdadc.o
                               0x126c (size before relaxing)
 .debug_str     0x00002e2e      0xd54 build/stm32f3xx_hal_tim.o
                               0x1848 (size before relaxing)
 .debug_str     0x00003b82      0x4a7 build/stm32f3xx_hal_tim_ex.o
                               0x104a (size before relaxing)
 .debug_str     0x00004029      0x24a build/stm32f3xx_hal.o
                                0xd6f (size before relaxing)
 .debug_str     0x00004273      0x1c6 build/stm32f3xx_hal_rcc.o
                                0xad4 (size before relaxing)
 .debug_str     0x00004439       0xc6 build/stm32f3xx_hal_rcc_ex.o
                                0x974 (size before relaxing)
 .debug_str     0x000044ff       0xf7 build/stm32f3xx_hal_gpio.o
                                0x8cd (size before relaxing)
 .debug_str     0x000045f6      0x1ec build/stm32f3xx_hal_dma.o
                                0xadc (size before relaxing)
 .debug_str     0x000047e2      0x384 build/stm32f3xx_hal_cortex.o
                                0xf8d (size before relaxing)
 .debug_str     0x00004b66       0xdc build/stm32f3xx_hal_pwr_ex.o
                                0x7c9 (size before relaxing)
 .debug_str     0x00004c42       0x4d build/system_stm32f3xx.o
                                0x751 (size before relaxing)
 .debug_str     0x00004c8f       0x3c build/sampling.o
                                0xef8 (size before relaxing)
 .debug_str     0x00004ccb      0x15a build/freertos.o
                                0xb36 (size before relaxing)
 .debug_str     0x00004e25       0x43 build/spi.o
                                0xb95 (size before relaxing)
 .debug_str     0x00004e68       0x47 build/stm32f3xx_hal_timebase_tim.o
                                0xfc5 (size before relaxing)
 .debug_str     0x00004eaf      0x508 build/stm32f3xx_hal_spi.o
                               0x101a (size before relaxing)
 .debug_str     0x000053b7      0x16d build/list.o
                                0x6f3 (size before relaxing)
 .debug_str     0x00005524      0xb10 build/tasks.o
                               0x11ee (size before relaxing)
 .debug_str     0x00006034      0x7b7 build/cmsis_os.o
                               0x11a2 (size before relaxing)
 .debug_str     0x000067eb      0x1de build/heap_4.o
                                0x7dc (size before relaxing)
 .debug_str     0x000069c9      0x175 build/port.o
                                0x45e (size before relaxing)
 .debug_str     0x00006b3e       0x43 build/usb.o
                                0xa94 (size before relaxing)
 .debug_str     0x00006b81      0x3a2 build/stm32f3xx_hal_pcd.o
                                0xd1c (size before relaxing)
 .debug_str     0x00006f23       0x24 build/startup_stm32f373xc.o
                                 0x51 (size before relaxing)

.comment        0x00000000       0x7f
 .comment       0x00000000       0x7f build/main.o
                                 0x80 (size before relaxing)
 .comment       0x0000007f       0x80 build/gpio.o
 .comment       0x0000007f       0x80 build/can.o
 .comment       0x0000007f       0x80 build/dac.o
 .comment       0x0000007f       0x80 build/dma.o
 .comment       0x0000007f       0x80 build/sdadc.o
 .comment       0x0000007f       0x80 build/stm32f3xx_it.o
 .comment       0x0000007f       0x80 build/stm32f3xx_hal_msp.o
 .comment       0x0000007f       0x80 build/stm32f3xx_hal_can.o
 .comment       0x0000007f       0x80 build/stm32f3xx_hal_dac.o
 .comment       0x0000007f       0x80 build/stm32f3xx_hal_dac_ex.o
 .comment       0x0000007f       0x80 build/stm32f3xx_hal_sdadc.o
 .comment       0x0000007f       0x80 build/stm32f3xx_hal_tim.o
 .comment       0x0000007f       0x80 build/stm32f3xx_hal_tim_ex.o
 .comment       0x0000007f       0x80 build/stm32f3xx_hal.o
 .comment       0x0000007f       0x80 build/stm32f3xx_hal_rcc.o
 .comment       0x0000007f       0x80 build/stm32f3xx_hal_rcc_ex.o
 .comment       0x0000007f       0x80 build/stm32f3xx_hal_gpio.o
 .comment       0x0000007f       0x80 build/stm32f3xx_hal_dma.o
 .comment       0x0000007f       0x80 build/stm32f3xx_hal_cortex.o
 .comment       0x0000007f       0x80 build/stm32f3xx_hal_pwr_ex.o
 .comment       0x0000007f       0x80 build/system_stm32f3xx.o
 .comment       0x0000007f       0x80 build/sampling.o
 .comment       0x0000007f       0x80 build/freertos.o
 .comment       0x0000007f       0x80 build/spi.o
 .comment       0x0000007f       0x80 build/stm32f3xx_hal_timebase_tim.o
 .comment       0x0000007f       0x80 build/stm32f3xx_hal_spi.o
 .comment       0x0000007f       0x80 build/list.o
 .comment       0x0000007f       0x80 build/tasks.o
 .comment       0x0000007f       0x80 build/cmsis_os.o
 .comment       0x0000007f       0x80 build/heap_4.o
 .comment       0x0000007f       0x80 build/port.o
 .comment       0x0000007f       0x80 build/usb.o
 .comment       0x0000007f       0x80 build/stm32f3xx_hal_pcd.o

.debug_frame    0x00000000     0x42e0
 .debug_frame   0x00000000       0x7c build/main.o
 .debug_frame   0x0000007c       0x34 build/gpio.o
 .debug_frame   0x000000b0       0x68 build/can.o
 .debug_frame   0x00000118       0x74 build/dac.o
 .debug_frame   0x0000018c       0x2c build/dma.o
 .debug_frame   0x000001b8       0x90 build/sdadc.o
 .debug_frame   0x00000248      0x118 build/stm32f3xx_it.o
 .debug_frame   0x00000360       0x2c build/stm32f3xx_hal_msp.o
 .debug_frame   0x0000038c      0x318 build/stm32f3xx_hal_can.o
 .debug_frame   0x000006a4      0x168 build/stm32f3xx_hal_dac.o
 .debug_frame   0x0000080c      0x230 build/stm32f3xx_hal_dac_ex.o
 .debug_frame   0x00000a3c      0x63c build/stm32f3xx_hal_sdadc.o
 .debug_frame   0x00001078      0xb4c build/stm32f3xx_hal_tim.o
 .debug_frame   0x00001bc4      0x3bc build/stm32f3xx_hal_tim_ex.o
 .debug_frame   0x00001f80      0x1e0 build/stm32f3xx_hal.o
 .debug_frame   0x00002160      0x19c build/stm32f3xx_hal_rcc.o
 .debug_frame   0x000022fc       0x88 build/stm32f3xx_hal_rcc_ex.o
 .debug_frame   0x00002384      0x10c build/stm32f3xx_hal_gpio.o
 .debug_frame   0x00002490      0x190 build/stm32f3xx_hal_dma.o
 .debug_frame   0x00002620      0x16c build/stm32f3xx_hal_cortex.o
 .debug_frame   0x0000278c       0x94 build/stm32f3xx_hal_pwr_ex.o
 .debug_frame   0x00002820       0x30 build/system_stm32f3xx.o
 .debug_frame   0x00002850       0x48 build/sampling.o
 .debug_frame   0x00002898       0x50 build/freertos.o
 .debug_frame   0x000028e8       0x74 build/spi.o
 .debug_frame   0x0000295c       0x50 build/stm32f3xx_hal_timebase_tim.o
 .debug_frame   0x000029ac      0x664 build/stm32f3xx_hal_spi.o
 .debug_frame   0x00003010       0x70 build/list.o
 .debug_frame   0x00003080      0x588 build/tasks.o
 .debug_frame   0x00003608      0x62c build/cmsis_os.o
 .debug_frame   0x00003c34       0xbc build/heap_4.o
 .debug_frame   0x00003cf0       0xf8 build/port.o
 .debug_frame   0x00003de8       0x6c build/usb.o
 .debug_frame   0x00003e54      0x320 build/stm32f3xx_hal_pcd.o
 .debug_frame   0x00004174       0x2c c:/program files (x86)/gnu tools arm embedded/7 2018-q2-update/bin/../lib/gcc/arm-none-eabi/7.3.1/../../../../arm-none-eabi/lib/thumb/v7e-m/fpv4-sp/hard\libc_nano.a(lib_a-init.o)
 .debug_frame   0x000041a0       0x20 c:/program files (x86)/gnu tools arm embedded/7 2018-q2-update/bin/../lib/gcc/arm-none-eabi/7.3.1/../../../../arm-none-eabi/lib/thumb/v7e-m/fpv4-sp/hard\libc_nano.a(lib_a-memset.o)
 .debug_frame   0x000041c0       0xac c:/program files (x86)/gnu tools arm embedded/7 2018-q2-update/bin/../lib/gcc/arm-none-eabi/7.3.1/thumb/v7e-m/fpv4-sp/hard\libgcc.a(_arm_addsubdf3.o)
 .debug_frame   0x0000426c       0x50 c:/program files (x86)/gnu tools arm embedded/7 2018-q2-update/bin/../lib/gcc/arm-none-eabi/7.3.1/thumb/v7e-m/fpv4-sp/hard\libgcc.a(_arm_muldivdf3.o)
 .debug_frame   0x000042bc       0x24 c:/program files (x86)/gnu tools arm embedded/7 2018-q2-update/bin/../lib/gcc/arm-none-eabi/7.3.1/thumb/v7e-m/fpv4-sp/hard\libgcc.a(_arm_truncdfsf2.o)

Cross Reference Table

Symbol                                            File
ADC1_IRQHandler                                   build/startup_stm32f373xc.o
AHBPrescTable                                     build/system_stm32f3xx.o
                                                  build/stm32f3xx_hal_rcc.o
APBPrescTable                                     build/system_stm32f3xx.o
                                                  build/stm32f3xx_hal_rcc.o
BusFault_Handler                                  build/stm32f3xx_it.o
CAN_RX0_IRQHandler                                build/stm32f3xx_it.o
CAN_RX1_IRQHandler                                build/stm32f3xx_it.o
CAN_SCE_IRQHandler                                build/startup_stm32f373xc.o
CAN_TX_IRQHandler                                 build/startup_stm32f373xc.o
CEC_IRQHandler                                    build/startup_stm32f373xc.o
COMP1_2_IRQHandler                                build/startup_stm32f373xc.o
DMA1_Channel1_IRQHandler                          build/startup_stm32f373xc.o
DMA1_Channel2_IRQHandler                          build/startup_stm32f373xc.o
DMA1_Channel3_IRQHandler                          build/stm32f3xx_it.o
DMA1_Channel4_IRQHandler                          build/startup_stm32f373xc.o
DMA1_Channel5_IRQHandler                          build/startup_stm32f373xc.o
DMA1_Channel6_IRQHandler                          build/startup_stm32f373xc.o
DMA1_Channel7_IRQHandler                          build/startup_stm32f373xc.o
DMA2_Channel1_IRQHandler                          build/startup_stm32f373xc.o
DMA2_Channel2_IRQHandler                          build/startup_stm32f373xc.o
DMA2_Channel3_IRQHandler                          build/stm32f3xx_it.o
DMA2_Channel4_IRQHandler                          build/startup_stm32f373xc.o
DMA2_Channel5_IRQHandler                          build/stm32f3xx_it.o
DebugMon_Handler                                  build/stm32f3xx_it.o
Default_Handler                                   build/startup_stm32f373xc.o
EXTI0_IRQHandler                                  build/startup_stm32f373xc.o
EXTI15_10_IRQHandler                              build/startup_stm32f373xc.o
EXTI1_IRQHandler                                  build/startup_stm32f373xc.o
EXTI2_TSC_IRQHandler                              build/startup_stm32f373xc.o
EXTI3_IRQHandler                                  build/startup_stm32f373xc.o
EXTI4_IRQHandler                                  build/startup_stm32f373xc.o
EXTI9_5_IRQHandler                                build/startup_stm32f373xc.o
Error_Handler                                     build/main.o
                                                  build/usb.o
                                                  build/spi.o
                                                  build/sdadc.o
                                                  build/dac.o
                                                  build/can.o
FLASH_IRQHandler                                  build/startup_stm32f373xc.o
FLASH_PageErase                                   build/stm32f3xx_hal_flash_ex.o
                                                  build/stm32f3xx_hal_flash.o
FLASH_WaitForLastOperation                        build/stm32f3xx_hal_flash.o
                                                  build/stm32f3xx_hal_flash_ex.o
FPU_IRQHandler                                    build/startup_stm32f373xc.o
HAL_CAN_AbortTxRequest                            build/stm32f3xx_hal_can.o
HAL_CAN_ActivateNotification                      build/stm32f3xx_hal_can.o
HAL_CAN_AddTxMessage                              build/stm32f3xx_hal_can.o
                                                  build/freertos.o
HAL_CAN_ConfigFilter                              build/stm32f3xx_hal_can.o
HAL_CAN_DeInit                                    build/stm32f3xx_hal_can.o
HAL_CAN_DeactivateNotification                    build/stm32f3xx_hal_can.o
HAL_CAN_ErrorCallback                             build/stm32f3xx_hal_can.o
HAL_CAN_GetError                                  build/stm32f3xx_hal_can.o
HAL_CAN_GetRxFifoFillLevel                        build/stm32f3xx_hal_can.o
HAL_CAN_GetRxMessage                              build/stm32f3xx_hal_can.o
HAL_CAN_GetState                                  build/stm32f3xx_hal_can.o
HAL_CAN_GetTxMailboxesFreeLevel                   build/stm32f3xx_hal_can.o
HAL_CAN_GetTxTimestamp                            build/stm32f3xx_hal_can.o
HAL_CAN_IRQHandler                                build/stm32f3xx_hal_can.o
                                                  build/stm32f3xx_it.o
HAL_CAN_Init                                      build/stm32f3xx_hal_can.o
                                                  build/can.o
HAL_CAN_IsSleepActive                             build/stm32f3xx_hal_can.o
HAL_CAN_IsTxMessagePending                        build/stm32f3xx_hal_can.o
HAL_CAN_MspDeInit                                 build/can.o
HAL_CAN_MspInit                                   build/can.o
HAL_CAN_RequestSleep                              build/stm32f3xx_hal_can.o
HAL_CAN_ResetError                                build/stm32f3xx_hal_can.o
HAL_CAN_RxFifo0FullCallback                       build/stm32f3xx_hal_can.o
HAL_CAN_RxFifo0MsgPendingCallback                 build/stm32f3xx_hal_can.o
HAL_CAN_RxFifo1FullCallback                       build/stm32f3xx_hal_can.o
HAL_CAN_RxFifo1MsgPendingCallback                 build/stm32f3xx_hal_can.o
HAL_CAN_SleepCallback                             build/stm32f3xx_hal_can.o
HAL_CAN_Start                                     build/stm32f3xx_hal_can.o
                                                  build/freertos.o
HAL_CAN_Stop                                      build/stm32f3xx_hal_can.o
HAL_CAN_TxMailbox0AbortCallback                   build/stm32f3xx_hal_can.o
HAL_CAN_TxMailbox0CompleteCallback                build/stm32f3xx_hal_can.o
HAL_CAN_TxMailbox1AbortCallback                   build/stm32f3xx_hal_can.o
HAL_CAN_TxMailbox1CompleteCallback                build/stm32f3xx_hal_can.o
HAL_CAN_TxMailbox2AbortCallback                   build/stm32f3xx_hal_can.o
HAL_CAN_TxMailbox2CompleteCallback                build/stm32f3xx_hal_can.o
HAL_CAN_WakeUp                                    build/stm32f3xx_hal_can.o
HAL_CAN_WakeUpFromRxMsgCallback                   build/stm32f3xx_hal_can.o
HAL_DACEx_ConvCpltCallbackCh2                     build/stm32f3xx_hal_dac_ex.o
HAL_DACEx_ConvHalfCpltCallbackCh2                 build/stm32f3xx_hal_dac_ex.o
HAL_DACEx_DMAUnderrunCallbackCh2                  build/stm32f3xx_hal_dac_ex.o
HAL_DACEx_DualGetValue                            build/stm32f3xx_hal_dac_ex.o
                                                  build/stm32f3xx_hal_dac.o
HAL_DACEx_DualSetValue                            build/stm32f3xx_hal_dac_ex.o
                                                  build/stm32f3xx_hal_dac.o
HAL_DACEx_ErrorCallbackCh2                        build/stm32f3xx_hal_dac_ex.o
HAL_DACEx_NoiseWaveGenerate                       build/stm32f3xx_hal_dac_ex.o
HAL_DACEx_TriangleWaveGenerate                    build/stm32f3xx_hal_dac_ex.o
HAL_DAC_ConfigChannel                             build/stm32f3xx_hal_dac_ex.o
                                                  build/stm32f3xx_hal_dac.o
                                                  build/dac.o
HAL_DAC_ConvCpltCallbackCh1                       build/stm32f3xx_hal_dac.o
                                                  build/stm32f3xx_hal_dac_ex.o
HAL_DAC_ConvHalfCpltCallbackCh1                   build/stm32f3xx_hal_dac.o
                                                  build/stm32f3xx_hal_dac_ex.o
HAL_DAC_DMAUnderrunCallbackCh1                    build/stm32f3xx_hal_dac.o
                                                  build/stm32f3xx_hal_dac_ex.o
HAL_DAC_DeInit                                    build/stm32f3xx_hal_dac.o
HAL_DAC_ErrorCallbackCh1                          build/stm32f3xx_hal_dac.o
                                                  build/stm32f3xx_hal_dac_ex.o
HAL_DAC_GetError                                  build/stm32f3xx_hal_dac.o
HAL_DAC_GetState                                  build/stm32f3xx_hal_dac.o
HAL_DAC_GetValue                                  build/stm32f3xx_hal_dac_ex.o
                                                  build/stm32f3xx_hal_dac.o
HAL_DAC_IRQHandler                                build/stm32f3xx_hal_dac_ex.o
HAL_DAC_Init                                      build/stm32f3xx_hal_dac.o
                                                  build/dac.o
HAL_DAC_MspDeInit                                 build/dac.o
HAL_DAC_MspInit                                   build/dac.o
HAL_DAC_SetValue                                  build/stm32f3xx_hal_dac_ex.o
                                                  build/stm32f3xx_hal_dac.o
                                                  build/sampling.o
HAL_DAC_Start                                     build/stm32f3xx_hal_dac_ex.o
                                                  build/stm32f3xx_hal_dac.o
                                                  build/sampling.o
HAL_DAC_Start_DMA                                 build/stm32f3xx_hal_dac_ex.o
HAL_DAC_Stop                                      build/stm32f3xx_hal_dac.o
HAL_DAC_Stop_DMA                                  build/stm32f3xx_hal_dac.o
HAL_DBGMCU_DisableDBGSleepMode                    build/stm32f3xx_hal.o
HAL_DBGMCU_DisableDBGStandbyMode                  build/stm32f3xx_hal.o
HAL_DBGMCU_DisableDBGStopMode                     build/stm32f3xx_hal.o
HAL_DBGMCU_EnableDBGSleepMode                     build/stm32f3xx_hal.o
HAL_DBGMCU_EnableDBGStandbyMode                   build/stm32f3xx_hal.o
HAL_DBGMCU_EnableDBGStopMode                      build/stm32f3xx_hal.o
HAL_DMA_Abort                                     build/stm32f3xx_hal_dma.o
                                                  build/stm32f3xx_hal_spi.o
                                                  build/stm32f3xx_hal_tim.o
                                                  build/stm32f3xx_hal_sdadc.o
                                                  build/stm32f3xx_hal_dac.o
HAL_DMA_Abort_IT                                  build/stm32f3xx_hal_dma.o
                                                  build/stm32f3xx_hal_spi.o
                                                  build/stm32f3xx_hal_i2c.o
HAL_DMA_DeInit                                    build/stm32f3xx_hal_dma.o
                                                  build/sdadc.o
                                                  build/dac.o
HAL_DMA_GetError                                  build/stm32f3xx_hal_dma.o
HAL_DMA_GetState                                  build/stm32f3xx_hal_dma.o
HAL_DMA_IRQHandler                                build/stm32f3xx_hal_dma.o
                                                  build/stm32f3xx_it.o
HAL_DMA_Init                                      build/stm32f3xx_hal_dma.o
                                                  build/sdadc.o
                                                  build/dac.o
HAL_DMA_PollForTransfer                           build/stm32f3xx_hal_dma.o
HAL_DMA_RegisterCallback                          build/stm32f3xx_hal_dma.o
HAL_DMA_Start                                     build/stm32f3xx_hal_dma.o
HAL_DMA_Start_IT                                  build/stm32f3xx_hal_dma.o
                                                  build/stm32f3xx_hal_spi.o
                                                  build/stm32f3xx_hal_i2c.o
                                                  build/stm32f3xx_hal_tim_ex.o
                                                  build/stm32f3xx_hal_tim.o
                                                  build/stm32f3xx_hal_sdadc.o
                                                  build/stm32f3xx_hal_dac_ex.o
HAL_DMA_UnRegisterCallback                        build/stm32f3xx_hal_dma.o
HAL_DeInit                                        build/stm32f3xx_hal.o
HAL_Delay                                         build/stm32f3xx_hal.o
                                                  build/stm32f3xx_hal_sdadc.o
HAL_FLASHEx_Erase                                 build/stm32f3xx_hal_flash_ex.o
HAL_FLASHEx_Erase_IT                              build/stm32f3xx_hal_flash_ex.o
HAL_FLASHEx_OBErase                               build/stm32f3xx_hal_flash_ex.o
HAL_FLASHEx_OBGetConfig                           build/stm32f3xx_hal_flash_ex.o
HAL_FLASHEx_OBGetUserData                         build/stm32f3xx_hal_flash_ex.o
HAL_FLASHEx_OBProgram                             build/stm32f3xx_hal_flash_ex.o
HAL_FLASH_EndOfOperationCallback                  build/stm32f3xx_hal_flash.o
HAL_FLASH_GetError                                build/stm32f3xx_hal_flash.o
HAL_FLASH_IRQHandler                              build/stm32f3xx_hal_flash.o
HAL_FLASH_Lock                                    build/stm32f3xx_hal_flash.o
HAL_FLASH_OB_Launch                               build/stm32f3xx_hal_flash.o
HAL_FLASH_OB_Lock                                 build/stm32f3xx_hal_flash.o
HAL_FLASH_OB_Unlock                               build/stm32f3xx_hal_flash.o
HAL_FLASH_OperationErrorCallback                  build/stm32f3xx_hal_flash.o
HAL_FLASH_Program                                 build/stm32f3xx_hal_flash.o
HAL_FLASH_Program_IT                              build/stm32f3xx_hal_flash.o
HAL_FLASH_Unlock                                  build/stm32f3xx_hal_flash.o
HAL_GPIO_DeInit                                   build/stm32f3xx_hal_gpio.o
                                                  build/usb.o
                                                  build/spi.o
                                                  build/sdadc.o
                                                  build/dac.o
                                                  build/can.o
HAL_GPIO_EXTI_Callback                            build/stm32f3xx_hal_gpio.o
HAL_GPIO_EXTI_IRQHandler                          build/stm32f3xx_hal_gpio.o
HAL_GPIO_Init                                     build/stm32f3xx_hal_gpio.o
                                                  build/usb.o
                                                  build/spi.o
                                                  build/stm32f3xx_hal_rcc.o
                                                  build/sdadc.o
                                                  build/dac.o
                                                  build/can.o
                                                  build/gpio.o
HAL_GPIO_LockPin                                  build/stm32f3xx_hal_gpio.o
HAL_GPIO_ReadPin                                  build/stm32f3xx_hal_gpio.o
HAL_GPIO_TogglePin                                build/stm32f3xx_hal_gpio.o
                                                  build/freertos.o
HAL_GPIO_WritePin                                 build/stm32f3xx_hal_gpio.o
                                                  build/gpio.o
HAL_GetDEVID                                      build/stm32f3xx_hal.o
HAL_GetHalVersion                                 build/stm32f3xx_hal.o
HAL_GetREVID                                      build/stm32f3xx_hal.o
HAL_GetTick                                       build/stm32f3xx_hal.o
                                                  build/stm32f3xx_hal_spi.o
                                                  build/stm32f3xx_hal_i2c.o
                                                  build/stm32f3xx_hal_flash.o
                                                  build/stm32f3xx_hal_dma.o
                                                  build/stm32f3xx_hal_rcc_ex.o
                                                  build/stm32f3xx_hal_rcc.o
                                                  build/stm32f3xx_hal_sdadc.o
                                                  build/stm32f3xx_hal_can.o
HAL_GetTickFreq                                   build/stm32f3xx_hal.o
HAL_GetTickPrio                                   build/stm32f3xx_hal.o
HAL_GetUIDw0                                      build/stm32f3xx_hal.o
HAL_GetUIDw1                                      build/stm32f3xx_hal.o
HAL_GetUIDw2                                      build/stm32f3xx_hal.o
HAL_I2CEx_ConfigAnalogFilter                      build/stm32f3xx_hal_i2c_ex.o
HAL_I2CEx_ConfigDigitalFilter                     build/stm32f3xx_hal_i2c_ex.o
HAL_I2CEx_DisableFastModePlus                     build/stm32f3xx_hal_i2c_ex.o
HAL_I2CEx_DisableWakeUp                           build/stm32f3xx_hal_i2c_ex.o
HAL_I2CEx_EnableFastModePlus                      build/stm32f3xx_hal_i2c_ex.o
HAL_I2CEx_EnableWakeUp                            build/stm32f3xx_hal_i2c_ex.o
HAL_I2C_AbortCpltCallback                         build/stm32f3xx_hal_i2c.o
HAL_I2C_AddrCallback                              build/stm32f3xx_hal_i2c.o
HAL_I2C_DeInit                                    build/stm32f3xx_hal_i2c.o
HAL_I2C_DisableListen_IT                          build/stm32f3xx_hal_i2c.o
HAL_I2C_ER_IRQHandler                             build/stm32f3xx_hal_i2c.o
HAL_I2C_EV_IRQHandler                             build/stm32f3xx_hal_i2c.o
HAL_I2C_EnableListen_IT                           build/stm32f3xx_hal_i2c.o
HAL_I2C_ErrorCallback                             build/stm32f3xx_hal_i2c.o
HAL_I2C_GetError                                  build/stm32f3xx_hal_i2c.o
HAL_I2C_GetMode                                   build/stm32f3xx_hal_i2c.o
HAL_I2C_GetState                                  build/stm32f3xx_hal_i2c.o
HAL_I2C_Init                                      build/stm32f3xx_hal_i2c.o
HAL_I2C_IsDeviceReady                             build/stm32f3xx_hal_i2c.o
HAL_I2C_ListenCpltCallback                        build/stm32f3xx_hal_i2c.o
HAL_I2C_MasterRxCpltCallback                      build/stm32f3xx_hal_i2c.o
HAL_I2C_MasterTxCpltCallback                      build/stm32f3xx_hal_i2c.o
HAL_I2C_Master_Abort_IT                           build/stm32f3xx_hal_i2c.o
HAL_I2C_Master_Receive                            build/stm32f3xx_hal_i2c.o
HAL_I2C_Master_Receive_DMA                        build/stm32f3xx_hal_i2c.o
HAL_I2C_Master_Receive_IT                         build/stm32f3xx_hal_i2c.o
HAL_I2C_Master_Sequential_Receive_IT              build/stm32f3xx_hal_i2c.o
HAL_I2C_Master_Sequential_Transmit_IT             build/stm32f3xx_hal_i2c.o
HAL_I2C_Master_Transmit                           build/stm32f3xx_hal_i2c.o
HAL_I2C_Master_Transmit_DMA                       build/stm32f3xx_hal_i2c.o
HAL_I2C_Master_Transmit_IT                        build/stm32f3xx_hal_i2c.o
HAL_I2C_MemRxCpltCallback                         build/stm32f3xx_hal_i2c.o
HAL_I2C_MemTxCpltCallback                         build/stm32f3xx_hal_i2c.o
HAL_I2C_Mem_Read                                  build/stm32f3xx_hal_i2c.o
HAL_I2C_Mem_Read_DMA                              build/stm32f3xx_hal_i2c.o
HAL_I2C_Mem_Read_IT                               build/stm32f3xx_hal_i2c.o
HAL_I2C_Mem_Write                                 build/stm32f3xx_hal_i2c.o
HAL_I2C_Mem_Write_DMA                             build/stm32f3xx_hal_i2c.o
HAL_I2C_Mem_Write_IT                              build/stm32f3xx_hal_i2c.o
HAL_I2C_MspDeInit                                 build/stm32f3xx_hal_i2c.o
HAL_I2C_MspInit                                   build/stm32f3xx_hal_i2c.o
HAL_I2C_SlaveRxCpltCallback                       build/stm32f3xx_hal_i2c.o
HAL_I2C_SlaveTxCpltCallback                       build/stm32f3xx_hal_i2c.o
HAL_I2C_Slave_Receive                             build/stm32f3xx_hal_i2c.o
HAL_I2C_Slave_Receive_DMA                         build/stm32f3xx_hal_i2c.o
HAL_I2C_Slave_Receive_IT                          build/stm32f3xx_hal_i2c.o
HAL_I2C_Slave_Sequential_Receive_IT               build/stm32f3xx_hal_i2c.o
HAL_I2C_Slave_Sequential_Transmit_IT              build/stm32f3xx_hal_i2c.o
HAL_I2C_Slave_Transmit                            build/stm32f3xx_hal_i2c.o
HAL_I2C_Slave_Transmit_DMA                        build/stm32f3xx_hal_i2c.o
HAL_I2C_Slave_Transmit_IT                         build/stm32f3xx_hal_i2c.o
HAL_IncTick                                       build/stm32f3xx_hal.o
                                                  build/main.o
HAL_Init                                          build/stm32f3xx_hal.o
                                                  build/main.o
HAL_InitTick                                      build/stm32f3xx_hal_timebase_tim.o
                                                  build/stm32f3xx_hal.o
                                                  build/stm32f3xx_hal_rcc.o
HAL_MPU_ConfigRegion                              build/stm32f3xx_hal_cortex.o
HAL_MPU_Disable                                   build/stm32f3xx_hal_cortex.o
HAL_MPU_Enable                                    build/stm32f3xx_hal_cortex.o
HAL_MspDeInit                                     build/stm32f3xx_hal.o
HAL_MspInit                                       build/stm32f3xx_hal_msp.o
HAL_NVIC_ClearPendingIRQ                          build/stm32f3xx_hal_cortex.o
HAL_NVIC_DisableIRQ                               build/stm32f3xx_hal_cortex.o
                                                  build/can.o
HAL_NVIC_EnableIRQ                                build/stm32f3xx_hal_cortex.o
                                                  build/stm32f3xx_hal_timebase_tim.o
                                                  build/dma.o
                                                  build/can.o
HAL_NVIC_GetActive                                build/stm32f3xx_hal_cortex.o
HAL_NVIC_GetPendingIRQ                            build/stm32f3xx_hal_cortex.o
HAL_NVIC_GetPriority                              build/stm32f3xx_hal_cortex.o
HAL_NVIC_GetPriorityGrouping                      build/stm32f3xx_hal_cortex.o
HAL_NVIC_SetPendingIRQ                            build/stm32f3xx_hal_cortex.o
HAL_NVIC_SetPriority                              build/stm32f3xx_hal_cortex.o
                                                  build/stm32f3xx_hal_timebase_tim.o
                                                  build/stm32f3xx_hal.o
                                                  build/stm32f3xx_hal_msp.o
                                                  build/dma.o
                                                  build/can.o
HAL_NVIC_SetPriorityGrouping                      build/stm32f3xx_hal_cortex.o
                                                  build/stm32f3xx_hal.o
HAL_NVIC_SystemReset                              build/stm32f3xx_hal_cortex.o
HAL_PCDEx_PMAConfig                               build/stm32f3xx_hal_pcd_ex.o
HAL_PCDEx_SetConnectionState                      build/stm32f3xx_hal_pcd_ex.o
                                                  build/stm32f3xx_hal_pcd.o
HAL_PCD_ActivateRemoteWakeup                      build/stm32f3xx_hal_pcd.o
HAL_PCD_ConnectCallback                           build/stm32f3xx_hal_pcd.o
HAL_PCD_DataInStageCallback                       build/stm32f3xx_hal_pcd.o
HAL_PCD_DataOutStageCallback                      build/stm32f3xx_hal_pcd.o
HAL_PCD_DeActivateRemoteWakeup                    build/stm32f3xx_hal_pcd.o
HAL_PCD_DeInit                                    build/stm32f3xx_hal_pcd.o
HAL_PCD_DevConnect                                build/stm32f3xx_hal_pcd.o
HAL_PCD_DevDisconnect                             build/stm32f3xx_hal_pcd.o
HAL_PCD_DisconnectCallback                        build/stm32f3xx_hal_pcd.o
HAL_PCD_EP_Close                                  build/stm32f3xx_hal_pcd.o
HAL_PCD_EP_ClrStall                               build/stm32f3xx_hal_pcd.o
HAL_PCD_EP_Flush                                  build/stm32f3xx_hal_pcd.o
HAL_PCD_EP_GetRxCount                             build/stm32f3xx_hal_pcd.o
HAL_PCD_EP_Open                                   build/stm32f3xx_hal_pcd.o
HAL_PCD_EP_Receive                                build/stm32f3xx_hal_pcd.o
HAL_PCD_EP_SetStall                               build/stm32f3xx_hal_pcd.o
HAL_PCD_EP_Transmit                               build/stm32f3xx_hal_pcd.o
HAL_PCD_GetState                                  build/stm32f3xx_hal_pcd.o
HAL_PCD_IRQHandler                                build/stm32f3xx_hal_pcd.o
HAL_PCD_ISOINIncompleteCallback                   build/stm32f3xx_hal_pcd.o
HAL_PCD_ISOOUTIncompleteCallback                  build/stm32f3xx_hal_pcd.o
HAL_PCD_Init                                      build/stm32f3xx_hal_pcd.o
                                                  build/usb.o
HAL_PCD_MspDeInit                                 build/usb.o
HAL_PCD_MspInit                                   build/usb.o
HAL_PCD_ResetCallback                             build/stm32f3xx_hal_pcd.o
HAL_PCD_ResumeCallback                            build/stm32f3xx_hal_pcd.o
HAL_PCD_SOFCallback                               build/stm32f3xx_hal_pcd.o
HAL_PCD_SetAddress                                build/stm32f3xx_hal_pcd.o
HAL_PCD_SetupStageCallback                        build/stm32f3xx_hal_pcd.o
HAL_PCD_Start                                     build/stm32f3xx_hal_pcd.o
HAL_PCD_Stop                                      build/stm32f3xx_hal_pcd.o
HAL_PCD_SuspendCallback                           build/stm32f3xx_hal_pcd.o
HAL_PWREx_DisableSDADC                            build/stm32f3xx_hal_pwr_ex.o
HAL_PWREx_EnableSDADC                             build/stm32f3xx_hal_pwr_ex.o
                                                  build/main.o
HAL_PWR_ConfigPVD                                 build/stm32f3xx_hal_pwr_ex.o
HAL_PWR_DeInit                                    build/stm32f3xx_hal_pwr.o
HAL_PWR_DisableBkUpAccess                         build/stm32f3xx_hal_pwr.o
HAL_PWR_DisablePVD                                build/stm32f3xx_hal_pwr_ex.o
HAL_PWR_DisableSEVOnPend                          build/stm32f3xx_hal_pwr.o
HAL_PWR_DisableSleepOnExit                        build/stm32f3xx_hal_pwr.o
HAL_PWR_DisableWakeUpPin                          build/stm32f3xx_hal_pwr.o
HAL_PWR_EnableBkUpAccess                          build/stm32f3xx_hal_pwr.o
HAL_PWR_EnablePVD                                 build/stm32f3xx_hal_pwr_ex.o
HAL_PWR_EnableSEVOnPend                           build/stm32f3xx_hal_pwr.o
HAL_PWR_EnableSleepOnExit                         build/stm32f3xx_hal_pwr.o
HAL_PWR_EnableWakeUpPin                           build/stm32f3xx_hal_pwr.o
HAL_PWR_EnterSLEEPMode                            build/stm32f3xx_hal_pwr.o