Archive member included to satisfy reference by file (symbol)

/home/alex/opt/gcc-arm-none-eabi-8-2018-q4-major/bin/../lib/gcc/arm-none-eabi/8.2.1/../../../../arm-none-eabi/lib/thumb/v7e-m+fp/hard/libc_nano.a(lib_a-exit.o)
                              /home/alex/opt/gcc-arm-none-eabi-8-2018-q4-major/bin/../lib/gcc/arm-none-eabi/8.2.1/../../../../arm-none-eabi/lib/thumb/v7e-m+fp/hard/crt0.o (exit)
/home/alex/opt/gcc-arm-none-eabi-8-2018-q4-major/bin/../lib/gcc/arm-none-eabi/8.2.1/../../../../arm-none-eabi/lib/thumb/v7e-m+fp/hard/libc_nano.a(lib_a-impure.o)
                              /home/alex/opt/gcc-arm-none-eabi-8-2018-q4-major/bin/../lib/gcc/arm-none-eabi/8.2.1/../../../../arm-none-eabi/lib/thumb/v7e-m+fp/hard/libc_nano.a(lib_a-exit.o) (_global_impure_ptr)
/home/alex/opt/gcc-arm-none-eabi-8-2018-q4-major/bin/../lib/gcc/arm-none-eabi/8.2.1/../../../../arm-none-eabi/lib/thumb/v7e-m+fp/hard/libc_nano.a(lib_a-init.o)
                              /home/alex/opt/gcc-arm-none-eabi-8-2018-q4-major/bin/../lib/gcc/arm-none-eabi/8.2.1/../../../../arm-none-eabi/lib/thumb/v7e-m+fp/hard/crt0.o (__libc_init_array)
/home/alex/opt/gcc-arm-none-eabi-8-2018-q4-major/bin/../lib/gcc/arm-none-eabi/8.2.1/../../../../arm-none-eabi/lib/thumb/v7e-m+fp/hard/libc_nano.a(lib_a-memset.o)
                              /home/alex/opt/gcc-arm-none-eabi-8-2018-q4-major/bin/../lib/gcc/arm-none-eabi/8.2.1/../../../../arm-none-eabi/lib/thumb/v7e-m+fp/hard/crt0.o (memset)
/home/alex/opt/gcc-arm-none-eabi-8-2018-q4-major/bin/../lib/gcc/arm-none-eabi/8.2.1/../../../../arm-none-eabi/lib/thumb/v7e-m+fp/hard/libnosys.a(_exit.o)
                              /home/alex/opt/gcc-arm-none-eabi-8-2018-q4-major/bin/../lib/gcc/arm-none-eabi/8.2.1/../../../../arm-none-eabi/lib/thumb/v7e-m+fp/hard/libc_nano.a(lib_a-exit.o) (_exit)
/home/alex/opt/gcc-arm-none-eabi-8-2018-q4-major/bin/../lib/gcc/arm-none-eabi/8.2.1/thumb/v7e-m+fp/hard/libgcc.a(_arm_addsubdf3.o)
                              build/sampling.o (__aeabi_dadd)
/home/alex/opt/gcc-arm-none-eabi-8-2018-q4-major/bin/../lib/gcc/arm-none-eabi/8.2.1/thumb/v7e-m+fp/hard/libgcc.a(_arm_muldivdf3.o)
                              build/sampling.o (__aeabi_ddiv)
/home/alex/opt/gcc-arm-none-eabi-8-2018-q4-major/bin/../lib/gcc/arm-none-eabi/8.2.1/thumb/v7e-m+fp/hard/libgcc.a(_arm_truncdfsf2.o)
                              build/sampling.o (__aeabi_d2f)

Allocating common symbols
Common symbol       size              file

hdma_sdadc1         0x44              build/sdadc.o
hdac1               0x14              build/dac.o
hdma_dac1_ch1       0x44              build/dac.o
hcan                0x28              build/can.o
hdma_sdadc3         0x44              build/sdadc.o
uwTick              0x4               build/stm32f3xx_hal.o
pFlash              0x20              build/stm32f3xx_hal_flash.o
hsdadc1             0x44              build/sdadc.o
currentSamples      0xc8              build/sampling.o
hsdadc3             0x44              build/sdadc.o

Discarded input sections

 .text          0x0000000000000000        0x0 /home/alex/opt/gcc-arm-none-eabi-8-2018-q4-major/bin/../lib/gcc/arm-none-eabi/8.2.1/thumb/v7e-m+fp/hard/crti.o
 .data          0x0000000000000000        0x0 /home/alex/opt/gcc-arm-none-eabi-8-2018-q4-major/bin/../lib/gcc/arm-none-eabi/8.2.1/thumb/v7e-m+fp/hard/crti.o
 .bss           0x0000000000000000        0x0 /home/alex/opt/gcc-arm-none-eabi-8-2018-q4-major/bin/../lib/gcc/arm-none-eabi/8.2.1/thumb/v7e-m+fp/hard/crti.o
 .data          0x0000000000000000        0x4 /home/alex/opt/gcc-arm-none-eabi-8-2018-q4-major/bin/../lib/gcc/arm-none-eabi/8.2.1/thumb/v7e-m+fp/hard/crtbegin.o
 .text          0x0000000000000000       0x74 /home/alex/opt/gcc-arm-none-eabi-8-2018-q4-major/bin/../lib/gcc/arm-none-eabi/8.2.1/../../../../arm-none-eabi/lib/thumb/v7e-m+fp/hard/crt0.o
 .data          0x0000000000000000        0x0 /home/alex/opt/gcc-arm-none-eabi-8-2018-q4-major/bin/../lib/gcc/arm-none-eabi/8.2.1/../../../../arm-none-eabi/lib/thumb/v7e-m+fp/hard/crt0.o
 .bss           0x0000000000000000        0x0 /home/alex/opt/gcc-arm-none-eabi-8-2018-q4-major/bin/../lib/gcc/arm-none-eabi/8.2.1/../../../../arm-none-eabi/lib/thumb/v7e-m+fp/hard/crt0.o
 .ARM.extab     0x0000000000000000        0x0 /home/alex/opt/gcc-arm-none-eabi-8-2018-q4-major/bin/../lib/gcc/arm-none-eabi/8.2.1/../../../../arm-none-eabi/lib/thumb/v7e-m+fp/hard/crt0.o
 .ARM.exidx     0x0000000000000000        0x8 /home/alex/opt/gcc-arm-none-eabi-8-2018-q4-major/bin/../lib/gcc/arm-none-eabi/8.2.1/../../../../arm-none-eabi/lib/thumb/v7e-m+fp/hard/crt0.o
 .ARM.attributes
                0x0000000000000000       0x1c /home/alex/opt/gcc-arm-none-eabi-8-2018-q4-major/bin/../lib/gcc/arm-none-eabi/8.2.1/../../../../arm-none-eabi/lib/thumb/v7e-m+fp/hard/crt0.o
 .text          0x0000000000000000        0x0 build/main.o
 .data          0x0000000000000000        0x0 build/main.o
 .bss           0x0000000000000000        0x0 build/main.o
[...]
Memory Configuration

Name             Origin             Length             Attributes
RAM              0x0000000020000000 0x0000000000008000 xrw
FLASH            0x0000000008000000 0x0000000000040000 xr
*default*        0x0000000000000000 0xffffffffffffffff

Linker script and memory map

LOAD /home/alex/opt/gcc-arm-none-eabi-8-2018-q4-major/bin/../lib/gcc/arm-none-eabi/8.2.1/thumb/v7e-m+fp/hard/crti.o
LOAD /home/alex/opt/gcc-arm-none-eabi-8-2018-q4-major/bin/../lib/gcc/arm-none-eabi/8.2.1/thumb/v7e-m+fp/hard/crtbegin.o
LOAD /home/alex/opt/gcc-arm-none-eabi-8-2018-q4-major/bin/../lib/gcc/arm-none-eabi/8.2.1/../../../../arm-none-eabi/lib/thumb/v7e-m+fp/hard/crt0.o
LOAD build/main.o
LOAD build/gpio.o
LOAD build/can.o
LOAD build/dac.o
LOAD build/dma.o
LOAD build/sdadc.o
LOAD build/stm32f3xx_it.o
LOAD build/stm32f3xx_hal_msp.o
LOAD build/stm32f3xx_hal_can.o
LOAD build/stm32f3xx_hal_dac.o
LOAD build/stm32f3xx_hal_dac_ex.o
LOAD build/stm32f3xx_hal_sdadc.o
LOAD build/stm32f3xx_hal_tim.o
LOAD build/stm32f3xx_hal_tim_ex.o
LOAD build/stm32f3xx_hal.o
LOAD build/stm32f3xx_hal_rcc.o
LOAD build/stm32f3xx_hal_rcc_ex.o
LOAD build/stm32f3xx_hal_gpio.o
LOAD build/stm32f3xx_hal_dma.o
LOAD build/stm32f3xx_hal_cortex.o
LOAD build/stm32f3xx_hal_pwr.o
LOAD build/stm32f3xx_hal_pwr_ex.o
LOAD build/stm32f3xx_hal_flash.o
LOAD build/stm32f3xx_hal_flash_ex.o
LOAD build/stm32f3xx_hal_i2c.o
LOAD build/stm32f3xx_hal_i2c_ex.o
LOAD build/system_stm32f3xx.o
LOAD build/sampling.o
LOAD build/startup_stm32f373xc.o
LOAD /home/alex/opt/gcc-arm-none-eabi-8-2018-q4-major/bin/../lib/gcc/arm-none-eabi/8.2.1/../../../../arm-none-eabi/lib/thumb/v7e-m+fp/hard/libc_nano.a
LOAD /home/alex/opt/gcc-arm-none-eabi-8-2018-q4-major/bin/../lib/gcc/arm-none-eabi/8.2.1/../../../../arm-none-eabi/lib/thumb/v7e-m+fp/hard/libm.a
LOAD /home/alex/opt/gcc-arm-none-eabi-8-2018-q4-major/bin/../lib/gcc/arm-none-eabi/8.2.1/../../../../arm-none-eabi/lib/thumb/v7e-m+fp/hard/libnosys.a
START GROUP
LOAD /home/alex/opt/gcc-arm-none-eabi-8-2018-q4-major/bin/../lib/gcc/arm-none-eabi/8.2.1/thumb/v7e-m+fp/hard/libgcc.a
LOAD /home/alex/opt/gcc-arm-none-eabi-8-2018-q4-major/bin/../lib/gcc/arm-none-eabi/8.2.1/../../../../arm-none-eabi/lib/thumb/v7e-m+fp/hard/libc_nano.a
END GROUP
START GROUP
LOAD /home/alex/opt/gcc-arm-none-eabi-8-2018-q4-major/bin/../lib/gcc/arm-none-eabi/8.2.1/thumb/v7e-m+fp/hard/libgcc.a
LOAD /home/alex/opt/gcc-arm-none-eabi-8-2018-q4-major/bin/../lib/gcc/arm-none-eabi/8.2.1/../../../../arm-none-eabi/lib/thumb/v7e-m+fp/hard/libc_nano.a
END GROUP
LOAD /home/alex/opt/gcc-arm-none-eabi-8-2018-q4-major/bin/../lib/gcc/arm-none-eabi/8.2.1/thumb/v7e-m+fp/hard/crtend.o
LOAD /home/alex/opt/gcc-arm-none-eabi-8-2018-q4-major/bin/../lib/gcc/arm-none-eabi/8.2.1/thumb/v7e-m+fp/hard/crtn.o
                0x0000000020008000                _estack = 0x20008000
                0x0000000000000200                _Min_Heap_Size = 0x200
                0x0000000000000400                _Min_Stack_Size = 0x400

.isr_vector     0x0000000008000000      0x188
                0x0000000008000000                . = ALIGN (0x4)
 *(.isr_vector)
 .isr_vector    0x0000000008000000      0x188 build/startup_stm32f373xc.o
                0x0000000008000000                g_pfnVectors
                0x0000000008000188                . = ALIGN (0x4)

.text           0x0000000008000188     0x28d4
                0x0000000008000188                . = ALIGN (0x4)
 *(.text)
 .text          0x0000000008000188       0x40 /home/alex/opt/gcc-arm-none-eabi-8-2018-q4-major/bin/../lib/gcc/arm-none-eabi/8.2.1/thumb/v7e-m+fp/hard/crtbegin.o
 .text          0x00000000080001c8      0x378 /home/alex/opt/gcc-arm-none-eabi-8-2018-q4-major/bin/../lib/gcc/arm-none-eabi/8.2.1/thumb/v7e-m+fp/hard/libgcc.a(_arm_addsubdf3.o)
                0x00000000080001c8                __aeabi_drsub
                0x00000000080001d0                __aeabi_dsub
                0x00000000080001d0                __subdf3
                0x00000000080001d4                __adddf3
                0x00000000080001d4                __aeabi_dadd
                0x000000000800044c                __aeabi_ui2d
                0x000000000800044c                __floatunsidf
                0x000000000800046c                __floatsidf
                0x000000000800046c                __aeabi_i2d
                0x0000000008000490                __extendsfdf2
                0x0000000008000490                __aeabi_f2d
                0x00000000080004d4                __aeabi_ul2d
                0x00000000080004d4                __floatundidf
                0x00000000080004e4                __floatdidf
                0x00000000080004e4                __aeabi_l2d
 .text          0x0000000008000540      0x424 /home/alex/opt/gcc-arm-none-eabi-8-2018-q4-major/bin/../lib/gcc/arm-none-eabi/8.2.1/thumb/v7e-m+fp/hard/libgcc.a(_arm_muldivdf3.o)
                0x0000000008000540                __aeabi_dmul
                0x0000000008000540                __muldf3
                0x0000000008000794                __aeabi_ddiv
                0x0000000008000794                __divdf3
 .text          0x0000000008000964       0xa0 /home/alex/opt/gcc-arm-none-eabi-8-2018-q4-major/bin/../lib/gcc/arm-none-eabi/8.2.1/thumb/v7e-m+fp/hard/libgcc.a(_arm_truncdfsf2.o)
                0x0000000008000964                __aeabi_d2f
                0x0000000008000964                __truncdfsf2
 *(.text*)
 .text.SystemClock_Config
                0x0000000008000a04       0x7c build/main.o
                0x0000000008000a04                SystemClock_Config
 .text.main     0x0000000008000a80       0x28 build/main.o
                0x0000000008000a80                main
 .text.Error_Handler
                0x0000000008000aa8        0x2 build/main.o
                0x0000000008000aa8                Error_Handler
 *fill*         0x0000000008000aaa        0x2 
 .text.MX_GPIO_Init
                0x0000000008000aac      0x104 build/gpio.o
                0x0000000008000aac                MX_GPIO_Init
 .text.MX_CAN_Init
                0x0000000008000bb0       0x38 build/can.o
                0x0000000008000bb0                MX_CAN_Init
 .text.HAL_CAN_MspInit
                0x0000000008000be8       0x88 build/can.o
                0x0000000008000be8                HAL_CAN_MspInit
 .text.MX_DAC1_Init
                0x0000000008000c70       0x44 build/dac.o
                0x0000000008000c70                MX_DAC1_Init
 .text.HAL_DAC_MspInit
                0x0000000008000cb4       0xa8 build/dac.o
                0x0000000008000cb4                HAL_DAC_MspInit
 .text.MX_DMA_Init
                0x0000000008000d5c       0x64 build/dma.o
                0x0000000008000d5c                MX_DMA_Init
 .text.MX_SDADC1_Init
                0x0000000008000dc0       0x90 build/sdadc.o
                0x0000000008000dc0                MX_SDADC1_Init
 .text.MX_SDADC3_Init
                0x0000000008000e50       0x90 build/sdadc.o
                0x0000000008000e50                MX_SDADC3_Init
 .text.HAL_SDADC_MspInit
                0x0000000008000ee0      0x124 build/sdadc.o
                0x0000000008000ee0                HAL_SDADC_MspInit
 .text.NMI_Handler
                0x0000000008001004        0x2 build/stm32f3xx_it.o
                0x0000000008001004                NMI_Handler
 .text.HardFault_Handler
                0x0000000008001006        0x2 build/stm32f3xx_it.o
                0x0000000008001006                HardFault_Handler
 .text.MemManage_Handler
                0x0000000008001008        0x2 build/stm32f3xx_it.o
                0x0000000008001008                MemManage_Handler
 .text.BusFault_Handler
                0x000000000800100a        0x2 build/stm32f3xx_it.o
                0x000000000800100a                BusFault_Handler
 .text.UsageFault_Handler
                0x000000000800100c        0x2 build/stm32f3xx_it.o
                0x000000000800100c                UsageFault_Handler
 .text.SVC_Handler
                0x000000000800100e        0x2 build/stm32f3xx_it.o
                0x000000000800100e                SVC_Handler
 .text.DebugMon_Handler
                0x0000000008001010        0x2 build/stm32f3xx_it.o
                0x0000000008001010                DebugMon_Handler
 .text.PendSV_Handler
                0x0000000008001012        0x2 build/stm32f3xx_it.o
                0x0000000008001012                PendSV_Handler
 .text.SysTick_Handler
                0x0000000008001014        0x8 build/stm32f3xx_it.o
                0x0000000008001014                SysTick_Handler
 .text.DMA1_Channel3_IRQHandler
                0x000000000800101c       0x10 build/stm32f3xx_it.o
                0x000000000800101c                DMA1_Channel3_IRQHandler
 .text.CAN_RX0_IRQHandler
                0x000000000800102c       0x10 build/stm32f3xx_it.o
                0x000000000800102c                CAN_RX0_IRQHandler
 .text.CAN_RX1_IRQHandler
                0x000000000800103c       0x10 build/stm32f3xx_it.o
                0x000000000800103c                CAN_RX1_IRQHandler
 .text.DMA2_Channel3_IRQHandler
                0x000000000800104c       0x10 build/stm32f3xx_it.o
                0x000000000800104c                DMA2_Channel3_IRQHandler
 .text.DMA2_Channel5_IRQHandler
                0x000000000800105c       0x10 build/stm32f3xx_it.o
                0x000000000800105c                DMA2_Channel5_IRQHandler
 .text.HAL_MspInit
                0x000000000800106c       0x30 build/stm32f3xx_hal_msp.o
                0x000000000800106c                HAL_MspInit
 .text.HAL_CAN_Init
                0x000000000800109c      0x14c build/stm32f3xx_hal_can.o
                0x000000000800109c                HAL_CAN_Init
 .text.HAL_CAN_TxMailbox0CompleteCallback
                0x00000000080011e8        0x2 build/stm32f3xx_hal_can.o
                0x00000000080011e8                HAL_CAN_TxMailbox0CompleteCallback
 .text.HAL_CAN_TxMailbox1CompleteCallback
                0x00000000080011ea        0x2 build/stm32f3xx_hal_can.o
                0x00000000080011ea                HAL_CAN_TxMailbox1CompleteCallback
 .text.HAL_CAN_TxMailbox2CompleteCallback
                0x00000000080011ec        0x2 build/stm32f3xx_hal_can.o
                0x00000000080011ec                HAL_CAN_TxMailbox2CompleteCallback
 .text.HAL_CAN_TxMailbox0AbortCallback
                0x00000000080011ee        0x2 build/stm32f3xx_hal_can.o
                0x00000000080011ee                HAL_CAN_TxMailbox0AbortCallback
 .text.HAL_CAN_TxMailbox1AbortCallback
                0x00000000080011f0        0x2 build/stm32f3xx_hal_can.o
                0x00000000080011f0                HAL_CAN_TxMailbox1AbortCallback
 .text.HAL_CAN_TxMailbox2AbortCallback
                0x00000000080011f2        0x2 build/stm32f3xx_hal_can.o
                0x00000000080011f2                HAL_CAN_TxMailbox2AbortCallback
 .text.HAL_CAN_RxFifo0MsgPendingCallback
                0x00000000080011f4        0x2 build/stm32f3xx_hal_can.o
                0x00000000080011f4                HAL_CAN_RxFifo0MsgPendingCallback
 .text.HAL_CAN_RxFifo0FullCallback
                0x00000000080011f6        0x2 build/stm32f3xx_hal_can.o
                0x00000000080011f6                HAL_CAN_RxFifo0FullCallback
 .text.HAL_CAN_RxFifo1MsgPendingCallback
                0x00000000080011f8        0x2 build/stm32f3xx_hal_can.o
                0x00000000080011f8                HAL_CAN_RxFifo1MsgPendingCallback
 .text.HAL_CAN_RxFifo1FullCallback
                0x00000000080011fa        0x2 build/stm32f3xx_hal_can.o
                0x00000000080011fa                HAL_CAN_RxFifo1FullCallback
 .text.HAL_CAN_SleepCallback
                0x00000000080011fc        0x2 build/stm32f3xx_hal_can.o
                0x00000000080011fc                HAL_CAN_SleepCallback
 .text.HAL_CAN_WakeUpFromRxMsgCallback
                0x00000000080011fe        0x2 build/stm32f3xx_hal_can.o
                0x00000000080011fe                HAL_CAN_WakeUpFromRxMsgCallback
 .text.HAL_CAN_ErrorCallback
                0x0000000008001200        0x2 build/stm32f3xx_hal_can.o
                0x0000000008001200                HAL_CAN_ErrorCallback
 .text.HAL_CAN_IRQHandler
                0x0000000008001202      0x25a build/stm32f3xx_hal_can.o
                0x0000000008001202                HAL_CAN_IRQHandler
 .text.HAL_DAC_Init
                0x000000000800145c       0x24 build/stm32f3xx_hal_dac.o
                0x000000000800145c                HAL_DAC_Init
 .text.HAL_DAC_SetValue
                0x0000000008001480       0x2e build/stm32f3xx_hal_dac_ex.o
                0x0000000008001480                HAL_DAC_SetValue
 .text.HAL_DAC_Start
                0x00000000080014ae       0x5e build/stm32f3xx_hal_dac_ex.o
                0x00000000080014ae                HAL_DAC_Start
 .text.HAL_DAC_ConfigChannel
                0x000000000800150c       0x4a build/stm32f3xx_hal_dac_ex.o
                0x000000000800150c                HAL_DAC_ConfigChannel
 .text.SDADC_ExitInitMode
                0x0000000008001556        0xc build/stm32f3xx_hal_sdadc.o
 .text.SDADC_EnterInitMode
                0x0000000008001562       0x2e build/stm32f3xx_hal_sdadc.o
 .text.SDADC_RegConvStart
                0x0000000008001590       0x4a build/stm32f3xx_hal_sdadc.o
 *fill*         0x00000000080015da        0x2 
 .text.HAL_SDADC_Init
                0x00000000080015dc       0xa4 build/stm32f3xx_hal_sdadc.o
                0x00000000080015dc                HAL_SDADC_Init
 .text.HAL_SDADC_PrepareChannelConfig
                0x0000000008001680       0x46 build/stm32f3xx_hal_sdadc.o
                0x0000000008001680                HAL_SDADC_PrepareChannelConfig
 *fill*         0x00000000080016c6        0x2 
 .text.HAL_SDADC_AssociateChannelConfig
                0x00000000080016c8       0x64 build/stm32f3xx_hal_sdadc.o
                0x00000000080016c8                HAL_SDADC_AssociateChannelConfig
 .text.HAL_SDADC_ConfigChannel
                0x000000000800172c       0x4c build/stm32f3xx_hal_sdadc.o
                0x000000000800172c                HAL_SDADC_ConfigChannel
 .text.HAL_SDADC_SelectRegularTrigger
                0x0000000008001778       0x30 build/stm32f3xx_hal_sdadc.o
                0x0000000008001778                HAL_SDADC_SelectRegularTrigger
 .text.HAL_SDADC_CalibrationStart
                0x00000000080017a8       0x50 build/stm32f3xx_hal_sdadc.o
                0x00000000080017a8                HAL_SDADC_CalibrationStart
 .text.HAL_SDADC_PollForCalibEvent
                0x00000000080017f8       0x50 build/stm32f3xx_hal_sdadc.o
                0x00000000080017f8                HAL_SDADC_PollForCalibEvent
 .text.HAL_SDADC_Start_DMA
                0x0000000008001848       0x9c build/stm32f3xx_hal_sdadc.o
                0x0000000008001848                HAL_SDADC_Start_DMA
 .text.HAL_SDADC_ConvHalfCpltCallback
                0x00000000080018e4        0x2 build/stm32f3xx_hal_sdadc.o
                0x00000000080018e4                HAL_SDADC_ConvHalfCpltCallback
 .text.SDADC_DMARegularHalfConvCplt
                0x00000000080018e6        0xa build/stm32f3xx_hal_sdadc.o
 .text.SDADC_DMARegularConvCplt
                0x00000000080018f0        0xa build/stm32f3xx_hal_sdadc.o
 .text.HAL_SDADC_ErrorCallback
                0x00000000080018fa        0x2 build/stm32f3xx_hal_sdadc.o
                0x00000000080018fa                HAL_SDADC_ErrorCallback
 .text.SDADC_DMAError
                0x00000000080018fc        0xe build/stm32f3xx_hal_sdadc.o
 *fill*         0x000000000800190a        0x2 
 .text.HAL_InitTick
                0x000000000800190c       0x4c build/stm32f3xx_hal.o
                0x000000000800190c                HAL_InitTick
 .text.HAL_Init
                0x0000000008001958       0x24 build/stm32f3xx_hal.o
                0x0000000008001958                HAL_Init
 .text.HAL_IncTick
                0x000000000800197c       0x18 build/stm32f3xx_hal.o
                0x000000000800197c                HAL_IncTick
 .text.HAL_GetTick
                0x0000000008001994        0xc build/stm32f3xx_hal.o
                0x0000000008001994                HAL_GetTick
 .text.HAL_Delay
                0x00000000080019a0       0x28 build/stm32f3xx_hal.o
                0x00000000080019a0                HAL_Delay
 .text.HAL_RCC_OscConfig
                0x00000000080019c8      0x608 build/stm32f3xx_hal_rcc.o
                0x00000000080019c8                HAL_RCC_OscConfig
 .text.HAL_RCC_GetSysClockFreq
                0x0000000008001fd0       0x70 build/stm32f3xx_hal_rcc.o
                0x0000000008001fd0                HAL_RCC_GetSysClockFreq
 .text.HAL_RCC_ClockConfig
                0x0000000008002040      0x1a0 build/stm32f3xx_hal_rcc.o
                0x0000000008002040                HAL_RCC_ClockConfig
 .text.HAL_RCCEx_PeriphCLKConfig
                0x00000000080021e0      0x208 build/stm32f3xx_hal_rcc_ex.o
                0x00000000080021e0                HAL_RCCEx_PeriphCLKConfig
 .text.HAL_GPIO_Init
                0x00000000080023e8      0x194 build/stm32f3xx_hal_gpio.o
                0x00000000080023e8                HAL_GPIO_Init
 .text.DMA_SetConfig
                0x000000000800257c       0x2c build/stm32f3xx_hal_dma.o
 .text.DMA_CalcBaseAndBitshift
                0x00000000080025a8       0x4c build/stm32f3xx_hal_dma.o
 .text.HAL_DMA_Init
                0x00000000080025f4       0x50 build/stm32f3xx_hal_dma.o
                0x00000000080025f4                HAL_DMA_Init
 .text.HAL_DMA_Start_IT
                0x0000000008002644       0x74 build/stm32f3xx_hal_dma.o
                0x0000000008002644                HAL_DMA_Start_IT
 .text.HAL_DMA_IRQHandler
                0x00000000080026b8       0xb4 build/stm32f3xx_hal_dma.o
                0x00000000080026b8                HAL_DMA_IRQHandler
 .text.HAL_NVIC_SetPriorityGrouping
                0x000000000800276c       0x24 build/stm32f3xx_hal_cortex.o
                0x000000000800276c                HAL_NVIC_SetPriorityGrouping
 .text.HAL_NVIC_SetPriority
                0x0000000008002790       0x68 build/stm32f3xx_hal_cortex.o
                0x0000000008002790                HAL_NVIC_SetPriority
 .text.HAL_NVIC_EnableIRQ
                0x00000000080027f8       0x18 build/stm32f3xx_hal_cortex.o
                0x00000000080027f8                HAL_NVIC_EnableIRQ
 .text.HAL_SYSTICK_Config
                0x0000000008002810       0x2c build/stm32f3xx_hal_cortex.o
                0x0000000008002810                HAL_SYSTICK_Config
 .text.HAL_PWREx_EnableSDADC
                0x000000000800283c       0x2c build/stm32f3xx_hal_pwr_ex.o
                0x000000000800283c                HAL_PWREx_EnableSDADC
 .text.SystemInit
                0x0000000008002868       0x68 build/system_stm32f3xx.o
                0x0000000008002868                SystemInit
 .text.samplingInit
                0x00000000080028d0       0x50 build/sampling.o
                0x00000000080028d0                samplingInit
 .text.HAL_SDADC_ConvCpltCallback
                0x0000000008002920       0x78 build/sampling.o
                0x0000000008002920                HAL_SDADC_ConvCpltCallback
 .text.Reset_Handler
                0x0000000008002998       0x50 build/startup_stm32f373xc.o
                0x0000000008002998                Reset_Handler
 .text.Default_Handler
                0x00000000080029e8        0x2 build/startup_stm32f373xc.o
                0x00000000080029e8                RTC_Alarm_IRQHandler
                0x00000000080029e8                USB_HP_IRQHandler
                0x00000000080029e8                PVD_IRQHandler
                0x00000000080029e8                TAMP_STAMP_IRQHandler
                0x00000000080029e8                EXTI3_IRQHandler
                0x00000000080029e8                EXTI0_IRQHandler
                0x00000000080029e8                I2C2_EV_IRQHandler
                0x00000000080029e8                FPU_IRQHandler
                0x00000000080029e8                CAN_TX_IRQHandler
                0x00000000080029e8                SPI1_IRQHandler
                0x00000000080029e8                CAN_SCE_IRQHandler
                0x00000000080029e8                DMA2_Channel2_IRQHandler
                0x00000000080029e8                DMA1_Channel4_IRQHandler
                0x00000000080029e8                ADC1_IRQHandler
                0x00000000080029e8                TIM17_IRQHandler
                0x00000000080029e8                USART3_IRQHandler
                0x00000000080029e8                DMA1_Channel7_IRQHandler
                0x00000000080029e8                TIM4_IRQHandler
                0x00000000080029e8                DMA2_Channel1_IRQHandler
                0x00000000080029e8                I2C1_EV_IRQHandler
                0x00000000080029e8                DMA1_Channel6_IRQHandler
                0x00000000080029e8                TIM16_IRQHandler
                0x00000000080029e8                DMA2_Channel4_IRQHandler
                0x00000000080029e8                TIM3_IRQHandler
                0x00000000080029e8                RCC_IRQHandler
                0x00000000080029e8                DMA1_Channel1_IRQHandler
                0x00000000080029e8                Default_Handler
                0x00000000080029e8                CEC_IRQHandler
                0x00000000080029e8                EXTI15_10_IRQHandler
                0x00000000080029e8                TIM14_IRQHandler
                0x00000000080029e8                TIM13_IRQHandler
                0x00000000080029e8                TIM12_IRQHandler
                0x00000000080029e8                TIM7_IRQHandler
                0x00000000080029e8                TIM5_IRQHandler
                0x00000000080029e8                SDADC2_IRQHandler
                0x00000000080029e8                TIM15_IRQHandler
                0x00000000080029e8                TIM6_DAC1_IRQHandler
                0x00000000080029e8                EXTI9_5_IRQHandler
                0x00000000080029e8                RTC_WKUP_IRQHandler
                0x00000000080029e8                SPI2_IRQHandler
                0x00000000080029e8                DMA1_Channel5_IRQHandler
                0x00000000080029e8                USB_LP_IRQHandler
                0x00000000080029e8                EXTI4_IRQHandler
                0x00000000080029e8                COMP1_2_IRQHandler
                0x00000000080029e8                TIM18_DAC2_IRQHandler
                0x00000000080029e8                WWDG_IRQHandler
                0x00000000080029e8                SDADC1_IRQHandler
                0x00000000080029e8                TIM2_IRQHandler
                0x00000000080029e8                EXTI1_IRQHandler
                0x00000000080029e8                SDADC3_IRQHandler
                0x00000000080029e8                USART2_IRQHandler
                0x00000000080029e8                TIM19_IRQHandler
                0x00000000080029e8                I2C2_ER_IRQHandler
                0x00000000080029e8                DMA1_Channel2_IRQHandler
                0x00000000080029e8                FLASH_IRQHandler
                0x00000000080029e8                USART1_IRQHandler
                0x00000000080029e8                SPI3_IRQHandler
                0x00000000080029e8                I2C1_ER_IRQHandler
                0x00000000080029e8                USBWakeUp_IRQHandler
                0x00000000080029e8                EXTI2_TSC_IRQHandler
 *fill*         0x00000000080029ea        0x2 
 .text.__libc_init_array
                0x00000000080029ec       0x48 /home/alex/opt/gcc-arm-none-eabi-8-2018-q4-major/bin/../lib/gcc/arm-none-eabi/8.2.1/../../../../arm-none-eabi/lib/thumb/v7e-m+fp/hard/libc_nano.a(lib_a-init.o)
                0x00000000080029ec                __libc_init_array
 .text.memset   0x0000000008002a34       0x10 /home/alex/opt/gcc-arm-none-eabi-8-2018-q4-major/bin/../lib/gcc/arm-none-eabi/8.2.1/../../../../arm-none-eabi/lib/thumb/v7e-m+fp/hard/libc_nano.a(lib_a-memset.o)
                0x0000000008002a34                memset
 *(.glue_7)
 .glue_7        0x0000000008002a44        0x0 linker stubs
 *(.glue_7t)
 .glue_7t       0x0000000008002a44        0x0 linker stubs
 *(.eh_frame)
 .eh_frame      0x0000000008002a44        0x0 /home/alex/opt/gcc-arm-none-eabi-8-2018-q4-major/bin/../lib/gcc/arm-none-eabi/8.2.1/thumb/v7e-m+fp/hard/crtbegin.o
 *(.init)
 .init          0x0000000008002a44        0x4 /home/alex/opt/gcc-arm-none-eabi-8-2018-q4-major/bin/../lib/gcc/arm-none-eabi/8.2.1/thumb/v7e-m+fp/hard/crti.o
                0x0000000008002a44                _init
 .init          0x0000000008002a48        0x8 /home/alex/opt/gcc-arm-none-eabi-8-2018-q4-major/bin/../lib/gcc/arm-none-eabi/8.2.1/thumb/v7e-m+fp/hard/crtn.o
 *(.fini)
 .fini          0x0000000008002a50        0x4 /home/alex/opt/gcc-arm-none-eabi-8-2018-q4-major/bin/../lib/gcc/arm-none-eabi/8.2.1/thumb/v7e-m+fp/hard/crti.o
                0x0000000008002a50                _fini
 .fini          0x0000000008002a54        0x8 /home/alex/opt/gcc-arm-none-eabi-8-2018-q4-major/bin/../lib/gcc/arm-none-eabi/8.2.1/thumb/v7e-m+fp/hard/crtn.o
                0x0000000008002a5c                . = ALIGN (0x4)
                0x0000000008002a5c                _etext = .

.vfp11_veneer   0x0000000008002a5c        0x0
 .vfp11_veneer  0x0000000008002a5c        0x0 linker stubs

.v4_bx          0x0000000008002a5c        0x0
 .v4_bx         0x0000000008002a5c        0x0 linker stubs

.iplt           0x0000000008002a5c        0x0
 .iplt          0x0000000008002a5c        0x0 /home/alex/opt/gcc-arm-none-eabi-8-2018-q4-major/bin/../lib/gcc/arm-none-eabi/8.2.1/thumb/v7e-m+fp/hard/crtbegin.o

.rodata         0x0000000008002a5c       0x30
                0x0000000008002a5c                . = ALIGN (0x4)
 *(.rodata)
 *(.rodata*)
 .rodata.aPLLMULFactorTable
                0x0000000008002a5c       0x10 build/stm32f3xx_hal_rcc.o
                0x0000000008002a5c                aPLLMULFactorTable
 .rodata.aPredivFactorTable
                0x0000000008002a6c       0x10 build/stm32f3xx_hal_rcc.o
                0x0000000008002a6c                aPredivFactorTable
 .rodata.AHBPrescTable
                0x0000000008002a7c       0x10 build/system_stm32f3xx.o
                0x0000000008002a7c                AHBPrescTable
                0x0000000008002a8c                . = ALIGN (0x4)

.rel.dyn        0x0000000008002a8c        0x0
 .rel.iplt      0x0000000008002a8c        0x0 /home/alex/opt/gcc-arm-none-eabi-8-2018-q4-major/bin/../lib/gcc/arm-none-eabi/8.2.1/thumb/v7e-m+fp/hard/crtbegin.o

.ARM.extab
 *(.ARM.extab* .gnu.linkonce.armextab.*)

.ARM            0x0000000008002a8c        0x0
                0x0000000008002a8c                __exidx_start = .
 *(.ARM.exidx*)
                0x0000000008002a8c                __exidx_end = .

.preinit_array  0x0000000008002a8c        0x0
                0x0000000008002a8c                PROVIDE (__preinit_array_start = .)
 *(.preinit_array*)
                0x0000000008002a8c                PROVIDE (__preinit_array_end = .)

.init_array     0x0000000008002a8c        0x4
                0x0000000008002a8c                PROVIDE (__init_array_start = .)
 *(SORT_BY_NAME(.init_array.*))
 *(.init_array*)
 .init_array    0x0000000008002a8c        0x4 /home/alex/opt/gcc-arm-none-eabi-8-2018-q4-major/bin/../lib/gcc/arm-none-eabi/8.2.1/thumb/v7e-m+fp/hard/crtbegin.o
                0x0000000008002a90                PROVIDE (__init_array_end = .)

.fini_array     0x0000000008002a90        0x4
                [!provide]                        PROVIDE (__fini_array_start = .)
 *(SORT_BY_NAME(.fini_array.*))
 *(.fini_array*)
 .fini_array    0x0000000008002a90        0x4 /home/alex/opt/gcc-arm-none-eabi-8-2018-q4-major/bin/../lib/gcc/arm-none-eabi/8.2.1/thumb/v7e-m+fp/hard/crtbegin.o
                [!provide]                        PROVIDE (__fini_array_end = .)
                0x0000000008002a94                _sidata = LOADADDR (.data)

.data           0x0000000020000000       0x10 load address 0x0000000008002a94
                0x0000000020000000                . = ALIGN (0x4)
                0x0000000020000000                _sdata = .
 *(.data)
 *(.data*)
 .data.uwTickFreq
                0x0000000020000000        0x1 build/stm32f3xx_hal.o
                0x0000000020000000                uwTickFreq
 *fill*         0x0000000020000001        0x3 
 .data.uwTickPrio
                0x0000000020000004        0x4 build/stm32f3xx_hal.o
                0x0000000020000004                uwTickPrio
 .data.SystemCoreClock
                0x0000000020000008        0x4 build/system_stm32f3xx.o
                0x0000000020000008                SystemCoreClock
 .data.dacSample
                0x000000002000000c        0x2 build/sampling.o
                0x000000002000000c                dacSample
                0x0000000020000010                . = ALIGN (0x4)
 *fill*         0x000000002000000e        0x2 
                0x0000000020000010                _edata = .

.igot.plt       0x0000000020000010        0x0 load address 0x0000000008002aa4
 .igot.plt      0x0000000020000010        0x0 /home/alex/opt/gcc-arm-none-eabi-8-2018-q4-major/bin/../lib/gcc/arm-none-eabi/8.2.1/thumb/v7e-m+fp/hard/crtbegin.o
                0x0000000020000010                . = ALIGN (0x4)

.bss            0x0000000020000010      0x280 load address 0x0000000008002aa4
                0x0000000020000010                _sbss = .
                0x0000000020000010                __bss_start__ = _sbss
 *(.bss)
 .bss           0x0000000020000010       0x1c /home/alex/opt/gcc-arm-none-eabi-8-2018-q4-major/bin/../lib/gcc/arm-none-eabi/8.2.1/thumb/v7e-m+fp/hard/crtbegin.o
 *(.bss*)
 .bss.currentAvg
                0x000000002000002c        0x4 build/sampling.o
                0x000000002000002c                currentAvg
 .bss.currentSum
                0x0000000020000030        0x4 build/sampling.o
                0x0000000020000030                currentSum
 *(COMMON)
 COMMON         0x0000000020000034       0x28 build/can.o
                0x0000000020000034                hcan
 COMMON         0x000000002000005c       0x58 build/dac.o
                0x000000002000005c                hdac1
                0x0000000020000070                hdma_dac1_ch1
 COMMON         0x00000000200000b4      0x110 build/sdadc.o
                0x00000000200000b4                hdma_sdadc1
                0x00000000200000f8                hdma_sdadc3
                0x000000002000013c                hsdadc1
                0x0000000020000180                hsdadc3
 COMMON         0x00000000200001c4        0x4 build/stm32f3xx_hal.o
                0x00000000200001c4                uwTick
 COMMON         0x00000000200001c8       0xc8 build/sampling.o
                0x00000000200001c8                currentSamples
                0x0000000020000290                . = ALIGN (0x4)
                0x0000000020000290                _ebss = .
                0x0000000020000290                __bss_end__ = _ebss

._user_heap_stack
                0x0000000020000290      0x600 load address 0x0000000008002aa4
                0x0000000020000290                . = ALIGN (0x8)
                [!provide]                        PROVIDE (end = .)
                [!provide]                        PROVIDE (_end = .)
                0x0000000020000490                . = (. + _Min_Heap_Size)
 *fill*         0x0000000020000290      0x200 
                0x0000000020000890                . = (. + _Min_Stack_Size)
 *fill*         0x0000000020000490      0x400 
                0x0000000020000890                . = ALIGN (0x8)

/DISCARD/
 libc.a(*)
 libm.a(*)
 libgcc.a(*)

.ARM.attributes
                0x0000000000000000       0x30
 *(.ARM.attributes)
 .ARM.attributes
                0x0000000000000000       0x1e /home/alex/opt/gcc-arm-none-eabi-8-2018-q4-major/bin/../lib/gcc/arm-none-eabi/8.2.1/thumb/v7e-m+fp/hard/crti.o
 .ARM.attributes
                0x000000000000001e       0x34 /home/alex/opt/gcc-arm-none-eabi-8-2018-q4-major/bin/../lib/gcc/arm-none-eabi/8.2.1/thumb/v7e-m+fp/hard/crtbegin.o
 .ARM.attributes
                0x0000000000000052       0x34 build/main.o
 .ARM.attributes
                0x0000000000000086       0x34 build/gpio.o
 .ARM.attributes
                0x00000000000000ba       0x34 build/can.o
 .ARM.attributes
                0x00000000000000ee       0x34 build/dac.o
 .ARM.attributes
                0x0000000000000122       0x34 build/dma.o
 .ARM.attributes
                0x0000000000000156       0x34 build/sdadc.o
 .ARM.attributes
                0x000000000000018a       0x34 build/stm32f3xx_it.o
 .ARM.attributes
                0x00000000000001be       0x34 build/stm32f3xx_hal_msp.o
 .ARM.attributes
                0x00000000000001f2       0x34 build/stm32f3xx_hal_can.o
 .ARM.attributes
                0x0000000000000226       0x34 build/stm32f3xx_hal_dac.o
 .ARM.attributes
                0x000000000000025a       0x34 build/stm32f3xx_hal_dac_ex.o
 .ARM.attributes
                0x000000000000028e       0x34 build/stm32f3xx_hal_sdadc.o
 .ARM.attributes
                0x00000000000002c2       0x34 build/stm32f3xx_hal.o
 .ARM.attributes
                0x00000000000002f6       0x34 build/stm32f3xx_hal_rcc.o
 .ARM.attributes
                0x000000000000032a       0x34 build/stm32f3xx_hal_rcc_ex.o
 .ARM.attributes
                0x000000000000035e       0x34 build/stm32f3xx_hal_gpio.o
 .ARM.attributes
                0x0000000000000392       0x34 build/stm32f3xx_hal_dma.o
 .ARM.attributes
                0x00000000000003c6       0x34 build/stm32f3xx_hal_cortex.o
 .ARM.attributes
                0x00000000000003fa       0x34 build/stm32f3xx_hal_pwr_ex.o
 .ARM.attributes
                0x000000000000042e       0x34 build/system_stm32f3xx.o
 .ARM.attributes
                0x0000000000000462       0x34 build/sampling.o
 .ARM.attributes
                0x0000000000000496       0x21 build/startup_stm32f373xc.o
 .ARM.attributes
                0x00000000000004b7       0x34 /home/alex/opt/gcc-arm-none-eabi-8-2018-q4-major/bin/../lib/gcc/arm-none-eabi/8.2.1/../../../../arm-none-eabi/lib/thumb/v7e-m+fp/hard/libc_nano.a(lib_a-init.o)
 .ARM.attributes
                0x00000000000004eb       0x34 /home/alex/opt/gcc-arm-none-eabi-8-2018-q4-major/bin/../lib/gcc/arm-none-eabi/8.2.1/../../../../arm-none-eabi/lib/thumb/v7e-m+fp/hard/libc_nano.a(lib_a-memset.o)
 .ARM.attributes
                0x000000000000051f       0x1e /home/alex/opt/gcc-arm-none-eabi-8-2018-q4-major/bin/../lib/gcc/arm-none-eabi/8.2.1/thumb/v7e-m+fp/hard/libgcc.a(_arm_addsubdf3.o)
 .ARM.attributes
                0x000000000000053d       0x1e /home/alex/opt/gcc-arm-none-eabi-8-2018-q4-major/bin/../lib/gcc/arm-none-eabi/8.2.1/thumb/v7e-m+fp/hard/libgcc.a(_arm_muldivdf3.o)
 .ARM.attributes
                0x000000000000055b       0x1e /home/alex/opt/gcc-arm-none-eabi-8-2018-q4-major/bin/../lib/gcc/arm-none-eabi/8.2.1/thumb/v7e-m+fp/hard/libgcc.a(_arm_truncdfsf2.o)
 .ARM.attributes
                0x0000000000000579       0x1e /home/alex/opt/gcc-arm-none-eabi-8-2018-q4-major/bin/../lib/gcc/arm-none-eabi/8.2.1/thumb/v7e-m+fp/hard/crtn.o
OUTPUT(build/singlePowerAmp.elf elf32-littlearm)

.debug_info     0x0000000000000000    0x1c8f7
 .debug_info    0x0000000000000000     0x1b16 build/main.o
 .debug_info    0x0000000000001b16      0xed0 build/gpio.o
 .debug_info    0x00000000000029e6     0x1585 build/can.o
 .debug_info    0x0000000000003f6b     0x1440 build/dac.o
 .debug_info    0x00000000000053ab      0xec3 build/dma.o
 .debug_info    0x000000000000626e     0x17d1 build/sdadc.o
 .debug_info    0x0000000000007a3f     0x1398 build/stm32f3xx_it.o
 .debug_info    0x0000000000008dd7      0xc48 build/stm32f3xx_hal_msp.o
 .debug_info    0x0000000000009a1f     0x1df9 build/stm32f3xx_hal_can.o
 .debug_info    0x000000000000b818     0x143c build/stm32f3xx_hal_dac.o
 .debug_info    0x000000000000cc54     0x16e3 build/stm32f3xx_hal_dac_ex.o
 .debug_info    0x000000000000e337     0x285b build/stm32f3xx_hal_sdadc.o
 .debug_info    0x0000000000010b92     0x1322 build/stm32f3xx_hal.o
 .debug_info    0x0000000000011eb4     0x2306 build/stm32f3xx_hal_rcc.o
 .debug_info    0x00000000000141ba     0x11f8 build/stm32f3xx_hal_rcc_ex.o
 .debug_info    0x00000000000153b2     0x114a build/stm32f3xx_hal_gpio.o
 .debug_info    0x00000000000164fc     0x1374 build/stm32f3xx_hal_dma.o
 .debug_info    0x0000000000017870     0x1b11 build/stm32f3xx_hal_cortex.o
 .debug_info    0x0000000000019381      0xe07 build/stm32f3xx_hal_pwr_ex.o
 .debug_info    0x000000000001a188      0xe8b build/system_stm32f3xx.o
 .debug_info    0x000000000001b013     0x18c2 build/sampling.o
 .debug_info    0x000000000001c8d5       0x22 build/startup_stm32f373xc.o

.debug_abbrev   0x0000000000000000     0x3c7c
 .debug_abbrev  0x0000000000000000      0x2a6 build/main.o
 .debug_abbrev  0x00000000000002a6      0x239 build/gpio.o
 .debug_abbrev  0x00000000000004df      0x293 build/can.o
 .debug_abbrev  0x0000000000000772      0x283 build/dac.o
 .debug_abbrev  0x00000000000009f5      0x242 build/dma.o
 .debug_abbrev  0x0000000000000c37      0x283 build/sdadc.o
 .debug_abbrev  0x0000000000000eba      0x249 build/stm32f3xx_it.o
 .debug_abbrev  0x0000000000001103      0x208 build/stm32f3xx_hal_msp.o
 .debug_abbrev  0x000000000000130b      0x3ae build/stm32f3xx_hal_can.o
 .debug_abbrev  0x00000000000016b9      0x290 build/stm32f3xx_hal_dac.o
 .debug_abbrev  0x0000000000001949      0x381 build/stm32f3xx_hal_dac_ex.o
 .debug_abbrev  0x0000000000001cca      0x353 build/stm32f3xx_hal_sdadc.o
 .debug_abbrev  0x000000000000201d      0x308 build/stm32f3xx_hal.o
 .debug_abbrev  0x0000000000002325      0x3eb build/stm32f3xx_hal_rcc.o
 .debug_abbrev  0x0000000000002710      0x385 build/stm32f3xx_hal_rcc_ex.o
 .debug_abbrev  0x0000000000002a95      0x30a build/stm32f3xx_hal_gpio.o
 .debug_abbrev  0x0000000000002d9f      0x327 build/stm32f3xx_hal_dma.o
 .debug_abbrev  0x00000000000030c6      0x444 build/stm32f3xx_hal_cortex.o
 .debug_abbrev  0x000000000000350a      0x29e build/stm32f3xx_hal_pwr_ex.o
 .debug_abbrev  0x00000000000037a8      0x236 build/system_stm32f3xx.o
 .debug_abbrev  0x00000000000039de      0x28c build/sampling.o
 .debug_abbrev  0x0000000000003c6a       0x12 build/startup_stm32f373xc.o

.debug_loc      0x0000000000000000     0x7a76
 .debug_loc     0x0000000000000000       0x59 build/main.o
 .debug_loc     0x0000000000000059       0x39 build/gpio.o
 .debug_loc     0x0000000000000092      0x108 build/can.o
 .debug_loc     0x000000000000019a      0x119 build/dac.o
 .debug_loc     0x00000000000002b3       0x38 build/dma.o
 .debug_loc     0x00000000000002eb      0x198 build/sdadc.o
 .debug_loc     0x0000000000000483       0xc0 build/stm32f3xx_it.o
 .debug_loc     0x0000000000000543       0x2c build/stm32f3xx_hal_msp.o
 .debug_loc     0x000000000000056f      0xf91 build/stm32f3xx_hal_can.o
 .debug_loc     0x0000000000001500      0x350 build/stm32f3xx_hal_dac.o
 .debug_loc     0x0000000000001850      0xb35 build/stm32f3xx_hal_dac_ex.o
 .debug_loc     0x0000000000002385     0x24e7 build/stm32f3xx_hal_sdadc.o
 .debug_loc     0x000000000000486c      0x1cc build/stm32f3xx_hal.o
 .debug_loc     0x0000000000004a38      0xf1f build/stm32f3xx_hal_rcc.o
 .debug_loc     0x0000000000005957      0x851 build/stm32f3xx_hal_rcc_ex.o
 .debug_loc     0x00000000000061a8      0x4c3 build/stm32f3xx_hal_gpio.o
 .debug_loc     0x000000000000666b      0xa1e build/stm32f3xx_hal_dma.o
 .debug_loc     0x0000000000007089      0x790 build/stm32f3xx_hal_cortex.o
 .debug_loc     0x0000000000007819       0x96 build/stm32f3xx_hal_pwr_ex.o
 .debug_loc     0x00000000000078af      0x123 build/system_stm32f3xx.o
 .debug_loc     0x00000000000079d2       0xa4 build/sampling.o

.debug_aranges  0x0000000000000000      0xa30
 .debug_aranges
                0x0000000000000000       0x30 build/main.o
 .debug_aranges
                0x0000000000000030       0x20 build/gpio.o
 .debug_aranges
                0x0000000000000050       0x30 build/can.o
 .debug_aranges
                0x0000000000000080       0x30 build/dac.o
 .debug_aranges
                0x00000000000000b0       0x20 build/dma.o
 .debug_aranges
                0x00000000000000d0       0x38 build/sdadc.o
 .debug_aranges
                0x0000000000000108       0x88 build/stm32f3xx_it.o
 .debug_aranges
                0x0000000000000190       0x20 build/stm32f3xx_hal_msp.o
 .debug_aranges
                0x00000000000001b0      0x138 build/stm32f3xx_hal_can.o
 .debug_aranges
                0x00000000000002e8       0xa8 build/stm32f3xx_hal_dac.o
 .debug_aranges
                0x0000000000000390       0xb8 build/stm32f3xx_hal_dac_ex.o
 .debug_aranges
                0x0000000000000448      0x1f8 build/stm32f3xx_hal_sdadc.o
 .debug_aranges
                0x0000000000000640       0xe0 build/stm32f3xx_hal.o
 .debug_aranges
                0x0000000000000720       0x88 build/stm32f3xx_hal_rcc.o
 .debug_aranges
                0x00000000000007a8       0x38 build/stm32f3xx_hal_rcc_ex.o
 .debug_aranges
                0x00000000000007e0       0x58 build/stm32f3xx_hal_gpio.o
 .debug_aranges
                0x0000000000000838       0x88 build/stm32f3xx_hal_dma.o
 .debug_aranges
                0x00000000000008c0       0xa8 build/stm32f3xx_hal_cortex.o
 .debug_aranges
                0x0000000000000968       0x50 build/stm32f3xx_hal_pwr_ex.o
 .debug_aranges
                0x00000000000009b8       0x28 build/system_stm32f3xx.o
 .debug_aranges
                0x00000000000009e0       0x28 build/sampling.o
 .debug_aranges
                0x0000000000000a08       0x28 build/startup_stm32f373xc.o

.debug_ranges   0x0000000000000000      0x958
 .debug_ranges  0x0000000000000000       0x20 build/main.o
 .debug_ranges  0x0000000000000020       0x10 build/gpio.o
 .debug_ranges  0x0000000000000030       0x20 build/can.o
 .debug_ranges  0x0000000000000050       0x20 build/dac.o
 .debug_ranges  0x0000000000000070       0x10 build/dma.o
 .debug_ranges  0x0000000000000080       0x28 build/sdadc.o
 .debug_ranges  0x00000000000000a8       0x78 build/stm32f3xx_it.o
 .debug_ranges  0x0000000000000120       0x10 build/stm32f3xx_hal_msp.o
 .debug_ranges  0x0000000000000130      0x128 build/stm32f3xx_hal_can.o
 .debug_ranges  0x0000000000000258       0x98 build/stm32f3xx_hal_dac.o
 .debug_ranges  0x00000000000002f0       0xa8 build/stm32f3xx_hal_dac_ex.o
 .debug_ranges  0x0000000000000398      0x1e8 build/stm32f3xx_hal_sdadc.o
 .debug_ranges  0x0000000000000580       0xd0 build/stm32f3xx_hal.o
 .debug_ranges  0x0000000000000650       0x98 build/stm32f3xx_hal_rcc.o
 .debug_ranges  0x00000000000006e8       0x40 build/stm32f3xx_hal_rcc_ex.o
 .debug_ranges  0x0000000000000728       0x48 build/stm32f3xx_hal_gpio.o
 .debug_ranges  0x0000000000000770       0x78 build/stm32f3xx_hal_dma.o
 .debug_ranges  0x00000000000007e8       0xe0 build/stm32f3xx_hal_cortex.o
 .debug_ranges  0x00000000000008c8       0x40 build/stm32f3xx_hal_pwr_ex.o
 .debug_ranges  0x0000000000000908       0x18 build/system_stm32f3xx.o
 .debug_ranges  0x0000000000000920       0x18 build/sampling.o
 .debug_ranges  0x0000000000000938       0x20 build/startup_stm32f373xc.o

.debug_line     0x0000000000000000     0x9c30
 .debug_line    0x0000000000000000      0x41d build/main.o
 .debug_line    0x000000000000041d      0x2f5 build/gpio.o
 .debug_line    0x0000000000000712      0x3b8 build/can.o
 .debug_line    0x0000000000000aca      0x3b1 build/dac.o
 .debug_line    0x0000000000000e7b      0x251 build/dma.o
 .debug_line    0x00000000000010cc      0x54b build/sdadc.o
 .debug_line    0x0000000000001617      0x3c7 build/stm32f3xx_it.o
 .debug_line    0x00000000000019de      0x240 build/stm32f3xx_hal_msp.o
 .debug_line    0x0000000000001c1e     0x1173 build/stm32f3xx_hal_can.o
 .debug_line    0x0000000000002d91      0x540 build/stm32f3xx_hal_dac.o
 .debug_line    0x00000000000032d1      0x916 build/stm32f3xx_hal_dac_ex.o
 .debug_line    0x0000000000003be7     0x1bdb build/stm32f3xx_hal_sdadc.o
 .debug_line    0x00000000000057c2      0x57e build/stm32f3xx_hal.o
 .debug_line    0x0000000000005d40     0x11a0 build/stm32f3xx_hal_rcc.o
 .debug_line    0x0000000000006ee0      0x9c5 build/stm32f3xx_hal_rcc_ex.o
 .debug_line    0x00000000000078a5      0x745 build/stm32f3xx_hal_gpio.o
 .debug_line    0x0000000000007fea      0xa65 build/stm32f3xx_hal_dma.o
 .debug_line    0x0000000000008a4f      0x777 build/stm32f3xx_hal_cortex.o
 .debug_line    0x00000000000091c6      0x369 build/stm32f3xx_hal_pwr_ex.o
 .debug_line    0x000000000000952f      0x330 build/system_stm32f3xx.o
 .debug_line    0x000000000000985f      0x35d build/sampling.o
 .debug_line    0x0000000000009bbc       0x74 build/startup_stm32f373xc.o

.debug_str      0x0000000000000000     0x34f1
 .debug_str     0x0000000000000000     0x103e build/main.o
                                       0x1129 (size before relaxing)
 .debug_str     0x000000000000103e       0xe6 build/gpio.o
                                        0x745 (size before relaxing)
 .debug_str     0x0000000000001124      0x45a build/can.o
                                        0xe6b (size before relaxing)
 .debug_str     0x000000000000157e       0xf5 build/dac.o
                                        0xb66 (size before relaxing)
 .debug_str     0x0000000000001673        0xa build/dma.o
                                        0xab1 (size before relaxing)
 .debug_str     0x000000000000167d      0x124 build/sdadc.o
                                        0xd15 (size before relaxing)
 .debug_str     0x00000000000017a1      0x146 build/stm32f3xx_it.o
                                        0xc03 (size before relaxing)
 .debug_str     0x00000000000018e7       0x24 build/stm32f3xx_hal_msp.o
                                        0x6c2 (size before relaxing)
 .debug_str     0x000000000000190b      0x564 build/stm32f3xx_hal_can.o
                                        0xeee (size before relaxing)
 .debug_str     0x0000000000001e6f      0x175 build/stm32f3xx_hal_dac.o
                                        0xb93 (size before relaxing)
 .debug_str     0x0000000000001fe4      0x1b9 build/stm32f3xx_hal_dac_ex.o
                                        0xc9c (size before relaxing)
 .debug_str     0x000000000000219d      0x62d build/stm32f3xx_hal_sdadc.o
                                       0x1267 (size before relaxing)
 .debug_str     0x00000000000027ca      0x24a build/stm32f3xx_hal.o
                                        0xd6a (size before relaxing)
 .debug_str     0x0000000000002a14      0x1c6 build/stm32f3xx_hal_rcc.o
                                        0xacf (size before relaxing)
 .debug_str     0x0000000000002bda       0xc6 build/stm32f3xx_hal_rcc_ex.o
                                        0x96f (size before relaxing)
 .debug_str     0x0000000000002ca0      0x125 build/stm32f3xx_hal_gpio.o
                                        0x8c8 (size before relaxing)
 .debug_str     0x0000000000002dc5      0x1f7 build/stm32f3xx_hal_dma.o
                                        0xad7 (size before relaxing)
 .debug_str     0x0000000000002fbc      0x399 build/stm32f3xx_hal_cortex.o
                                        0xf88 (size before relaxing)
 .debug_str     0x0000000000003355       0xdc build/stm32f3xx_hal_pwr_ex.o
                                        0x7c4 (size before relaxing)
 .debug_str     0x0000000000003431       0x4d build/system_stm32f3xx.o
                                        0x74c (size before relaxing)
 .debug_str     0x000000000000347e       0x4e build/sampling.o
                                        0xefd (size before relaxing)
 .debug_str     0x00000000000034cc       0x25 build/startup_stm32f373xc.o
                                         0x43 (size before relaxing)

.comment        0x0000000000000000       0x75
 .comment       0x0000000000000000       0x75 build/main.o
                                         0x76 (size before relaxing)
 .comment       0x0000000000000075       0x76 build/gpio.o
 .comment       0x0000000000000075       0x76 build/can.o
 .comment       0x0000000000000075       0x76 build/dac.o
 .comment       0x0000000000000075       0x76 build/dma.o
 .comment       0x0000000000000075       0x76 build/sdadc.o
 .comment       0x0000000000000075       0x76 build/stm32f3xx_it.o
 .comment       0x0000000000000075       0x76 build/stm32f3xx_hal_msp.o
 .comment       0x0000000000000075       0x76 build/stm32f3xx_hal_can.o
 .comment       0x0000000000000075       0x76 build/stm32f3xx_hal_dac.o
 .comment       0x0000000000000075       0x76 build/stm32f3xx_hal_dac_ex.o
 .comment       0x0000000000000075       0x76 build/stm32f3xx_hal_sdadc.o
 .comment       0x0000000000000075       0x76 build/stm32f3xx_hal.o
 .comment       0x0000000000000075       0x76 build/stm32f3xx_hal_rcc.o
 .comment       0x0000000000000075       0x76 build/stm32f3xx_hal_rcc_ex.o
 .comment       0x0000000000000075       0x76 build/stm32f3xx_hal_gpio.o
 .comment       0x0000000000000075       0x76 build/stm32f3xx_hal_dma.o
 .comment       0x0000000000000075       0x76 build/stm32f3xx_hal_cortex.o
 .comment       0x0000000000000075       0x76 build/stm32f3xx_hal_pwr_ex.o
 .comment       0x0000000000000075       0x76 build/system_stm32f3xx.o
 .comment       0x0000000000000075       0x76 build/sampling.o

.debug_frame    0x0000000000000000     0x1b0c
 .debug_frame   0x0000000000000000       0x60 build/main.o
 .debug_frame   0x0000000000000060       0x34 build/gpio.o
 .debug_frame   0x0000000000000094       0x68 build/can.o
 .debug_frame   0x00000000000000fc       0x74 build/dac.o
 .debug_frame   0x0000000000000170       0x2c build/dma.o
 .debug_frame   0x000000000000019c       0x90 build/sdadc.o
 .debug_frame   0x000000000000022c      0x138 build/stm32f3xx_it.o
 .debug_frame   0x0000000000000364       0x28 build/stm32f3xx_hal_msp.o
 .debug_frame   0x000000000000038c      0x310 build/stm32f3xx_hal_can.o
 .debug_frame   0x000000000000069c      0x168 build/stm32f3xx_hal_dac.o
 .debug_frame   0x0000000000000804      0x230 build/stm32f3xx_hal_dac_ex.o
 .debug_frame   0x0000000000000a34      0x658 build/stm32f3xx_hal_sdadc.o
 .debug_frame   0x000000000000108c      0x1e0 build/stm32f3xx_hal.o
 .debug_frame   0x000000000000126c      0x19c build/stm32f3xx_hal_rcc.o
 .debug_frame   0x0000000000001408       0x84 build/stm32f3xx_hal_rcc_ex.o
 .debug_frame   0x000000000000148c      0x10c build/stm32f3xx_hal_gpio.o
 .debug_frame   0x0000000000001598      0x190 build/stm32f3xx_hal_dma.o
 .debug_frame   0x0000000000001728      0x16c build/stm32f3xx_hal_cortex.o
 .debug_frame   0x0000000000001894       0x94 build/stm32f3xx_hal_pwr_ex.o
 .debug_frame   0x0000000000001928       0x30 build/system_stm32f3xx.o
 .debug_frame   0x0000000000001958       0x48 build/sampling.o
 .debug_frame   0x00000000000019a0       0x2c /home/alex/opt/gcc-arm-none-eabi-8-2018-q4-major/bin/../lib/gcc/arm-none-eabi/8.2.1/../../../../arm-none-eabi/lib/thumb/v7e-m+fp/hard/libc_nano.a(lib_a-init.o)
 .debug_frame   0x00000000000019cc       0x20 /home/alex/opt/gcc-arm-none-eabi-8-2018-q4-major/bin/../lib/gcc/arm-none-eabi/8.2.1/../../../../arm-none-eabi/lib/thumb/v7e-m+fp/hard/libc_nano.a(lib_a-memset.o)
 .debug_frame   0x00000000000019ec       0xac /home/alex/opt/gcc-arm-none-eabi-8-2018-q4-major/bin/../lib/gcc/arm-none-eabi/8.2.1/thumb/v7e-m+fp/hard/libgcc.a(_arm_addsubdf3.o)
 .debug_frame   0x0000000000001a98       0x50 /home/alex/opt/gcc-arm-none-eabi-8-2018-q4-major/bin/../lib/gcc/arm-none-eabi/8.2.1/thumb/v7e-m+fp/hard/libgcc.a(_arm_muldivdf3.o)
 .debug_frame   0x0000000000001ae8       0x24 /home/alex/opt/gcc-arm-none-eabi-8-2018-q4-major/bin/../lib/gcc/arm-none-eabi/8.2.1/thumb/v7e-m+fp/hard/libgcc.a(_arm_truncdfsf2.o)

Cross Reference Table

Symbol                                            File
ADC1_IRQHandler                                   build/startup_stm32f373xc.o
AHBPrescTable                                     build/system_stm32f3xx.o
                                                  build/stm32f3xx_hal_rcc.o
APBPrescTable                                     build/system_stm32f3xx.o
                                                  build/stm32f3xx_hal_rcc.o
BusFault_Handler                                  build/stm32f3xx_it.o
CAN_RX0_IRQHandler                                build/stm32f3xx_it.o
CAN_RX1_IRQHandler                                build/stm32f3xx_it.o
CAN_SCE_IRQHandler                                build/startup_stm32f373xc.o
CAN_TX_IRQHandler                                 build/startup_stm32f373xc.o
CEC_IRQHandler                                    build/startup_stm32f373xc.o
COMP1_2_IRQHandler                                build/startup_stm32f373xc.o
DMA1_Channel1_IRQHandler                          build/startup_stm32f373xc.o
DMA1_Channel2_IRQHandler                          build/startup_stm32f373xc.o
DMA1_Channel3_IRQHandler                          build/stm32f3xx_it.o
DMA1_Channel4_IRQHandler                          build/startup_stm32f373xc.o
DMA1_Channel5_IRQHandler                          build/startup_stm32f373xc.o
DMA1_Channel6_IRQHandler                          build/startup_stm32f373xc.o
DMA1_Channel7_IRQHandler                          build/startup_stm32f373xc.o
DMA2_Channel1_IRQHandler                          build/startup_stm32f373xc.o
DMA2_Channel2_IRQHandler                          build/startup_stm32f373xc.o
DMA2_Channel3_IRQHandler                          build/stm32f3xx_it.o
DMA2_Channel4_IRQHandler                          build/startup_stm32f373xc.o
DMA2_Channel5_IRQHandler                          build/stm32f3xx_it.o
DebugMon_Handler                                  build/stm32f3xx_it.o
Default_Handler                                   build/startup_stm32f373xc.o
EXTI0_IRQHandler                                  build/startup_stm32f373xc.o
EXTI15_10_IRQHandler                              build/startup_stm32f373xc.o
EXTI1_IRQHandler                                  build/startup_stm32f373xc.o
EXTI2_TSC_IRQHandler                              build/startup_stm32f373xc.o
EXTI3_IRQHandler                                  build/startup_stm32f373xc.o
EXTI4_IRQHandler                                  build/startup_stm32f373xc.o
EXTI9_5_IRQHandler                                build/startup_stm32f373xc.o
Error_Handler                                     build/main.o
                                                  build/sdadc.o
                                                  build/dac.o
                                                  build/can.o
FLASH_IRQHandler                                  build/startup_stm32f373xc.o
FLASH_PageErase                                   build/stm32f3xx_hal_flash_ex.o
                                                  build/stm32f3xx_hal_flash.o
FLASH_WaitForLastOperation                        build/stm32f3xx_hal_flash.o
                                                  build/stm32f3xx_hal_flash_ex.o
FPU_IRQHandler                                    build/startup_stm32f373xc.o
HAL_CAN_AbortTxRequest                            build/stm32f3xx_hal_can.o
HAL_CAN_ActivateNotification                      build/stm32f3xx_hal_can.o
HAL_CAN_AddTxMessage                              build/stm32f3xx_hal_can.o
HAL_CAN_ConfigFilter                              build/stm32f3xx_hal_can.o
HAL_CAN_DeInit                                    build/stm32f3xx_hal_can.o
HAL_CAN_DeactivateNotification                    build/stm32f3xx_hal_can.o
HAL_CAN_ErrorCallback                             build/stm32f3xx_hal_can.o
HAL_CAN_GetError                                  build/stm32f3xx_hal_can.o
HAL_CAN_GetRxFifoFillLevel                        build/stm32f3xx_hal_can.o
HAL_CAN_GetRxMessage                              build/stm32f3xx_hal_can.o
HAL_CAN_GetState                                  build/stm32f3xx_hal_can.o
HAL_CAN_GetTxMailboxesFreeLevel                   build/stm32f3xx_hal_can.o
HAL_CAN_GetTxTimestamp                            build/stm32f3xx_hal_can.o
HAL_CAN_IRQHandler                                build/stm32f3xx_hal_can.o
                                                  build/stm32f3xx_it.o
HAL_CAN_Init                                      build/stm32f3xx_hal_can.o
                                                  build/can.o
HAL_CAN_IsSleepActive                             build/stm32f3xx_hal_can.o
HAL_CAN_IsTxMessagePending                        build/stm32f3xx_hal_can.o
HAL_CAN_MspDeInit                                 build/can.o
HAL_CAN_MspInit                                   build/can.o
HAL_CAN_RequestSleep                              build/stm32f3xx_hal_can.o
HAL_CAN_ResetError                                build/stm32f3xx_hal_can.o
HAL_CAN_RxFifo0FullCallback                       build/stm32f3xx_hal_can.o
HAL_CAN_RxFifo0MsgPendingCallback                 build/stm32f3xx_hal_can.o
HAL_CAN_RxFifo1FullCallback                       build/stm32f3xx_hal_can.o
HAL_CAN_RxFifo1MsgPendingCallback                 build/stm32f3xx_hal_can.o
HAL_CAN_SleepCallback                             build/stm32f3xx_hal_can.o
HAL_CAN_Start                                     build/stm32f3xx_hal_can.o
HAL_CAN_Stop                                      build/stm32f3xx_hal_can.o
HAL_CAN_TxMailbox0AbortCallback                   build/stm32f3xx_hal_can.o
HAL_CAN_TxMailbox0CompleteCallback                build/stm32f3xx_hal_can.o
HAL_CAN_TxMailbox1AbortCallback                   build/stm32f3xx_hal_can.o
HAL_CAN_TxMailbox1CompleteCallback                build/stm32f3xx_hal_can.o
HAL_CAN_TxMailbox2AbortCallback                   build/stm32f3xx_hal_can.o
HAL_CAN_TxMailbox2CompleteCallback                build/stm32f3xx_hal_can.o
HAL_CAN_WakeUp                                    build/stm32f3xx_hal_can.o
HAL_CAN_WakeUpFromRxMsgCallback                   build/stm32f3xx_hal_can.o
HAL_DACEx_ConvCpltCallbackCh2                     build/stm32f3xx_hal_dac_ex.o
HAL_DACEx_ConvHalfCpltCallbackCh2                 build/stm32f3xx_hal_dac_ex.o
HAL_DACEx_DMAUnderrunCallbackCh2                  build/stm32f3xx_hal_dac_ex.o
HAL_DACEx_DualGetValue                            build/stm32f3xx_hal_dac_ex.o
                                                  build/stm32f3xx_hal_dac.o
HAL_DACEx_DualSetValue                            build/stm32f3xx_hal_dac_ex.o
                                                  build/stm32f3xx_hal_dac.o
HAL_DACEx_ErrorCallbackCh2                        build/stm32f3xx_hal_dac_ex.o
HAL_DACEx_NoiseWaveGenerate                       build/stm32f3xx_hal_dac_ex.o
HAL_DACEx_TriangleWaveGenerate                    build/stm32f3xx_hal_dac_ex.o
HAL_DAC_ConfigChannel                             build/stm32f3xx_hal_dac_ex.o
                                                  build/stm32f3xx_hal_dac.o
                                                  build/dac.o
HAL_DAC_ConvCpltCallbackCh1                       build/stm32f3xx_hal_dac.o
                                                  build/stm32f3xx_hal_dac_ex.o
HAL_DAC_ConvHalfCpltCallbackCh1                   build/stm32f3xx_hal_dac.o
                                                  build/stm32f3xx_hal_dac_ex.o
HAL_DAC_DMAUnderrunCallbackCh1                    build/stm32f3xx_hal_dac.o
                                                  build/stm32f3xx_hal_dac_ex.o
HAL_DAC_DeInit                                    build/stm32f3xx_hal_dac.o
HAL_DAC_ErrorCallbackCh1                          build/stm32f3xx_hal_dac.o
                                                  build/stm32f3xx_hal_dac_ex.o
HAL_DAC_GetError                                  build/stm32f3xx_hal_dac.o
HAL_DAC_GetState                                  build/stm32f3xx_hal_dac.o
HAL_DAC_GetValue                                  build/stm32f3xx_hal_dac_ex.o
                                                  build/stm32f3xx_hal_dac.o
HAL_DAC_IRQHandler                                build/stm32f3xx_hal_dac_ex.o
HAL_DAC_Init                                      build/stm32f3xx_hal_dac.o
                                                  build/dac.o
HAL_DAC_MspDeInit                                 build/dac.o
HAL_DAC_MspInit                                   build/dac.o
HAL_DAC_SetValue                                  build/stm32f3xx_hal_dac_ex.o
                                                  build/stm32f3xx_hal_dac.o
                                                  build/sampling.o
HAL_DAC_Start                                     build/stm32f3xx_hal_dac_ex.o
                                                  build/stm32f3xx_hal_dac.o
                                                  build/sampling.o
HAL_DAC_Start_DMA                                 build/stm32f3xx_hal_dac_ex.o
HAL_DAC_Stop                                      build/stm32f3xx_hal_dac.o
HAL_DAC_Stop_DMA                                  build/stm32f3xx_hal_dac.o
HAL_DBGMCU_DisableDBGSleepMode                    build/stm32f3xx_hal.o
HAL_DBGMCU_DisableDBGStandbyMode                  build/stm32f3xx_hal.o
HAL_DBGMCU_DisableDBGStopMode                     build/stm32f3xx_hal.o
HAL_DBGMCU_EnableDBGSleepMode                     build/stm32f3xx_hal.o
HAL_DBGMCU_EnableDBGStandbyMode                   build/stm32f3xx_hal.o
HAL_DBGMCU_EnableDBGStopMode                      build/stm32f3xx_hal.o
HAL_DMA_Abort                                     build/stm32f3xx_hal_dma.o
                                                  build/stm32f3xx_hal_sdadc.o
                                                  build/stm32f3xx_hal_dac.o
HAL_DMA_Abort_IT                                  build/stm32f3xx_hal_dma.o
                                                  build/stm32f3xx_hal_i2c.o
HAL_DMA_DeInit                                    build/stm32f3xx_hal_dma.o
                                                  build/sdadc.o
                                                  build/dac.o
HAL_DMA_GetError                                  build/stm32f3xx_hal_dma.o
HAL_DMA_GetState                                  build/stm32f3xx_hal_dma.o
HAL_DMA_IRQHandler                                build/stm32f3xx_hal_dma.o
                                                  build/stm32f3xx_it.o
HAL_DMA_Init                                      build/stm32f3xx_hal_dma.o
                                                  build/sdadc.o
                                                  build/dac.o
HAL_DMA_PollForTransfer                           build/stm32f3xx_hal_dma.o
HAL_DMA_RegisterCallback                          build/stm32f3xx_hal_dma.o
HAL_DMA_Start                                     build/stm32f3xx_hal_dma.o
HAL_DMA_Start_IT                                  build/stm32f3xx_hal_dma.o
                                                  build/stm32f3xx_hal_i2c.o
                                                  build/stm32f3xx_hal_sdadc.o
                                                  build/stm32f3xx_hal_dac_ex.o
HAL_DMA_UnRegisterCallback                        build/stm32f3xx_hal_dma.o
HAL_DeInit                                        build/stm32f3xx_hal.o
HAL_Delay                                         build/stm32f3xx_hal.o
                                                  build/sampling.o
                                                  build/stm32f3xx_hal_sdadc.o
HAL_FLASHEx_Erase                                 build/stm32f3xx_hal_flash_ex.o
HAL_FLASHEx_Erase_IT                              build/stm32f3xx_hal_flash_ex.o
HAL_FLASHEx_OBErase                               build/stm32f3xx_hal_flash_ex.o
HAL_FLASHEx_OBGetConfig                           build/stm32f3xx_hal_flash_ex.o
HAL_FLASHEx_OBGetUserData                         build/stm32f3xx_hal_flash_ex.o
HAL_FLASHEx_OBProgram                             build/stm32f3xx_hal_flash_ex.o
HAL_FLASH_EndOfOperationCallback                  build/stm32f3xx_hal_flash.o
HAL_FLASH_GetError                                build/stm32f3xx_hal_flash.o
HAL_FLASH_IRQHandler                              build/stm32f3xx_hal_flash.o
HAL_FLASH_Lock                                    build/stm32f3xx_hal_flash.o
HAL_FLASH_OB_Launch                               build/stm32f3xx_hal_flash.o
HAL_FLASH_OB_Lock                                 build/stm32f3xx_hal_flash.o
HAL_FLASH_OB_Unlock                               build/stm32f3xx_hal_flash.o
HAL_FLASH_OperationErrorCallback                  build/stm32f3xx_hal_flash.o
HAL_FLASH_Program                                 build/stm32f3xx_hal_flash.o
HAL_FLASH_Program_IT                              build/stm32f3xx_hal_flash.o
HAL_FLASH_Unlock                                  build/stm32f3xx_hal_flash.o
HAL_GPIO_DeInit                                   build/stm32f3xx_hal_gpio.o
                                                  build/sdadc.o
                                                  build/dac.o
                                                  build/can.o
HAL_GPIO_EXTI_Callback                            build/stm32f3xx_hal_gpio.o
HAL_GPIO_EXTI_IRQHandler                          build/stm32f3xx_hal_gpio.o
HAL_GPIO_Init                                     build/stm32f3xx_hal_gpio.o
                                                  build/stm32f3xx_hal_rcc.o
                                                  build/sdadc.o
                                                  build/dac.o
                                                  build/can.o
                                                  build/gpio.o
HAL_GPIO_LockPin                                  build/stm32f3xx_hal_gpio.o
HAL_GPIO_ReadPin                                  build/stm32f3xx_hal_gpio.o
HAL_GPIO_TogglePin                                build/stm32f3xx_hal_gpio.o
HAL_GPIO_WritePin                                 build/stm32f3xx_hal_gpio.o
HAL_GetDEVID                                      build/stm32f3xx_hal.o
HAL_GetHalVersion                                 build/stm32f3xx_hal.o
HAL_GetREVID                                      build/stm32f3xx_hal.o
HAL_GetTick                                       build/stm32f3xx_hal.o
                                                  build/stm32f3xx_hal_i2c.o
                                                  build/stm32f3xx_hal_flash.o
                                                  build/stm32f3xx_hal_dma.o
                                                  build/stm32f3xx_hal_rcc_ex.o
                                                  build/stm32f3xx_hal_rcc.o
                                                  build/stm32f3xx_hal_sdadc.o
                                                  build/stm32f3xx_hal_can.o
HAL_GetTickFreq                                   build/stm32f3xx_hal.o
HAL_GetTickPrio                                   build/stm32f3xx_hal.o
HAL_GetUIDw0                                      build/stm32f3xx_hal.o
HAL_GetUIDw1                                      build/stm32f3xx_hal.o
HAL_GetUIDw2                                      build/stm32f3xx_hal.o
HAL_I2CEx_ConfigAnalogFilter                      build/stm32f3xx_hal_i2c_ex.o
HAL_I2CEx_ConfigDigitalFilter                     build/stm32f3xx_hal_i2c_ex.o
HAL_I2CEx_DisableFastModePlus                     build/stm32f3xx_hal_i2c_ex.o
HAL_I2CEx_DisableWakeUp                           build/stm32f3xx_hal_i2c_ex.o
HAL_I2CEx_EnableFastModePlus                      build/stm32f3xx_hal_i2c_ex.o
HAL_I2CEx_EnableWakeUp                            build/stm32f3xx_hal_i2c_ex.o
HAL_I2C_AbortCpltCallback                         build/stm32f3xx_hal_i2c.o
HAL_I2C_AddrCallback                              build/stm32f3xx_hal_i2c.o
HAL_I2C_DeInit                                    build/stm32f3xx_hal_i2c.o
HAL_I2C_DisableListen_IT                          build/stm32f3xx_hal_i2c.o
HAL_I2C_ER_IRQHandler                             build/stm32f3xx_hal_i2c.o
HAL_I2C_EV_IRQHandler                             build/stm32f3xx_hal_i2c.o
HAL_I2C_EnableListen_IT                           build/stm32f3xx_hal_i2c.o
HAL_I2C_ErrorCallback                             build/stm32f3xx_hal_i2c.o
HAL_I2C_GetError                                  build/stm32f3xx_hal_i2c.o
HAL_I2C_GetMode                                   build/stm32f3xx_hal_i2c.o
HAL_I2C_GetState                                  build/stm32f3xx_hal_i2c.o
HAL_I2C_Init                                      build/stm32f3xx_hal_i2c.o
HAL_I2C_IsDeviceReady                             build/stm32f3xx_hal_i2c.o
HAL_I2C_ListenCpltCallback                        build/stm32f3xx_hal_i2c.o
HAL_I2C_MasterRxCpltCallback                      build/stm32f3xx_hal_i2c.o
HAL_I2C_MasterTxCpltCallback                      build/stm32f3xx_hal_i2c.o
HAL_I2C_Master_Abort_IT                           build/stm32f3xx_hal_i2c.o
HAL_I2C_Master_Receive                            build/stm32f3xx_hal_i2c.o
HAL_I2C_Master_Receive_DMA                        build/stm32f3xx_hal_i2c.o
HAL_I2C_Master_Receive_IT                         build/stm32f3xx_hal_i2c.o
HAL_I2C_Master_Sequential_Receive_IT              build/stm32f3xx_hal_i2c.o
HAL_I2C_Master_Sequential_Transmit_IT             build/stm32f3xx_hal_i2c.o
HAL_I2C_Master_Transmit                           build/stm32f3xx_hal_i2c.o
HAL_I2C_Master_Transmit_DMA                       build/stm32f3xx_hal_i2c.o
HAL_I2C_Master_Transmit_IT                        build/stm32f3xx_hal_i2c.o
HAL_I2C_MemRxCpltCallback                         build/stm32f3xx_hal_i2c.o
HAL_I2C_MemTxCpltCallback                         build/stm32f3xx_hal_i2c.o
HAL_I2C_Mem_Read                                  build/stm32f3xx_hal_i2c.o
HAL_I2C_Mem_Read_DMA                              build/stm32f3xx_hal_i2c.o
HAL_I2C_Mem_Read_IT                               build/stm32f3xx_hal_i2c.o
HAL_I2C_Mem_Write                                 build/stm32f3xx_hal_i2c.o
HAL_I2C_Mem_Write_DMA                             build/stm32f3xx_hal_i2c.o
HAL_I2C_Mem_Write_IT                              build/stm32f3xx_hal_i2c.o
HAL_I2C_MspDeInit                                 build/stm32f3xx_hal_i2c.o
HAL_I2C_MspInit                                   build/stm32f3xx_hal_i2c.o
HAL_I2C_SlaveRxCpltCallback                       build/stm32f3xx_hal_i2c.o
HAL_I2C_SlaveTxCpltCallback                       build/stm32f3xx_hal_i2c.o
HAL_I2C_Slave_Receive                             build/stm32f3xx_hal_i2c.o
HAL_I2C_Slave_Receive_DMA                         build/stm32f3xx_hal_i2c.o
HAL_I2C_Slave_Receive_IT                          build/stm32f3xx_hal_i2c.o
HAL_I2C_Slave_Sequential_Receive_IT               build/stm32f3xx_hal_i2c.o
HAL_I2C_Slave_Sequential_Transmit_IT              build/stm32f3xx_hal_i2c.o
HAL_I2C_Slave_Transmit                            build/stm32f3xx_hal_i2c.o
HAL_I2C_Slave_Transmit_DMA                        build/stm32f3xx_hal_i2c.o
HAL_I2C_Slave_Transmit_IT                         build/stm32f3xx_hal_i2c.o
HAL_IncTick                                       build/stm32f3xx_hal.o
                                                  build/stm32f3xx_it.o
HAL_Init                                          build/stm32f3xx_hal.o
                                                  build/main.o
HAL_InitTick                                      build/stm32f3xx_hal.o
                                                  build/stm32f3xx_hal_rcc.o
HAL_MPU_ConfigRegion                              build/stm32f3xx_hal_cortex.o
HAL_MPU_Disable                                   build/stm32f3xx_hal_cortex.o
HAL_MPU_Enable                                    build/stm32f3xx_hal_cortex.o
HAL_MspDeInit                                     build/stm32f3xx_hal.o
HAL_MspInit                                       build/stm32f3xx_hal_msp.o
HAL_NVIC_ClearPendingIRQ                          build/stm32f3xx_hal_cortex.o
HAL_NVIC_DisableIRQ                               build/stm32f3xx_hal_cortex.o
                                                  build/can.o
HAL_NVIC_EnableIRQ                                build/stm32f3xx_hal_cortex.o
                                                  build/dma.o
                                                  build/can.o
HAL_NVIC_GetActive                                build/stm32f3xx_hal_cortex.o
HAL_NVIC_GetPendingIRQ                            build/stm32f3xx_hal_cortex.o
HAL_NVIC_GetPriority                              build/stm32f3xx_hal_cortex.o
HAL_NVIC_GetPriorityGrouping                      build/stm32f3xx_hal_cortex.o
HAL_NVIC_SetPendingIRQ                            build/stm32f3xx_hal_cortex.o
HAL_NVIC_SetPriority                              build/stm32f3xx_hal_cortex.o
                                                  build/stm32f3xx_hal.o
                                                  build/dma.o
                                                  build/can.o
HAL_NVIC_SetPriorityGrouping                      build/stm32f3xx_hal_cortex.o
                                                  build/stm32f3xx_hal.o
HAL_NVIC_SystemReset                              build/stm32f3xx_hal_cortex.o
HAL_PWREx_DisableSDADC                            build/stm32f3xx_hal_pwr_ex.o
HAL_PWREx_EnableSDADC                             build/stm32f3xx_hal_pwr_ex.o
                                                  build/main.o
HAL_PWR_ConfigPVD                                 build/stm32f3xx_hal_pwr_ex.o
HAL_PWR_DeInit                                    build/stm32f3xx_hal_pwr.o
HAL_PWR_DisableBkUpAccess                         build/stm32f3xx_hal_pwr.o
HAL_PWR_DisablePVD                                build/stm32f3xx_hal_pwr_ex.o
HAL_PWR_DisableSEVOnPend                          build/stm32f3xx_hal_pwr.o
HAL_PWR_DisableSleepOnExit                        build/stm32f3xx_hal_pwr.o
HAL_PWR_DisableWakeUpPin                          build/stm32f3xx_hal_pwr.o
HAL_PWR_EnableBkUpAccess                          build/stm32f3xx_hal_pwr.o
HAL_PWR_EnablePVD                                 build/stm32f3xx_hal_pwr_ex.o
HAL_PWR_EnableSEVOnPend                           build/stm32f3xx_hal_pwr.o
HAL_PWR_EnableSleepOnExit                         build/stm32f3xx_hal_pwr.o
HAL_PWR_EnableWakeUpPin                           build/stm32f3xx_hal_pwr.o
HAL_PWR_EnterSLEEPMode                            build/stm32f3xx_hal_pwr.o
HAL_PWR_EnterSTANDBYMode                          build/stm32f3xx_hal_pwr.o
HAL_PWR_EnterSTOPMode                             build/stm32f3xx_hal_pwr.o
HAL_PWR_PVDCallback                               build/stm32f3xx_hal_pwr_ex.o
HAL_PWR_PVD_IRQHandler                            build/stm32f3xx_hal_pwr_ex.o
HAL_RCCEx_GetPeriphCLKConfig                      build/stm32f3xx_hal_rcc_ex.o
HAL_RCCEx_GetPeriphCLKFreq                        build/stm32f3xx_hal_rcc_ex.o
HAL_RCCEx_PeriphCLKConfig                         build/stm32f3xx_hal_rcc_ex.o
                                                  build/main.o
HAL_RCC_CSSCallback                               build/stm32f3xx_hal_rcc.o
HAL_RCC_ClockConfig                               build/stm32f3xx_hal_rcc.o
                                                  build/main.o
HAL_RCC_DeInit                                    build/stm32f3xx_hal_rcc.o
HAL_RCC_DisableCSS                                build/stm32f3xx_hal_rcc.o
HAL_RCC_EnableCSS                                 build/stm32f3xx_hal_rcc.o
HAL_RCC_GetClockConfig                            build/stm32f3xx_hal_rcc.o
HAL_RCC_GetHCLKFreq                               build/stm32f3xx_hal_rcc.o
HAL_RCC_GetOscConfig                              build/stm32f3xx_hal_rcc.o
HAL_RCC_GetPCLK1Freq                              build/stm32f3xx_hal_rcc.o
                                                  build/stm32f3xx_hal_rcc_ex.o
HAL_RCC_GetPCLK2Freq                              build/stm32f3xx_hal_rcc.o
                                                  build/stm32f3xx_hal_rcc_ex.o
HAL_RCC_GetSysClockFreq                           build/stm32f3xx_hal_rcc.o
                                                  build/stm32f3xx_hal_rcc_ex.o
HAL_RCC_MCOConfig                                 build/stm32f3xx_hal_rcc.o
HAL_RCC_NMI_IRQHandler                            build/stm32f3xx_hal_rcc.o
HAL_RCC_OscConfig                                 build/stm32f3xx_hal_rcc.o
                                                  build/main.o
HAL_ResumeTick                                    build/stm32f3xx_hal.o
HAL_SDADC_AssociateChannelConfig                  build/stm32f3xx_hal_sdadc.o
                                                  build/sdadc.o
HAL_SDADC_CalibrationCpltCallback                 build/stm32f3xx_hal_sdadc.o
HAL_SDADC_CalibrationStart                        build/stm32f3xx_hal_sdadc.o
                                                  build/sampling.o
HAL_SDADC_CalibrationStart_IT                     build/stm32f3xx_hal_sdadc.o
HAL_SDADC_ConfigChannel                           build/stm32f3xx_hal_sdadc.o
                                                  build/sdadc.o
HAL_SDADC_ConvCpltCallback                        build/sampling.o
                                                  build/stm32f3xx_hal_sdadc.o
HAL_SDADC_ConvHalfCpltCallback                    build/stm32f3xx_hal_sdadc.o
HAL_SDADC_DeInit                                  build/stm32f3xx_hal_sdadc.o
HAL_SDADC_ErrorCallback                           build/stm32f3xx_hal_sdadc.o
HAL_SDADC_GetError                                build/stm32f3xx_hal_sdadc.o
HAL_SDADC_GetState                                build/stm32f3xx_hal_sdadc.o
HAL_SDADC_GetValue                                build/stm32f3xx_hal_sdadc.o
HAL_SDADC_IRQHandler                              build/stm32f3xx_hal_sdadc.o
HAL_SDADC_Init                                    build/stm32f3xx_hal_sdadc.o
                                                  build/sdadc.o
HAL_SDADC_InjectedConfigChannel                   build/stm32f3xx_hal_sdadc.o
HAL_SDADC_InjectedConvCpltCallback                build/stm32f3xx_hal_sdadc.o
HAL_SDADC_InjectedConvHalfCpltCallback            build/stm32f3xx_hal_sdadc.o
HAL_SDADC_InjectedGetValue                        build/stm32f3xx_hal_sdadc.o
HAL_SDADC_InjectedMultiModeConfigChannel          build/stm32f3xx_hal_sdadc.o
HAL_SDADC_InjectedMultiModeGetValue               build/stm32f3xx_hal_sdadc.o
HAL_SDADC_InjectedMultiModeStart_DMA              build/stm32f3xx_hal_sdadc.o
HAL_SDADC_InjectedMultiModeStop_DMA               build/stm32f3xx_hal_sdadc.o
HAL_SDADC_InjectedStart                           build/stm32f3xx_hal_sdadc.o
HAL_SDADC_InjectedStart_DMA                       build/stm32f3xx_hal_sdadc.o
HAL_SDADC_InjectedStart_IT                        build/stm32f3xx_hal_sdadc.o
HAL_SDADC_InjectedStop                            build/stm32f3xx_hal_sdadc.o
HAL_SDADC_InjectedStop_DMA                        build/stm32f3xx_hal_sdadc.o
HAL_SDADC_InjectedStop_IT                         build/stm32f3xx_hal_sdadc.o
HAL_SDADC_MspDeInit                               build/sdadc.o
HAL_SDADC_MspInit                                 build/sdadc.o
HAL_SDADC_MultiModeConfigChannel                  build/stm32f3xx_hal_sdadc.o
HAL_SDADC_MultiModeGetValue                       build/stm32f3xx_hal_sdadc.o
HAL_SDADC_MultiModeStart_DMA                      build/stm32f3xx_hal_sdadc.o
HAL_SDADC_MultiModeStop_DMA                       build/stm32f3xx_hal_sdadc.o
HAL_SDADC_PollForCalibEvent                       build/stm32f3xx_hal_sdadc.o
                                                  build/sampling.o
HAL_SDADC_PollForConversion                       build/stm32f3xx_hal_sdadc.o
HAL_SDADC_PollForInjectedConversion               build/stm32f3xx_hal_sdadc.o
HAL_SDADC_PrepareChannelConfig                    build/stm32f3xx_hal_sdadc.o
                                                  build/sdadc.o
HAL_SDADC_SelectInjectedDelay                     build/stm32f3xx_hal_sdadc.o
HAL_SDADC_SelectInjectedExtTrigger                build/stm32f3xx_hal_sdadc.o
HAL_SDADC_SelectInjectedTrigger                   build/stm32f3xx_hal_sdadc.o
HAL_SDADC_SelectRegularTrigger                    build/stm32f3xx_hal_sdadc.o
                                                  build/sdadc.o
HAL_SDADC_Start                                   build/stm32f3xx_hal_sdadc.o
HAL_SDADC_Start_DMA                               build/stm32f3xx_hal_sdadc.o
                                                  build/sampling.o
HAL_SDADC_Start_IT                                build/stm32f3xx_hal_sdadc.o
HAL_SDADC_Stop                                    build/stm32f3xx_hal_sdadc.o
HAL_SDADC_Stop_DMA                                build/stm32f3xx_hal_sdadc.o
HAL_SDADC_Stop_IT                                 build/stm32f3xx_hal_sdadc.o
HAL_SYSTICK_CLKSourceConfig                       build/stm32f3xx_hal_cortex.o
HAL_SYSTICK_Callback                              build/stm32f3xx_hal_cortex.o
HAL_SYSTICK_Config                                build/stm32f3xx_hal_cortex.o
                                                  build/stm32f3xx_hal.o
HAL_SYSTICK_IRQHandler                            build/stm32f3xx_hal_cortex.o
HAL_SetTickFreq                                   build/stm32f3xx_hal.o
HAL_SuspendTick                                   build/stm32f3xx_hal.o
HardFault_Handler                                 build/stm32f3xx_it.o
I2C1_ER_IRQHandler                                build/startup_stm32f373xc.o
I2C1_EV_IRQHandler                                build/startup_stm32f373xc.o
I2C2_ER_IRQHandler                                build/startup_stm32f373xc.o
I2C2_EV_IRQHandler                                build/startup_stm32f373xc.o
MX_CAN_Init                                       build/can.o
                                                  build/main.o
MX_DAC1_Init                                      build/dac.o
                                                  build/main.o
MX_DMA_Init                                       build/dma.o
                                                  build/main.o
MX_GPIO_Init                                      build/gpio.o
                                                  build/main.o
MX_SDADC1_Init                                    build/sdadc.o
                                                  build/main.o
MX_SDADC3_Init                                    build/sdadc.o
                                                  build/main.o
MemManage_Handler                                 build/stm32f3xx_it.o
NMI_Handler                                       build/stm32f3xx_it.o
PVD_IRQHandler                                    build/startup_stm32f373xc.o
PendSV_Handler                                    build/stm32f3xx_it.o
RCC_IRQHandler                                    build/startup_stm32f373xc.o
RTC_Alarm_IRQHandler                              build/startup_stm32f373xc.o
RTC_WKUP_IRQHandler                               build/startup_stm32f373xc.o
Reset_Handler                                     build/startup_stm32f373xc.o
SDADC1_IRQHandler                                 build/startup_stm32f373xc.o
SDADC2_IRQHandler                                 build/startup_stm32f373xc.o
SDADC3_IRQHandler                                 build/startup_stm32f373xc.o
SPI1_IRQHandler                                   build/startup_stm32f373xc.o
SPI2_IRQHandler                                   build/startup_stm32f373xc.o
SPI3_IRQHandler                                   build/startup_stm32f373xc.o
SVC_Handler                                       build/stm32f3xx_it.o
SysTick_Handler                                   build/stm32f3xx_it.o
SystemClock_Config                                build/main.o
SystemCoreClock                                   build/system_stm32f3xx.o
                                                  build/stm32f3xx_hal_rcc_ex.o
                                                  build/stm32f3xx_hal_rcc.o
                                                  build/stm32f3xx_hal.o
SystemCoreClockUpdate                             build/system_stm32f3xx.o
SystemInit                                        build/system_stm32f3xx.o
                                                  build/startup_stm32f373xc.o
TAMP_STAMP_IRQHandler                             build/startup_stm32f373xc.o
TIM12_IRQHandler                                  build/startup_stm32f373xc.o
TIM13_IRQHandler                                  build/startup_stm32f373xc.o
TIM14_IRQHandler                                  build/startup_stm32f373xc.o
TIM15_IRQHandler                                  build/startup_stm32f373xc.o
TIM16_IRQHandler                                  build/startup_stm32f373xc.o
TIM17_IRQHandler                                  build/startup_stm32f373xc.o
TIM18_DAC2_IRQHandler                             build/startup_stm32f373xc.o
TIM19_IRQHandler                                  build/startup_stm32f373xc.o
TIM2_IRQHandler                                   build/startup_stm32f373xc.o
TIM3_IRQHandler                                   build/startup_stm32f373xc.o
TIM4_IRQHandler                                   build/startup_stm32f373xc.o
TIM5_IRQHandler                                   build/startup_stm32f373xc.o
TIM6_DAC1_IRQHandler                              build/startup_stm32f373xc.o
TIM7_IRQHandler                                   build/startup_stm32f373xc.o
USART1_IRQHandler                                 build/startup_stm32f373xc.o
USART2_IRQHandler                                 build/startup_stm32f373xc.o
USART3_IRQHandler                                 build/startup_stm32f373xc.o
USBWakeUp_IRQHandler                              build/startup_stm32f373xc.o
USB_HP_IRQHandler                                 build/startup_stm32f373xc.o
USB_LP_IRQHandler                                 build/startup_stm32f373xc.o
UsageFault_Handler                                build/stm32f3xx_it.o
WWDG_IRQHandler                                   build/startup_stm32f373xc.o
__adddf3                                          /home/alex/opt/gcc-arm-none-eabi-8-2018-q4-major/bin/../lib/gcc/arm-none-eabi/8.2.1/thumb/v7e-m+fp/hard/libgcc.a(_arm_addsubdf3.o)
__aeabi_d2f                                       /home/alex/opt/gcc-arm-none-eabi-8-2018-q4-major/bin/../lib/gcc/arm-none-eabi/8.2.1/thumb/v7e-m+fp/hard/libgcc.a(_arm_truncdfsf2.o)
                                                  build/sampling.o
__aeabi_dadd                                      /home/alex/opt/gcc-arm-none-eabi-8-2018-q4-major/bin/../lib/gcc/arm-none-eabi/8.2.1/thumb/v7e-m+fp/hard/libgcc.a(_arm_addsubdf3.o)
                                                  build/sampling.o
__aeabi_ddiv                                      /home/alex/opt/gcc-arm-none-eabi-8-2018-q4-major/bin/../lib/gcc/arm-none-eabi/8.2.1/thumb/v7e-m+fp/hard/libgcc.a(_arm_muldivdf3.o)
                                                  build/sampling.o
__aeabi_dmul                                      /home/alex/opt/gcc-arm-none-eabi-8-2018-q4-major/bin/../lib/gcc/arm-none-eabi/8.2.1/thumb/v7e-m+fp/hard/libgcc.a(_arm_muldivdf3.o)
__aeabi_drsub                                     /home/alex/opt/gcc-arm-none-eabi-8-2018-q4-major/bin/../lib/gcc/arm-none-eabi/8.2.1/thumb/v7e-m+fp/hard/libgcc.a(_arm_addsubdf3.o)
__aeabi_dsub                                      /home/alex/opt/gcc-arm-none-eabi-8-2018-q4-major/bin/../lib/gcc/arm-none-eabi/8.2.1/thumb/v7e-m+fp/hard/libgcc.a(_arm_addsubdf3.o)
__aeabi_f2d                                       /home/alex/opt/gcc-arm-none-eabi-8-2018-q4-major/bin/../lib/gcc/arm-none-eabi/8.2.1/thumb/v7e-m+fp/hard/libgcc.a(_arm_addsubdf3.o)
__aeabi_i2d                                       /home/alex/opt/gcc-arm-none-eabi-8-2018-q4-major/bin/../lib/gcc/arm-none-eabi/8.2.1/thumb/v7e-m+fp/hard/libgcc.a(_arm_addsubdf3.o)
                                                  build/sampling.o
__aeabi_l2d                                       /home/alex/opt/gcc-arm-none-eabi-8-2018-q4-major/bin/../lib/gcc/arm-none-eabi/8.2.1/thumb/v7e-m+fp/hard/libgcc.a(_arm_addsubdf3.o)
__aeabi_ui2d                                      /home/alex/opt/gcc-arm-none-eabi-8-2018-q4-major/bin/../lib/gcc/arm-none-eabi/8.2.1/thumb/v7e-m+fp/hard/libgcc.a(_arm_addsubdf3.o)
__aeabi_ul2d                                      /home/alex/opt/gcc-arm-none-eabi-8-2018-q4-major/bin/../lib/gcc/arm-none-eabi/8.2.1/thumb/v7e-m+fp/hard/libgcc.a(_arm_addsubdf3.o)
__bss_end__                                       /home/alex/opt/gcc-arm-none-eabi-8-2018-q4-major/bin/../lib/gcc/arm-none-eabi/8.2.1/../../../../arm-none-eabi/lib/thumb/v7e-m+fp/hard/crt0.o
__bss_start__                                     /home/alex/opt/gcc-arm-none-eabi-8-2018-q4-major/bin/../lib/gcc/arm-none-eabi/8.2.1/../../../../arm-none-eabi/lib/thumb/v7e-m+fp/hard/crt0.o
__call_exitprocs                                  /home/alex/opt/gcc-arm-none-eabi-8-2018-q4-major/bin/../lib/gcc/arm-none-eabi/8.2.1/../../../../arm-none-eabi/lib/thumb/v7e-m+fp/hard/libc_nano.a(lib_a-exit.o)
__deregister_frame_info                           /home/alex/opt/gcc-arm-none-eabi-8-2018-q4-major/bin/../lib/gcc/arm-none-eabi/8.2.1/thumb/v7e-m+fp/hard/crtbegin.o
__divdf3                                          /home/alex/opt/gcc-arm-none-eabi-8-2018-q4-major/bin/../lib/gcc/arm-none-eabi/8.2.1/thumb/v7e-m+fp/hard/libgcc.a(_arm_muldivdf3.o)
__dso_handle                                      /home/alex/opt/gcc-arm-none-eabi-8-2018-q4-major/bin/../lib/gcc/arm-none-eabi/8.2.1/thumb/v7e-m+fp/hard/crtbegin.o
__extendsfdf2                                     /home/alex/opt/gcc-arm-none-eabi-8-2018-q4-major/bin/../lib/gcc/arm-none-eabi/8.2.1/thumb/v7e-m+fp/hard/libgcc.a(_arm_addsubdf3.o)
__floatdidf                                       /home/alex/opt/gcc-arm-none-eabi-8-2018-q4-major/bin/../lib/gcc/arm-none-eabi/8.2.1/thumb/v7e-m+fp/hard/libgcc.a(_arm_addsubdf3.o)
__floatsidf                                       /home/alex/opt/gcc-arm-none-eabi-8-2018-q4-major/bin/../lib/gcc/arm-none-eabi/8.2.1/thumb/v7e-m+fp/hard/libgcc.a(_arm_addsubdf3.o)
__floatundidf                                     /home/alex/opt/gcc-arm-none-eabi-8-2018-q4-major/bin/../lib/gcc/arm-none-eabi/8.2.1/thumb/v7e-m+fp/hard/libgcc.a(_arm_addsubdf3.o)
__floatunsidf                                     /home/alex/opt/gcc-arm-none-eabi-8-2018-q4-major/bin/../lib/gcc/arm-none-eabi/8.2.1/thumb/v7e-m+fp/hard/libgcc.a(_arm_addsubdf3.o)
__init_array_end                                  /home/alex/opt/gcc-arm-none-eabi-8-2018-q4-major/bin/../lib/gcc/arm-none-eabi/8.2.1/../../../../arm-none-eabi/lib/thumb/v7e-m+fp/hard/libc_nano.a(lib_a-init.o)
__init_array_start                                /home/alex/opt/gcc-arm-none-eabi-8-2018-q4-major/bin/../lib/gcc/arm-none-eabi/8.2.1/../../../../arm-none-eabi/lib/thumb/v7e-m+fp/hard/libc_nano.a(lib_a-init.o)
__libc_fini_array                                 /home/alex/opt/gcc-arm-none-eabi-8-2018-q4-major/bin/../lib/gcc/arm-none-eabi/8.2.1/../../../../arm-none-eabi/lib/thumb/v7e-m+fp/hard/crt0.o
__libc_init_array                                 /home/alex/opt/gcc-arm-none-eabi-8-2018-q4-major/bin/../lib/gcc/arm-none-eabi/8.2.1/../../../../arm-none-eabi/lib/thumb/v7e-m+fp/hard/libc_nano.a(lib_a-init.o)
                                                  build/startup_stm32f373xc.o
                                                  /home/alex/opt/gcc-arm-none-eabi-8-2018-q4-major/bin/../lib/gcc/arm-none-eabi/8.2.1/../../../../arm-none-eabi/lib/thumb/v7e-m+fp/hard/crt0.o
__muldf3                                          /home/alex/opt/gcc-arm-none-eabi-8-2018-q4-major/bin/../lib/gcc/arm-none-eabi/8.2.1/thumb/v7e-m+fp/hard/libgcc.a(_arm_muldivdf3.o)
__preinit_array_end                               /home/alex/opt/gcc-arm-none-eabi-8-2018-q4-major/bin/../lib/gcc/arm-none-eabi/8.2.1/../../../../arm-none-eabi/lib/thumb/v7e-m+fp/hard/libc_nano.a(lib_a-init.o)
__preinit_array_start                             /home/alex/opt/gcc-arm-none-eabi-8-2018-q4-major/bin/../lib/gcc/arm-none-eabi/8.2.1/../../../../arm-none-eabi/lib/thumb/v7e-m+fp/hard/libc_nano.a(lib_a-init.o)
__register_frame_info                             /home/alex/opt/gcc-arm-none-eabi-8-2018-q4-major/bin/../lib/gcc/arm-none-eabi/8.2.1/thumb/v7e-m+fp/hard/crtbegin.o
__sf_fake_stderr                                  /home/alex/opt/gcc-arm-none-eabi-8-2018-q4-major/bin/../lib/gcc/arm-none-eabi/8.2.1/../../../../arm-none-eabi/lib/thumb/v7e-m+fp/hard/libc_nano.a(lib_a-impure.o)
__sf_fake_stdin                                   /home/alex/opt/gcc-arm-none-eabi-8-2018-q4-major/bin/../lib/gcc/arm-none-eabi/8.2.1/../../../../arm-none-eabi/lib/thumb/v7e-m+fp/hard/libc_nano.a(lib_a-impure.o)
__sf_fake_stdout                                  /home/alex/opt/gcc-arm-none-eabi-8-2018-q4-major/bin/../lib/gcc/arm-none-eabi/8.2.1/../../../../arm-none-eabi/lib/thumb/v7e-m+fp/hard/libc_nano.a(lib_a-impure.o)
__stack                                           /home/alex/opt/gcc-arm-none-eabi-8-2018-q4-major/bin/../lib/gcc/arm-none-eabi/8.2.1/../../../../arm-none-eabi/lib/thumb/v7e-m+fp/hard/crt0.o
__subdf3                                          /home/alex/opt/gcc-arm-none-eabi-8-2018-q4-major/bin/../lib/gcc/arm-none-eabi/8.2.1/thumb/v7e-m+fp/hard/libgcc.a(_arm_addsubdf3.o)
__truncdfsf2                                      /home/alex/opt/gcc-arm-none-eabi-8-2018-q4-major/bin/../lib/gcc/arm-none-eabi/8.2.1/thumb/v7e-m+fp/hard/libgcc.a(_arm_truncdfsf2.o)
_ebss                                             build/startup_stm32f373xc.o
_edata                                            build/startup_stm32f373xc.o
_estack                                           build/startup_stm32f373xc.o
_exit                                             /home/alex/opt/gcc-arm-none-eabi-8-2018-q4-major/bin/../lib/gcc/arm-none-eabi/8.2.1/../../../../arm-none-eabi/lib/thumb/v7e-m+fp/hard/libnosys.a(_exit.o)
                                                  /home/alex/opt/gcc-arm-none-eabi-8-2018-q4-major/bin/../lib/gcc/arm-none-eabi/8.2.1/../../../../arm-none-eabi/lib/thumb/v7e-m+fp/hard/libc_nano.a(lib_a-exit.o)
_fini                                             /home/alex/opt/gcc-arm-none-eabi-8-2018-q4-major/bin/../lib/gcc/arm-none-eabi/8.2.1/thumb/v7e-m+fp/hard/crti.o
_global_impure_ptr                                /home/alex/opt/gcc-arm-none-eabi-8-2018-q4-major/bin/../lib/gcc/arm-none-eabi/8.2.1/../../../../arm-none-eabi/lib/thumb/v7e-m+fp/hard/libc_nano.a(lib_a-impure.o)